
======================================================================
≡ƒº¬  MANUL ENGINE LABORATORY ΓÇö The Chaos Chamber (80 tests)
======================================================================
    Γä╣∩╕Å  No model configured ΓÇö running in heuristics-only mode (AI disabled).
    ≡ƒÄ¢∩╕Å  Custom controls loaded: demo_custom.py

≡ƒº¼ 1
   ≡ƒÉ╛ Step : Fill 'Suggession Class' field with 'Ukraine'
    ΓÜÖ∩╕Å  DOM HEURISTICS: High confidence match (score 116845)
   Γ£à PASSED  ΓåÆ 'trap_legend_input'

≡ƒº¼ 2
   ≡ƒÉ╛ Step : Select 'Option 1' from the 'Dropdown' list
    ΓÜÖ∩╕Å  DOM HEURISTICS: High confidence match (score 183617)
   Γ£à PASSED  ΓåÆ 'trap_phantom_select'

≡ƒº¼ 3
   ≡ƒÉ╛ Step : Click the 'Submit Login' button
    ΓÜÖ∩╕Å  DOM HEURISTICS: High confidence match (score 155840)
   Γ£à PASSED  ΓåÆ 'trap_real_btn'

≡ƒº¼ 4
   ≡ƒÉ╛ Step : Fill 'Cyber Password' field with 'secret'
    ΓÜÖ∩╕Å  DOM HEURISTICS: Context reuse match (score 17394)
   Γ£à PASSED  ΓåÆ 'trap_shadow_input'

≡ƒº¼ 5
   ≡ƒÉ╛ Step : Click the 'Close Window' button
    ΓÜÖ∩╕Å  DOM HEURISTICS: High confidence match (score 104845)
   Γ£à PASSED  ΓåÆ 'trap_aria_btn'

≡ƒº¼ 6
   ≡ƒÉ╛ Step : Click the 'Save' button
    ΓÜÖ∩╕Å  DOM HEURISTICS: High confidence match (score 104578)
   Γ£à PASSED  ΓåÆ 'trap_btn_exact'

≡ƒº¼ 7
   ≡ƒÉ╛ Step : Click the checkbox for 'Accept Terms'
    ΓÜÖ∩╕Å  DOM HEURISTICS: High confidence match (score 103867)
   Γ£à PASSED  ΓåÆ 'trap_opacity_chk'

≡ƒº¼ 8
   ≡ƒÉ╛ Step : Fill 'Secret Token' field with '123'
    ΓÜÖ∩╕Å  DOM HEURISTICS: High confidence match (score 166845)
   Γ£à PASSED  ΓåÆ 'trap_placeholder_input'

≡ƒº¼ 9
   ≡ƒÉ╛ Step : Click the radio button for 'No'
    ΓÜÖ∩╕Å  DOM HEURISTICS: High confidence match (score 115045)
   Γ£à PASSED  ΓåÆ 'trap_radio_no'

≡ƒº¼ 10
   ≡ƒÉ╛ Step : Click the checkbox for 'Remember Me'
    ΓÜÖ∩╕Å  DOM HEURISTICS: High confidence match (score 153734)
   Γ£à PASSED  ΓåÆ 'trap_role_chk'

≡ƒº¼ 11
   ≡ƒÉ╛ Step : Click the 'Confirm Order' button
    ΓÜÖ∩╕Å  DOM HEURISTICS: High confidence match (score 134578)
   Γ£à PASSED  ΓåÆ 'trap_qa_btn'

≡ƒº¼ 12
   ≡ƒÉ╛ Step : Click the 'Register Portal' link
    ΓÜÖ∩╕Å  DOM HEURISTICS: High confidence match (score 103956)
   Γ£à PASSED  ΓåÆ 'trap_link_login'

≡ƒº¼ 13
   ≡ƒÉ╛ Step : Fill 'Email' field in the Login Form section with 'ghost@manul.ai'
    ΓÜÖ∩╕Å  DOM HEURISTICS: High confidence match (score 132283)
   Γ£à PASSED  ΓåÆ 'trap_section_login'

≡ƒº¼ 14
   ≡ƒÉ╛ Step : Click the search button
    ΓÜÖ∩╕Å  DOM HEURISTICS: Context reuse match (score 16933)
   Γ£à PASSED  ΓåÆ 'trap_icon_search'

≡ƒº¼ 15
   ≡ƒÉ╛ Step : Click the 'Submit' button
    ΓÜÖ∩╕Å  DOM HEURISTICS: High confidence match (score 104578)
   Γ£à PASSED  ΓåÆ 'trap_enabled_btn'

≡ƒº¼ 16
   ≡ƒÉ╛ Step : Fill 'Quantity' field with '5'
    ΓÜÖ∩╕Å  DOM HEURISTICS: High confidence match (score 116667)
   Γ£à PASSED  ΓåÆ 'trap_qty_input'

≡ƒº¼ 17
   ≡ƒÉ╛ Step : Click the checkbox for 'Newsletter'
    ΓÜÖ∩╕Å  DOM HEURISTICS: High confidence match (score 104556)
   Γ£à PASSED  ΓåÆ 'trap_newsletter_chk'

≡ƒº¼ 18
   ≡ƒÉ╛ Step : Click the 'Delete' button for the selected item
    ΓÜÖ∩╕Å  DOM HEURISTICS: High confidence match (score 118533)
   Γ£à PASSED  ΓåÆ 'trap_delete_selected'

≡ƒº¼ 19
   ≡ƒÉ╛ Step : Fill 'Promo Code' field with 'MANUL2025'
    ΓÜÖ∩╕Å  DOM HEURISTICS: High confidence match (score 116845)
   Γ£à PASSED  ΓåÆ 'trap_readonly_input'

≡ƒº¼ 20
   ≡ƒÉ╛ Step : Click the 'Settings' button
    ΓÜÖ∩╕Å  DOM HEURISTICS: High confidence match (score 104622)
   Γ£à PASSED  ΓåÆ 'trap_title_btn'

≡ƒº¼ 21
   ≡ƒÉ╛ Step : Click the 'Download' button
    ΓÜÖ∩╕Å  DOM HEURISTICS: High confidence match (score 105445)
   Γ£à PASSED  ΓåÆ 'trap_download_btn'

≡ƒº¼ 22
   ≡ƒÉ╛ Step : Fill the 'password' field with 'hunter2'
    ΓÜÖ∩╕Å  DOM HEURISTICS: High confidence match (score 174134)
   Γ£à PASSED  ΓåÆ 'trap_pw_pass'

≡ƒº¼ 23
   ≡ƒÉ╛ Step : Fill 'Card Number' field with '4242 4242 4242 4242'
    ΓÜÖ∩╕Å  DOM HEURISTICS: High confidence match (score 137600)
   Γ£à PASSED  ΓåÆ 'trap_float_input'

≡ƒº¼ 24
   ≡ƒÉ╛ Step : Select the checkbox for product 'Laptop'
    ΓÜÖ∩╕Å  DOM HEURISTICS: High confidence match (score 56556)
   Γ£à PASSED  ΓåÆ 'trap_chk_laptop'

≡ƒº¼ 25. Optional hidden
   ≡ƒÉ╛ Step : Click the 'Accept Cookies' button if exists
    ΓÜÖ∩╕Å  DOM HEURISTICS: High confidence match (score 6400)
    ≡ƒû▒∩╕Å  Clicked 'Edit Profile'
   Γ£à PASSED  ΓåÆ Optional skipped

≡ƒº¼ 26. Optional 0x0
   ≡ƒÉ╛ Step : Click the 'Close Ad' button if exists
    ΓÜÖ∩╕Å  DOM HEURISTICS: High confidence match (score 6400)
    ≡ƒû▒∩╕Å  Clicked 'Edit Profile'
   Γ£à PASSED  ΓåÆ Optional skipped

≡ƒº¼ 27. Decoy optional
   ≡ƒÉ╛ Step : Fill 'Promotion Code if exists' field with 'DISCOUNT'
    ΓÜÖ∩╕Å  DOM HEURISTICS: High confidence match (score 108133)
    Γî¿∩╕Å  Typed 'DISCOUNT' ΓåÆ 'Promotion Code if exists -> trap_promo_optional_input input text'
    ΓÜÖ∩╕Å  DOM HEURISTICS: High confidence match (score 117022)
   Γ£à PASSED  ΓåÆ 'trap_promo_optional_input' (Decoy bypass)

≡ƒº¼ 28. Optional missing
   ≡ƒÉ╛ Step : Click the 'Dismiss Popup' button optional
    ΓÜÖ∩╕Å  DOM HEURISTICS: High confidence match (score 6400)
    ≡ƒû▒∩╕Å  Clicked 'Edit Profile'
   Γ£à PASSED  ΓåÆ Optional skipped

≡ƒº¼ 29
   ≡ƒÉ╛ Step : Check the 'Agree to Terms' checkbox
    ΓÜÖ∩╕Å  DOM HEURISTICS: High confidence match (score 104578)
   Γ£à PASSED  ΓåÆ 'trap_check_agree_chk'

≡ƒº¼ 30
   ≡ƒÉ╛ Step : Uncheck the 'Auto-Renew' checkbox
    ΓÜÖ∩╕Å  DOM HEURISTICS: High confidence match (score 104578)
   Γ£à PASSED  ΓåÆ 'trap_uncheck_renew_chk'

≡ƒº¼ 31
   ≡ƒÉ╛ Step : Select 'Urgent' from the 'Priority' dropdown
    ΓÜÖ∩╕Å  DOM HEURISTICS: High confidence match (score 184484)
   Γ£à PASSED  ΓåÆ 'trap_priority_select'

≡ƒº¼ 32
   ≡ƒÉ╛ Step : Click the 'Banner Ad' button if exists
    ΓÜÖ∩╕Å  DOM HEURISTICS: High confidence match (score 6400)
    ≡ƒû▒∩╕Å  Clicked 'Edit Profile'
   Γ£à PASSED  ΓåÆ Optional skipped

≡ƒº¼ 33
   ≡ƒÉ╛ Step : Fill 'Shipping Address' field with '456 Oak Ave'
    ΓÜÖ∩╕Å  DOM HEURISTICS: High confidence match (score 134400)
   Γ£à PASSED  ΓåÆ 'trap_dqa_ship'

≡ƒº¼ 34. JS Toggle
   ≡ƒÉ╛ Step : Check the 'Enable Notifications' checkbox
    ΓÜÖ∩╕Å  DOM HEURISTICS: High confidence match (score 104045)
    ≡ƒû▒∩╕Å  Clicked 'Enable Notifications -> trap_jsclick_chk input checkbox'
   Γ£à PASSED  ΓåÆ 'trap_jsclick_chk' checked=True

≡ƒº¼ 35. Textarea
   ≡ƒÉ╛ Step : Fill 'Address' textarea with 'Selenium Avenue, 42'
    ΓÜÖ∩╕Å  DOM HEURISTICS: High confidence match (score 135245)
   Γ£à PASSED  ΓåÆ 'trap_addr_textarea'

≡ƒº¼ 36. Exact match
   ≡ƒÉ╛ Step : Click the 'Click Me' button
    ΓÜÖ∩╕Å  DOM HEURISTICS: High confidence match (score 104845)
   Γ£à PASSED  ΓåÆ 'trap_singleclick_btn'

≡ƒº¼ 37. Date
   ≡ƒÉ╛ Step : Fill 'Start Date' field with '2026-01-01'
    ΓÜÖ∩╕Å  DOM HEURISTICS: High confidence match (score 127778)
   Γ£à PASSED  ΓåÆ 'trap_date_input'

≡ƒº¼ 38. Search
   ≡ƒÉ╛ Step : Fill 'Search Articles' field with 'Pallas cat'
    ΓÜÖ∩╕Å  DOM HEURISTICS: High confidence match (score 178222)
   Γ£à PASSED  ΓåÆ 'trap_search_input'

≡ƒº¼ 39. Paginator
   ≡ƒÉ╛ Step : Click on page '3' in the pagination list
    ΓÜÖ∩╕Å  DOM HEURISTICS: High confidence match (score 107756)
   Γ£à PASSED  ΓåÆ 'trap_page_3'

≡ƒº¼ 40. Days
   ≡ƒÉ╛ Step : Click the checkbox for 'Wednesday'
    ΓÜÖ∩╕Å  DOM HEURISTICS: High confidence match (score 103689)
   Γ£à PASSED  ΓåÆ 'trap_day_wed'

≡ƒº¼ 41. Select
   ≡ƒÉ╛ Step : Select 'Japan' from the 'Country' dropdown
    ΓÜÖ∩╕Å  DOM HEURISTICS: High confidence match (score 184484)
   Γ£à PASSED  ΓåÆ 'trap_country_select'

≡ƒº¼ 42. DblClick
   ≡ƒÉ╛ Step : DOUBLE CLICK the 'Double Click Me' button
    ΓÜÖ∩╕Å  DOM HEURISTICS: High confidence match (score 105022)
    ≡ƒû▒∩╕Å  Clicked 'Double Click Me'
   Γ£à PASSED  ΓåÆ 'trap_dblclick_btn' data-clicked='double'

≡ƒº¼ 43. Hover
   ≡ƒÉ╛ Step : HOVER over the 'Mouse Hover' button
    ΓÜÖ∩╕Å  DOM HEURISTICS: High confidence match (score 109022)
    ≡ƒÜü  Hovered 'Mouse Hover'
   Γ£à PASSED  ΓåÆ 'trap_hover_btn' data-hovered='yes'

≡ƒº¼ 44. Select flow
   ≡ƒÉ╛ Step : Select 'Japan' from the 'Country' dropdown
    ΓÜÖ∩╕Å  DOM HEURISTICS: High confidence match (score 184484)
   Γ£à PASSED  ΓåÆ 'trap_country_select' selected='Japan'

≡ƒº¼ 45. Check
   ≡ƒÉ╛ Step : Check the 'Accept Marketing' checkbox
    ΓÜÖ∩╕Å  DOM HEURISTICS: High confidence match (score 104045)
    ≡ƒû▒∩╕Å  Clicked 'Accept Marketing -> trap_toggle_chk input checkbox'
   Γ£à PASSED  ΓåÆ 'trap_toggle_chk' checked=True

≡ƒº¼ 46. Uncheck
   ≡ƒÉ╛ Step : Click the checkbox for 'Accept Marketing'
    ΓÜÖ∩╕Å  DOM HEURISTICS: High confidence match (score 103867)
    ≡ƒû▒∩╕Å  Clicked 'Accept Marketing -> trap_toggle_chk input checkbox'
   Γ£à PASSED  ΓåÆ 'trap_toggle_chk' checked=False

≡ƒº¼ 47
   ≡ƒÉ╛ Step : Fill 'Full Name' field with 'Ghost Manul'
    ΓÜÖ∩╕Å  DOM HEURISTICS: High confidence match (score 105289)
    Γî¿∩╕Å  Typed 'Ghost Manul' ΓåÆ 'Full Name -> norm_fullname input text'
   Γ£à PASSED  ΓåÆ 'norm_fullname' value='Ghost Manul'

≡ƒº¼ 48
   ≡ƒÉ╛ Step : Fill 'Work Email' field with 'ghost@manul.ai'
    ΓÜÖ∩╕Å  DOM HEURISTICS: High confidence match (score 115689)
    Γî¿∩╕Å  Typed 'ghost@manul.ai' ΓåÆ 'Work Email -> norm_email input email'
   Γ£à PASSED  ΓåÆ 'norm_email' value='ghost@manul.ai'

≡ƒº¼ 49
   ≡ƒÉ╛ Step : Fill 'API Token' field with 'SuperSecret123'
    ΓÜÖ∩╕Å  DOM HEURISTICS: High confidence match (score 105022)
    Γî¿∩╕Å  Typed 'SuperSecret123' ΓåÆ 'API Token -> norm_token input text'
   Γ£à PASSED  ΓåÆ 'norm_token' value='SuperSecret123'

≡ƒº¼ 50
   ≡ƒÉ╛ Step : Fill 'Comment' field with 'Great product, highly recommended'
    ΓÜÖ∩╕Å  DOM HEURISTICS: High confidence match (score 105445)
    Γî¿∩╕Å  Typed 'Great product, highly recommended' ΓåÆ 'Comment -> norm_comment'
   Γ£à PASSED  ΓåÆ 'norm_comment' value='Great product, highly recommended'

≡ƒº¼ 51
   ≡ƒÉ╛ Step : Click the 'Send Message' button
    ΓÜÖ∩╕Å  DOM HEURISTICS: High confidence match (score 104756)
    ≡ƒû▒∩╕Å  Clicked 'Send Message'
   Γ£à PASSED  ΓåÆ 'norm_submit_btn' data-done='yes'

≡ƒº¼ 52
   ≡ƒÉ╛ Step : Click the 'About Us' link
    ΓÜÖ∩╕Å  DOM HEURISTICS: High confidence match (score 104045)
   Γ£à PASSED  ΓåÆ 'norm_about_link'

≡ƒº¼ 53
   ≡ƒÉ╛ Step : Fill 'Coupon Code' field with 'MANUL2026'
    ΓÜÖ∩╕Å  DOM HEURISTICS: High confidence match (score 104756)
    Γî¿∩╕Å  Typed 'MANUL2026' ΓåÆ 'Coupon Code -> OLD input text'
   Γ£à PASSED  ΓåÆ 'norm_readonly' value='MANUL2026'

≡ƒº¼ 54
   ≡ƒÉ╛ Step : Fill 'Username' field with 'admin' and press Enter
    ΓÜÖ∩╕Å  DOM HEURISTICS: High confidence match (score 104578)
    Γî¿∩╕Å  Typed 'admin' ΓåÆ 'Username -> norm_login_user input text'
   Γ£à PASSED  ΓåÆ 'norm_login_user' data-submitted='yes'

≡ƒº¼ 55
   ≡ƒÉ╛ Step : Click the radio button for 'Female'
    ΓÜÖ∩╕Å  DOM HEURISTICS: High confidence match (score 115489)
    ≡ƒû▒∩╕Å  Clicked 'Female -> gender input radio'
   Γ£à PASSED  ΓåÆ 'norm_radio_female' checked=True

≡ƒº¼ 56
   ≡ƒÉ╛ Step : Check the 'I Agree' checkbox
    ΓÜÖ∩╕Å  DOM HEURISTICS: High confidence match (score 104133)
    ≡ƒû▒∩╕Å  Clicked 'I Agree -> norm_agree_chk input checkbox'
   Γ£à PASSED  ΓåÆ 'norm_agree_chk' checked=True

≡ƒº¼ 57. Verify checked
   ≡ƒÉ╛ Step : VERIFY that 'I Agree' is checked.
    ΓÜÖ∩╕Å  DOM HEURISTICS: Scanning for ['i agree'] [CHECKED]
    Γ£à Checkbox checked=True
   Γ£à PASSED  ΓåÆ VERIFY returned True

≡ƒº¼ 58
   ≡ƒÉ╛ Step : Select 'Blue' from the 'Favorite Color' dropdown
    ΓÜÖ∩╕Å  DOM HEURISTICS: High confidence match (score 83900)
   Γ£à PASSED  ΓåÆ 'norm_color_select' selected='Blue'

≡ƒº¼ 59. Verify Texts
   ≡ƒÉ╛ Step : VERIFY that 'Operation completed successfully' is present.
    ΓÜÖ∩╕Å  DOM HEURISTICS: Scanning for ['operation completed successfully']
    Γ£à Verified ΓÇö OK
   Γ£à PASSED  ΓåÆ VERIFY returned True
    ΓÜÖ∩╕Å  DOM HEURISTICS: Scanning for ['critical failure'] [MUST BE ABSENT]
    Γ£à Verified ABSENT ΓÇö OK
   Γ£à FOLLOWUP  ΓåÆ VERIFY NOT returned True

≡ƒº¼ 60. Extract Table
   ≡ƒÉ╛ Step : EXTRACT the Price of 'Monitor' into {monitor_price}
    ΓÜÖ∩╕Å  DOM HEURISTICS: Extracting data via JSΓÇª
    ≡ƒôª COLLECTED: $299
   Γ£à PASSED  ΓåÆ {monitor_price} = '$299'

≡ƒº¼ 61. Tailwind Button
   ≡ƒôï Messy Tailwind utility classes on a standard button.
   ≡ƒÉ╛ Step : Click the 'Deploy Application' button
    ΓÜÖ∩╕Å  DOM HEURISTICS: High confidence match (score 104756)
   Γ£à PASSED  ΓåÆ 'rw_tw_btn'

≡ƒº¼ 62. SVG Profile (ARIA)
   ≡ƒôï Button has no text, only an SVG icon and aria-label. Very common in modern navbars.
   ≡ƒÉ╛ Step : Click the 'User Profile' button
    ΓÜÖ∩╕Å  DOM HEURISTICS: High confidence match (score 155467)
   Γ£à PASSED  ΓåÆ 'rw_svg_profile'

≡ƒº¼ 63. Screen Reader Only Text
   ≡ƒôï Text is visually hidden via CSS (sr-only), but engine should still find and associate it.
   ≡ƒÉ╛ Step : Click the 'View Notifications' button
    ΓÜÖ∩╕Å  DOM HEURISTICS: High confidence match (score 5556)
   Γ£à PASSED  ΓåÆ 'rw_sr_bell'

≡ƒº¼ 64. Custom Switch Role
   ≡ƒôï Div acting as a switch via role='switch'. Engine must recognize it as a valid toggle.
   ≡ƒÉ╛ Step : Click the 'Dark Mode' switch
    ΓÜÖ∩╕Å  DOM HEURISTICS: High confidence match (score 157956)
   Γ£à PASSED  ΓåÆ 'rw_custom_switch'

≡ƒº¼ 65. ContentEditable Field
   ≡ƒôï Rich text editor div with contenteditable='true'. Must be detected as an input field.
   ≡ƒÉ╛ Step : Fill 'Message Body' field with 'Hello from Manul'
    ΓÜÖ∩╕Å  DOM HEURISTICS: High confidence match (score 164089)
   Γ£à PASSED  ΓåÆ 'rw_wysiwyg'

≡ƒº¼ 66. Hidden File Upload Label
   ≡ƒôï Real input is hidden. User asks to click 'Upload Resume'. Should target the label.
   ≡ƒÉ╛ Step : Click the 'Upload Resume' button
    ΓÜÖ∩╕Å  DOM HEURISTICS: High confidence match (score 134622)
   Γ£à PASSED  ΓåÆ 'rw_file_label'

≡ƒº¼ 67. Table Action by Test-ID
   ≡ƒôï Disambiguate a generic 'Edit' action inside a table using a specific data-testid.
   ≡ƒÉ╛ Step : Click the 'Edit Profile' button
    ΓÜÖ∩╕Å  DOM HEURISTICS: High confidence match (score 108489)
   Γ£à PASSED  ΓåÆ 'rw_edit_profile'

≡ƒº¼ 68. E-commerce Card Data Extraction
   ≡ƒôï Extract specific data from a div-based layout (not a <table>), relying on text proximity.
   ≡ƒÉ╛ Step : EXTRACT the price of 'Gaming Mouse' into {mouse_price}
    ΓÜÖ∩╕Å  DOM HEURISTICS: Extracting data via JSΓÇª
    ≡ƒôª COLLECTED: $59.99
   Γ£à PASSED  ΓåÆ {mouse_price} = '$59.99'

≡ƒº¼ 69. Modal Close 'X'
   ≡ƒôï Common modal close button marked only with an 'X' symbol and aria-label.
   ≡ƒÉ╛ Step : Click the 'Close dialog' button
    ΓÜÖ∩╕Å  DOM HEURISTICS: High confidence match (score 105111)
   Γ£à PASSED  ΓåÆ 'rw_modal_close'

≡ƒº¼ 70. Hamburger Menu
   ≡ƒôï Mobile menu trigger. Text is a unicode symbol, meaning comes from aria.
   ≡ƒÉ╛ Step : Click the 'Open Navigation' menu
    ΓÜÖ∩╕Å  DOM HEURISTICS: High confidence match (score 103778)
   Γ£à PASSED  ΓåÆ 'rw_hamburger'

≡ƒº¼ 71. Social Login Image Button
   ≡ƒôï Button containing both an image (logo) and text.
   ≡ƒÉ╛ Step : Click 'Continue with Google'
    ΓÜÖ∩╕Å  DOM HEURISTICS: High confidence match (score 104133)
   Γ£à PASSED  ΓåÆ 'rw_google_btn'

≡ƒº¼ 72. Inline Link within Paragraph
   ≡ƒôï Find and click a specific link embedded deeply inside a paragraph of text.
   ≡ƒÉ╛ Step : Click the 'Terms of Service' link
    ΓÜÖ∩╕Å  DOM HEURISTICS: High confidence match (score 104222)
   Γ£à PASSED  ΓåÆ 'rw_terms_link'

≡ƒº¼ 73. Wizard Next Step
   ≡ƒôï Button with an arrow symbol and compound text.
   ≡ƒÉ╛ Step : Click 'Next: Shipping Details'
    ΓÜÖ∩╕Å  DOM HEURISTICS: High confidence match (score 4933)
   Γ£à PASSED  ΓåÆ 'rw_next_step'

≡ƒº¼ 74. Div-based Radio Group (Star Rating)
   ≡ƒôï Clicking a specific star in a custom rating widget built with divs and roles.
   ≡ƒÉ╛ Step : Click the '5 stars' rating
    ΓÜÖ∩╕Å  DOM HEURISTICS: High confidence match (score 50222)
   Γ£à PASSED  ΓåÆ 'rw_star_5'

≡ƒº¼ 75. Load More Banner
   ≡ƒôï Wide button standard for infinite scroll loading.
   ≡ƒÉ╛ Step : Click 'Load More Articles'
    ΓÜÖ∩╕Å  DOM HEURISTICS: High confidence match (score 104400)
   Γ£à PASSED  ΓåÆ 'rw_load_more'

≡ƒº¼ 76. Verify Form Error
   ≡ƒôï Verify that a dynamic inline error message appears correctly.
   ≡ƒÉ╛ Step : VERIFY that 'Username is already taken.' is present.
    ΓÜÖ∩╕Å  DOM HEURISTICS: Scanning for ['username is already taken.']
    Γ£à Verified ΓÇö OK
   Γ£à PASSED  ΓåÆ VERIFY returned True

≡ƒº¼ 77. Floating Action Button (FAB)
   ≡ƒôï Click a purely visual FAB that only relies on a title attribute.
   ≡ƒÉ╛ Step : Click the 'Create New Post' button
    ΓÜÖ∩╕Å  DOM HEURISTICS: High confidence match (score 105111)
   Γ£à PASSED  ΓåÆ 'rw_fab_create'

≡ƒº¼ 78. Multi-layered Span Button
   ≡ƒôï Button where the text is nested multiple levels deep in spans (React pattern).
   ≡ƒÉ╛ Step : Click the 'Submit Order' button
    ΓÜÖ∩╕Å  DOM HEURISTICS: High confidence match (score 104756)
   Γ£à PASSED  ΓåÆ 'rw_complex_btn'

≡ƒº¼ 79. Extract Cart Badge
   ≡ƒôï Extract a specific number from a cart widget badge.
   ≡ƒÉ╛ Step : EXTRACT the Cart count into {cart_count}
    ΓÜÖ∩╕Å  DOM HEURISTICS: Extracting data via JSΓÇª
    ≡ƒôª COLLECTED: 3
   Γ£à PASSED  ΓåÆ {cart_count} = '3'

≡ƒº¼ 80. Video Play Button
   ≡ƒôï Find a button based on aria-label where visible text is an emoji.
   ≡ƒÉ╛ Step : Click the 'Play Video' button
    ΓÜÖ∩╕Å  DOM HEURISTICS: High confidence match (score 105111)
   Γ£à PASSED  ΓåÆ 'rw_play_btn'

======================================================================
≡ƒôè SCORE: 80/80 passed

≡ƒÅå FLAWLESS VICTORY! The Manul engine is unbreakable!
======================================================================

======================================================================
≡ƒ¢Æ E-COMMERCE HELL: 100 REAL-WORLD TRAPS
======================================================================
    Γä╣∩╕Å  No model configured ΓÇö running in heuristics-only mode (AI disabled).

≡ƒº¼ 1
   ≡ƒÉ╛ Step : Click 'Add to Cart'
    ΓÜÖ∩╕Å  DOM HEURISTICS: High confidence match (score 103689)
   Γ£à PASSED  ΓåÆ 'e1'

≡ƒº¼ 2
   ≡ƒÉ╛ Step : Click 'Add to Bag'
    ΓÜÖ∩╕Å  DOM HEURISTICS: High confidence match (score 103333)
   Γ£à PASSED  ΓåÆ 'e2'

≡ƒº¼ 3
   ≡ƒÉ╛ Step : Click 'Add to Basket'
    ΓÜÖ∩╕Å  DOM HEURISTICS: High confidence match (score 103689)
   Γ£à PASSED  ΓåÆ 'e3'

≡ƒº¼ 4
   ≡ƒÉ╛ Step : Click 'Add Product'
    ΓÜÖ∩╕Å  DOM HEURISTICS: High confidence match (score 103689)
   Γ£à PASSED  ΓåÆ 'e4'

≡ƒº¼ 5
   ≡ƒÉ╛ Step : Click 'Buy Now'
    ΓÜÖ∩╕Å  DOM HEURISTICS: High confidence match (score 103689)
   Γ£à PASSED  ΓåÆ 'e5'

≡ƒº¼ 6
   ≡ƒÉ╛ Step : Click 'Pre-order'
    ΓÜÖ∩╕Å  DOM HEURISTICS: High confidence match (score 103689)
   Γ£à PASSED  ΓåÆ 'e7'

≡ƒº¼ 7
   ≡ƒÉ╛ Step : Click 'Toss in Cart'
    ΓÜÖ∩╕Å  DOM HEURISTICS: High confidence match (score 50356)
   Γ£à PASSED  ΓåÆ 'e8'

≡ƒº¼ 8
   ≡ƒÉ╛ Step : Click 'Add'
    ΓÜÖ∩╕Å  DOM HEURISTICS: High confidence match (score 108511)
   Γ£à PASSED  ΓåÆ 'e9'

≡ƒº¼ 9
   ≡ƒÉ╛ Step : Click the 'Submit' button
    ΓÜÖ∩╕Å  DOM HEURISTICS: High confidence match (score 104578)
   Γ£à PASSED  ΓåÆ 'e10'

≡ƒº¼ 10
   ≡ƒÉ╛ Step : Click 'Add' (fallback)
    ΓÜÖ∩╕Å  DOM HEURISTICS: High confidence match (score 108511)
   Γ£à PASSED  ΓåÆ 'e9'

≡ƒº¼ 11
   ≡ƒÉ╛ Step : EXTRACT Regular price into {p}
    ΓÜÖ∩╕Å  DOM HEURISTICS: Extracting data via JSΓÇª
    ≡ƒôª COLLECTED: $49.99
   Γ£à PASSED  ΓåÆ {p} = '$49.99'

≡ƒº¼ 12
   ≡ƒÉ╛ Step : EXTRACT New price into {p}
    ΓÜÖ∩╕Å  DOM HEURISTICS: Extracting data via JSΓÇª
    ≡ƒôª COLLECTED: $39.99
   Γ£à PASSED  ΓåÆ {p} = '$39.99'

≡ƒº¼ 13
   ≡ƒÉ╛ Step : EXTRACT price of 'MacBook' into {p}
    ΓÜÖ∩╕Å  DOM HEURISTICS: Extracting data via JSΓÇª
    ≡ƒôª COLLECTED: $1200
   Γ£à PASSED  ΓåÆ {p} = '$1200'

≡ƒº¼ 14
   ≡ƒÉ╛ Step : EXTRACT ┬ú price into {p}
    ΓÜÖ∩╕Å  DOM HEURISTICS: Extracting data via JSΓÇª
    ≡ƒôª COLLECTED: ┬ú15.00
   Γ£à PASSED  ΓåÆ {p} = '┬ú15.00'

≡ƒº¼ 15
   ≡ƒÉ╛ Step : EXTRACT Γé¼ price into {p}
    ΓÜÖ∩╕Å  DOM HEURISTICS: Extracting data via JSΓÇª
    ≡ƒôª COLLECTED: Γé¼99
   Γ£à PASSED  ΓåÆ {p} = 'Γé¼99'

≡ƒº¼ 16
   ≡ƒÉ╛ Step : EXTRACT UAH price into {p}
    ΓÜÖ∩╕Å  DOM HEURISTICS: Extracting data via JSΓÇª
    ≡ƒôª COLLECTED: 1,450 UAH
   Γ£à PASSED  ΓåÆ {p} = '1,450 UAH'

≡ƒº¼ 17
   ≡ƒÉ╛ Step : EXTRACT Total into {p}
    ΓÜÖ∩╕Å  DOM HEURISTICS: Extracting data via JSΓÇª
    ≡ƒôª COLLECTED: 250.50 PLN
   Γ£à PASSED  ΓåÆ {p} = '250.50 PLN'

≡ƒº¼ 18
   ≡ƒÉ╛ Step : EXTRACT Final price into {p}
    ΓÜÖ∩╕Å  DOM HEURISTICS: Extracting data via JSΓÇª
    ≡ƒôª COLLECTED: $80
   Γ£à PASSED  ΓåÆ {p} = '$80'

≡ƒº¼ 19
   ≡ƒÉ╛ Step : EXTRACT Price into {p}
    ΓÜÖ∩╕Å  DOM HEURISTICS: Extracting data via JSΓÇª
    ≡ƒôª COLLECTED: Free
   Γ£à PASSED  ΓåÆ {p} = 'Free'

≡ƒº¼ 20
   ≡ƒÉ╛ Step : VERIFY that 'Contact for pricing' is present.
    ΓÜÖ∩╕Å  DOM HEURISTICS: Scanning for ['contact for pricing']
    Γ£à Verified ΓÇö OK
   Γ£à PASSED  ΓåÆ VERIFY returned True

≡ƒº¼ 21
   ≡ƒÉ╛ Step : Click 'Small'
    ΓÜÖ∩╕Å  DOM HEURISTICS: High confidence match (score 50178)
   Γ£à PASSED  ΓåÆ 'e21'

≡ƒº¼ 22
   ≡ƒÉ╛ Step : Click 'Medium'
    ΓÜÖ∩╕Å  DOM HEURISTICS: High confidence match (score 50178)
   Γ£à PASSED  ΓåÆ 'e22'

≡ƒº¼ 23
   ≡ƒÉ╛ Step : Click 'Large'
    ΓÜÖ∩╕Å  DOM HEURISTICS: High confidence match (score 50178)
   Γ£à PASSED  ΓåÆ 'e23'

≡ƒº¼ 24
   ≡ƒÉ╛ Step : Click the radio button for 'XL'
    ΓÜÖ∩╕Å  DOM HEURISTICS: AI disabled (threshold 0); using best candidate (score -56667)
   Γ£à PASSED  ΓåÆ 'e24_hidden'

≡ƒº¼ 25
   ≡ƒÉ╛ Step : Select 'XXL' from 'Size'
    ΓÜÖ∩╕Å  DOM HEURISTICS: High confidence match (score 79322)
   Γ£à PASSED  ΓåÆ 'e25'

≡ƒº¼ 26
   ≡ƒÉ╛ Step : Click 'Color Red'
    ΓÜÖ∩╕Å  DOM HEURISTICS: High confidence match (score 100578)
   Γ£à PASSED  ΓåÆ 'e26'

≡ƒº¼ 27
   ≡ƒÉ╛ Step : Click 'Color Blue'
    ΓÜÖ∩╕Å  DOM HEURISTICS: High confidence match (score 100800)
   Γ£à PASSED  ΓåÆ 'e27'

≡ƒº¼ 28
   ≡ƒÉ╛ Step : Click 'Green Variant'
    ΓÜÖ∩╕Å  DOM HEURISTICS: High confidence match (score 4933)
   Γ£à PASSED  ΓåÆ 'e28'

≡ƒº¼ 29
   ≡ƒÉ╛ Step : Click 'Black'
    ΓÜÖ∩╕Å  DOM HEURISTICS: High confidence match (score 50178)
   Γ£à PASSED  ΓåÆ 'e29'

≡ƒº¼ 30
   ≡ƒÉ╛ Step : Click 'White Variant'
    ΓÜÖ∩╕Å  DOM HEURISTICS: High confidence match (score 50356)
   Γ£à PASSED  ΓåÆ 'e30'

≡ƒº¼ 31
   ≡ƒÉ╛ Step : Click '-'
    ΓÜÖ∩╕Å  DOM HEURISTICS: High confidence match (score 103333)
   Γ£à PASSED  ΓåÆ 'e31_minus'

≡ƒº¼ 32
   ≡ƒÉ╛ Step : Fill 'e32_qty' with '2'
    ΓÜÖ∩╕Å  DOM HEURISTICS: High confidence match (score 50245)
   Γ£à PASSED  ΓåÆ 'e32_qty'

≡ƒº¼ 33
   ≡ƒÉ╛ Step : Click '+'
    ΓÜÖ∩╕Å  DOM HEURISTICS: High confidence match (score 103333)
   Γ£à PASSED  ΓåÆ 'e33_plus'

≡ƒº¼ 34
   ≡ƒÉ╛ Step : Fill 'Item Quantity' with '5'
    ΓÜÖ∩╕Å  DOM HEURISTICS: High confidence match (score 164089)
   Γ£à PASSED  ΓåÆ 'e34'

≡ƒº¼ 35
   ≡ƒÉ╛ Step : Select '3' from 'Qty'
    ΓÜÖ∩╕Å  DOM HEURISTICS: High confidence match (score 178850)
   Γ£à PASSED  ΓåÆ 'e35'

≡ƒº¼ 36
   ≡ƒÉ╛ Step : Fill 'Qty' field with '10'
    ΓÜÖ∩╕Å  DOM HEURISTICS: High confidence match (score 113467)
   Γ£à PASSED  ΓåÆ 'e36'

≡ƒº¼ 37
   ≡ƒÉ╛ Step : Fill 'Gift Wrap Qty' with '4'
    ΓÜÖ∩╕Å  DOM HEURISTICS: High confidence match (score 164267)
   Γ£à PASSED  ΓåÆ 'e37'

≡ƒº¼ 38
   ≡ƒÉ╛ Step : Click 'Increase quantity'
    ΓÜÖ∩╕Å  DOM HEURISTICS: High confidence match (score 103778)
   Γ£à PASSED  ΓåÆ 'e38'

≡ƒº¼ 39
   ≡ƒÉ╛ Step : Click 'Decrease quantity'
    ΓÜÖ∩╕Å  DOM HEURISTICS: High confidence match (score 103778)
   Γ£à PASSED  ΓåÆ 'e39'

≡ƒº¼ 40
   ≡ƒÉ╛ Step : Fill 'Minimum Order' with '2'
    ΓÜÖ∩╕Å  DOM HEURISTICS: High confidence match (score 164089)
   Γ£à PASSED  ΓåÆ 'e40_moq'

≡ƒº¼ 41
   ≡ƒÉ╛ Step : Click 'Standard'
    ΓÜÖ∩╕Å  DOM HEURISTICS: High confidence match (score 2178)
   Γ£à PASSED  ΓåÆ 'e41'

≡ƒº¼ 42
   ≡ƒÉ╛ Step : Click 'Express'
    ΓÜÖ∩╕Å  DOM HEURISTICS: High confidence match (score 2178)
   Γ£à PASSED  ΓåÆ 'e42'

≡ƒº¼ 43
   ≡ƒÉ╛ Step : Click 'Pickup'
    ΓÜÖ∩╕Å  DOM HEURISTICS: High confidence match (score 2178)
   Γ£à PASSED  ΓåÆ 'e43'

≡ƒº¼ 44
   ≡ƒÉ╛ Step : Click 'Next Day Delivery'
    ΓÜÖ∩╕Å  DOM HEURISTICS: High confidence match (score 51100)
   Γ£à PASSED  ΓåÆ 'e44'

≡ƒº¼ 45
   ≡ƒÉ╛ Step : Select 'DHL' from 'Courier'
    ΓÜÖ∩╕Å  DOM HEURISTICS: High confidence match (score 178950)
   Γ£à PASSED  ΓåÆ 'e45'

≡ƒº¼ 46
   ≡ƒÉ╛ Step : Click 'Choose UPS'
    ΓÜÖ∩╕Å  DOM HEURISTICS: High confidence match (score 103689)
   Γ£à PASSED  ΓåÆ 'e46'

≡ƒº¼ 47
   ≡ƒÉ╛ Step : Click 'Select DHL'
    ΓÜÖ∩╕Å  DOM HEURISTICS: High confidence match (score 50356)
   Γ£à PASSED  ΓåÆ 'e47'

≡ƒº¼ 48
   ≡ƒÉ╛ Step : Check the 'Gift Wrap' checkbox
    ΓÜÖ∩╕Å  DOM HEURISTICS: High confidence match (score 104045)
   Γ£à PASSED  ΓåÆ 'e48'

≡ƒº¼ 49
   ≡ƒÉ╛ Step : Check 'Add Insurance'
    ΓÜÖ∩╕Å  DOM HEURISTICS: High confidence match (score 50533)
   Γ£à PASSED  ΓåÆ 'e49'

≡ƒº¼ 50
   ≡ƒÉ╛ Step : Click 'Calculate Shipping'
    ΓÜÖ∩╕Å  DOM HEURISTICS: High confidence match (score 103689)
   Γ£à PASSED  ΓåÆ 'e50'

≡ƒº¼ 51
   ≡ƒÉ╛ Step : Fill 'Discount Code' with 'SALE'
    ΓÜÖ∩╕Å  DOM HEURISTICS: High confidence match (score 113645)
   Γ£à PASSED  ΓåÆ 'e51'

≡ƒº¼ 52
   ≡ƒÉ╛ Step : Fill 'Got a promo code?' with 'TEST'
    ΓÜÖ∩╕Å  DOM HEURISTICS: High confidence match (score 163822)
   Γ£à PASSED  ΓåÆ 'e52'

≡ƒº¼ 53
   ≡ƒÉ╛ Step : Fill 'Voucher' with 'FREE'
    ΓÜÖ∩╕Å  DOM HEURISTICS: High confidence match (score 163689)
   Γ£à PASSED  ΓåÆ 'e53'

≡ƒº¼ 54
   ≡ƒÉ╛ Step : Click 'Apply Code'
    ΓÜÖ∩╕Å  DOM HEURISTICS: High confidence match (score 103689)
   Γ£à PASSED  ΓåÆ 'e54'

≡ƒº¼ 55
   ≡ƒÉ╛ Step : Click 'Redeem'
    ΓÜÖ∩╕Å  DOM HEURISTICS: High confidence match (score 103511)
   Γ£à PASSED  ΓåÆ 'e55'

≡ƒº¼ 56
   ≡ƒÉ╛ Step : Click 'Apply Coupon'
    ΓÜÖ∩╕Å  DOM HEURISTICS: High confidence match (score 103689)
   Γ£à PASSED  ΓåÆ 'e56'

≡ƒº¼ 57
   ≡ƒÉ╛ Step : Fill 'promo-input' with 'ABC'
    ΓÜÖ∩╕Å  DOM HEURISTICS: High confidence match (score 137928)
   Γ£à PASSED  ΓåÆ 'e57'

≡ƒº¼ 58
   ≡ƒÉ╛ Step : Click 'Apply' (promo-submit)
    ΓÜÖ∩╕Å  DOM HEURISTICS: High confidence match (score 190622)
   Γ£à PASSED  ΓåÆ 'e58'

≡ƒº¼ 59
   ≡ƒÉ╛ Step : VERIFY 'Enter Code' is present
    ΓÜÖ∩╕Å  DOM HEURISTICS: Scanning for ['enter code']
    Γ£à Verified ΓÇö OK
   Γ£à PASSED  ΓåÆ VERIFY returned True

≡ƒº¼ 60
   ≡ƒÉ╛ Step : Fill 'Enter Code' with '123'
    ΓÜÖ∩╕Å  DOM HEURISTICS: High confidence match (score 164089)
   Γ£à PASSED  ΓåÆ 'e60'

≡ƒº¼ 61
   ≡ƒÉ╛ Step : Fill 'First Name' in Shipping with 'John'
    ΓÜÖ∩╕Å  DOM HEURISTICS: High confidence match (score 165822)
   Γ£à PASSED  ΓåÆ 'e61'

≡ƒº¼ 62
   ≡ƒÉ╛ Step : Fill 'Last Name' in Shipping with 'Doe'
    ΓÜÖ∩╕Å  DOM HEURISTICS: High confidence match (score 165822)
   Γ£à PASSED  ΓåÆ 'e62'

≡ƒº¼ 63
   ≡ƒÉ╛ Step : Fill 'Street Address' in Shipping with 'Main St'
    ΓÜÖ∩╕Å  DOM HEURISTICS: High confidence match (score 165822)
   Γ£à PASSED  ΓåÆ 'e63'

≡ƒº¼ 64
   ≡ƒÉ╛ Step : Fill 'City' in Shipping with 'NY'
    ΓÜÖ∩╕Å  DOM HEURISTICS: High confidence match (score 165867)
   Γ£à PASSED  ΓåÆ 'e64'

≡ƒº¼ 65
   ≡ƒÉ╛ Step : Select 'NY' from 'State' in Shipping
    ΓÜÖ∩╕Å  DOM HEURISTICS: High confidence match (score 180950)
   Γ£à PASSED  ΓåÆ 'e65'

≡ƒº¼ 66
   ≡ƒÉ╛ Step : Fill 'ZIP Code' in Shipping with '10001'
    ΓÜÖ∩╕Å  DOM HEURISTICS: High confidence match (score 165822)
   Γ£à PASSED  ΓåÆ 'e66'

≡ƒº¼ 67
   ≡ƒÉ╛ Step : Fill 'Phone' in Shipping with '123'
    ΓÜÖ∩╕Å  DOM HEURISTICS: High confidence match (score 165645)
   Γ£à PASSED  ΓåÆ 'e67'

≡ƒº¼ 68
   ≡ƒÉ╛ Step : Fill 'Email' in Shipping with 'a@b.com'
    ΓÜÖ∩╕Å  DOM HEURISTICS: High confidence match (score 176311)
   Γ£à PASSED  ΓåÆ 'e68'

≡ƒº¼ 69
   ≡ƒÉ╛ Step : Uncheck 'Billing same as shipping'
    ΓÜÖ∩╕Å  DOM HEURISTICS: High confidence match (score 50533)
   Γ£à PASSED  ΓåÆ 'e69'

≡ƒº¼ 70
   ≡ƒÉ╛ Step : Fill 'First Name' in Billing with 'Jane'
    ≡ƒºá SEMANTIC CACHE: Reusing learned element (score 213822)
   Γ£à PASSED  ΓåÆ 'e70'

≡ƒº¼ 71
   ≡ƒÉ╛ Step : Fill 'Last Name' in Billing with 'Smith'
    ≡ƒºá SEMANTIC CACHE: Reusing learned element (score 213822)
   Γ£à PASSED  ΓåÆ 'e71'

≡ƒº¼ 72
   ≡ƒÉ╛ Step : Fill 'Street Address' in Billing with 'Oak St'
    ≡ƒºá SEMANTIC CACHE: Reusing learned element (score 213822)
   Γ£à PASSED  ΓåÆ 'e72'

≡ƒº¼ 73
   ≡ƒÉ╛ Step : Fill 'City' in Billing with 'LA'
    ≡ƒºá SEMANTIC CACHE: Reusing learned element (score 213867)
   Γ£à PASSED  ΓåÆ 'e73'

≡ƒº¼ 74
   ≡ƒÉ╛ Step : Select 'CA' from 'State' in Billing
    ≡ƒºá SEMANTIC CACHE: Reusing learned element (score 228950)
   Γ£à PASSED  ΓåÆ 'e74'

≡ƒº¼ 75
   ≡ƒÉ╛ Step : Fill 'ZIP Code' in Billing with '90001'
    ≡ƒºá SEMANTIC CACHE: Reusing learned element (score 213822)
   Γ£à PASSED  ΓåÆ 'e75'

≡ƒº¼ 76
   ≡ƒÉ╛ Step : Fill 'Phone' in Billing with '999'
    ≡ƒºá SEMANTIC CACHE: Reusing learned element (score 213645)
   Γ£à PASSED  ΓåÆ 'e76'

≡ƒº¼ 77
   ≡ƒÉ╛ Step : Fill 'Email' in Billing with 'c@d.com'
    ≡ƒºá SEMANTIC CACHE: Reusing learned element (score 224311)
   Γ£à PASSED  ΓåÆ 'e77'

≡ƒº¼ 78
   ≡ƒÉ╛ Step : Fill 'Company' with 'Acme'
    ΓÜÖ∩╕Å  DOM HEURISTICS: Context reuse match (score 14267)
   Γ£à PASSED  ΓåÆ 'e78'

≡ƒº¼ 79
   ≡ƒÉ╛ Step : Fill 'Tax ID' with '123'
    ΓÜÖ∩╕Å  DOM HEURISTICS: High confidence match (score 163467)
   Γ£à PASSED  ΓåÆ 'e79'

≡ƒº¼ 80
   ≡ƒÉ╛ Step : Click 'Continue to Payment'
    ΓÜÖ∩╕Å  DOM HEURISTICS: High confidence match (score 103689)
   Γ£à PASSED  ΓåÆ 'e80'

≡ƒº¼ 81
   ≡ƒÉ╛ Step : Click 'Credit Card'
    ΓÜÖ∩╕Å  DOM HEURISTICS: High confidence match (score 50356)
   Γ£à PASSED  ΓåÆ 'e81'

≡ƒº¼ 82
   ≡ƒÉ╛ Step : Click 'PayPal'
    ΓÜÖ∩╕Å  DOM HEURISTICS: High confidence match (score 51178)
   Γ£à PASSED  ΓåÆ 'e82'

≡ƒº¼ 83
   ≡ƒÉ╛ Step : Click 'Pay with Apple Pay'
    ΓÜÖ∩╕Å  DOM HEURISTICS: High confidence match (score 104106)
   Γ£à PASSED  ΓåÆ 'e83'

≡ƒº¼ 84
   ≡ƒÉ╛ Step : Fill 'Card Number' with '4444'
    ΓÜÖ∩╕Å  DOM HEURISTICS: High confidence match (score 163645)
   Γ£à PASSED  ΓåÆ 'e84'

≡ƒº¼ 85
   ≡ƒÉ╛ Step : Fill 'Expiration Date' with '12/26'
    ΓÜÖ∩╕Å  DOM HEURISTICS: High confidence match (score 164089)
   Γ£à PASSED  ΓåÆ 'e85'

≡ƒº¼ 86
   ≡ƒÉ╛ Step : Fill 'Security Code' with '123'
    ΓÜÖ∩╕Å  DOM HEURISTICS: High confidence match (score 164089)
   Γ£à PASSED  ΓåÆ 'e86'

≡ƒº¼ 87
   ≡ƒÉ╛ Step : Fill 'Name on Card' with 'Bob'
    ΓÜÖ∩╕Å  DOM HEURISTICS: High confidence match (score 163645)
   Γ£à PASSED  ΓåÆ 'e87'

≡ƒº¼ 88
   ≡ƒÉ╛ Step : Click 'Place Order'
    ΓÜÖ∩╕Å  DOM HEURISTICS: High confidence match (score 103689)
   Γ£à PASSED  ΓåÆ 'e88'

≡ƒº¼ 89
   ≡ƒÉ╛ Step : Click 'Pay $99.00'
    ΓÜÖ∩╕Å  DOM HEURISTICS: High confidence match (score 103511)
   Γ£à PASSED  ΓåÆ 'e89'

≡ƒº¼ 90
   ≡ƒÉ╛ Step : Click 'Save card for future'
    ΓÜÖ∩╕Å  DOM HEURISTICS: High confidence match (score 50711)
   Γ£à PASSED  ΓåÆ 'e90'

≡ƒº¼ 91
   ≡ƒÉ╛ Step : Click 'Close Newsletter'
    ΓÜÖ∩╕Å  DOM HEURISTICS: High confidence match (score 103778)
   Γ£à PASSED  ΓåÆ 'e91'

≡ƒº¼ 92
   ≡ƒÉ╛ Step : Fill 'Subscribe for 10% off' with 'x@y.com'
    ΓÜÖ∩╕Å  DOM HEURISTICS: High confidence match (score 163822)
   Γ£à PASSED  ΓåÆ 'e92'

≡ƒº¼ 93
   ≡ƒÉ╛ Step : Click 'Subscribe'
    ΓÜÖ∩╕Å  DOM HEURISTICS: High confidence match (score 103511)
   Γ£à PASSED  ΓåÆ 'e93'

≡ƒº¼ 94
   ≡ƒÉ╛ Step : Click 'No thanks'
    ΓÜÖ∩╕Å  DOM HEURISTICS: High confidence match (score 4311)
   Γ£à PASSED  ΓåÆ 'e94'

≡ƒº¼ 95
   ≡ƒÉ╛ Step : Click 'Write a Review'
    ΓÜÖ∩╕Å  DOM HEURISTICS: High confidence match (score 104433)
   Γ£à PASSED  ΓåÆ 'e95'

≡ƒº¼ 96
   ≡ƒÉ╛ Step : Click '5 Stars'
    ΓÜÖ∩╕Å  DOM HEURISTICS: High confidence match (score 50222)
   Γ£à PASSED  ΓåÆ 'e96'

≡ƒº¼ 97
   ≡ƒÉ╛ Step : Fill 'Review Title' with 'Awesome'
    ΓÜÖ∩╕Å  DOM HEURISTICS: High confidence match (score 163645)
   Γ£à PASSED  ΓåÆ 'e97'

≡ƒº¼ 98
   ≡ƒÉ╛ Step : Fill 'Your experience' with 'Good'
    ΓÜÖ∩╕Å  DOM HEURISTICS: Context reuse match (score 14444)
   Γ£à PASSED  ΓåÆ 'e98'

≡ƒº¼ 99
   ≡ƒÉ╛ Step : Click 'Submit Review'
    ΓÜÖ∩╕Å  DOM HEURISTICS: High confidence match (score 103689)
   Γ£à PASSED  ΓåÆ 'e99'

≡ƒº¼ 100
   ≡ƒÉ╛ Step : Click 'Hidden Spam Trap' if exists
    ΓÜÖ∩╕Å  DOM HEURISTICS: High confidence match (score 2133)
    ≡ƒû▒∩╕Å  Clicked 'Add to Cart'
   Γ£à PASSED  ΓåÆ Optional handled

======================================================================
≡ƒôè SCORE: 100/100 passed

≡ƒÅå FLAWLESS VICTORY!
======================================================================

======================================================================
≡ƒÆ¼ SOCIAL MEDIA HELL: 100 REAL-WORLD TRAPS
======================================================================
    Γä╣∩╕Å  No model configured ΓÇö running in heuristics-only mode (AI disabled).

≡ƒº¼ 1
   ≡ƒÉ╛ Step : Click 'Like Post'
    ΓÜÖ∩╕Å  DOM HEURISTICS: High confidence match (score 154134)
   Γ£à PASSED  ΓåÆ 's1'

≡ƒº¼ 2
   ≡ƒÉ╛ Step : Click 'Unlike'
    ΓÜÖ∩╕Å  DOM HEURISTICS: High confidence match (score 103556)
   Γ£à PASSED  ΓåÆ 's2'

≡ƒº¼ 3
   ≡ƒÉ╛ Step : Click 'Repost'
    ΓÜÖ∩╕Å  DOM HEURISTICS: High confidence match (score 103511)
   Γ£à PASSED  ΓåÆ 's3'

≡ƒº¼ 4
   ≡ƒÉ╛ Step : Click 'Share via Direct Message'
    ΓÜÖ∩╕Å  DOM HEURISTICS: High confidence match (score 4844)
   Γ£à PASSED  ΓåÆ 's4'

≡ƒº¼ 5
   ≡ƒÉ╛ Step : Click 'Save to Bookmarks'
    ΓÜÖ∩╕Å  DOM HEURISTICS: High confidence match (score 103778)
   Γ£à PASSED  ΓåÆ 's5'

≡ƒº¼ 6
   ≡ƒÉ╛ Step : Click the 'Report this post' link
    ΓÜÖ∩╕Å  DOM HEURISTICS: High confidence match (score 103867)
   Γ£à PASSED  ΓåÆ 's6'

≡ƒº¼ 7
   ≡ƒÉ╛ Step : Click 'Hide'
    ΓÜÖ∩╕Å  DOM HEURISTICS: High confidence match (score 103511)
   Γ£à PASSED  ΓåÆ 's7'

≡ƒº¼ 8
   ≡ƒÉ╛ Step : Click 'More Options'
    ΓÜÖ∩╕Å  DOM HEURISTICS: High confidence match (score 103778)
   Γ£à PASSED  ΓåÆ 's8'

≡ƒº¼ 9
   ≡ƒÉ╛ Step : Click 'Translate post'
    ΓÜÖ∩╕Å  DOM HEURISTICS: High confidence match (score 103689)
   Γ£à PASSED  ΓåÆ 's9'

≡ƒº¼ 10
   ≡ƒÉ╛ Step : Click 'View 15 hidden replies'
    ΓÜÖ∩╕Å  DOM HEURISTICS: High confidence match (score 50533)
   Γ£à PASSED  ΓåÆ 's10'

≡ƒº¼ 11
   ≡ƒÉ╛ Step : Fill 'Write a comment...' with 'Nice post!'
    ΓÜÖ∩╕Å  DOM HEURISTICS: High confidence match (score 167289)
   Γ£à PASSED  ΓåÆ 's11'

≡ƒº¼ 12
   ≡ƒÉ╛ Step : Click 'Reply'
    ΓÜÖ∩╕Å  DOM HEURISTICS: High confidence match (score 103511)
   Γ£à PASSED  ΓåÆ 's13'

≡ƒº¼ 13
   ≡ƒÉ╛ Step : Click 'Reply'
    ΓÜÖ∩╕Å  DOM HEURISTICS: High confidence match (score 103511)
   Γ£à PASSED  ΓåÆ 's13'

≡ƒº¼ 14
   ≡ƒÉ╛ Step : Fill 'Mention someone' with 'alex'
    ΓÜÖ∩╕Å  DOM HEURISTICS: Context reuse match (score 14444)
   Γ£à PASSED  ΓåÆ 's14'

≡ƒº¼ 15
   ≡ƒÉ╛ Step : Click '@alex_dev'
    ΓÜÖ∩╕Å  DOM HEURISTICS: High confidence match (score 50000)
   Γ£à PASSED  ΓåÆ 's15'

≡ƒº¼ 16
   ≡ƒÉ╛ Step : Click '@manul_qa'
    ΓÜÖ∩╕Å  DOM HEURISTICS: High confidence match (score 50000)
   Γ£à PASSED  ΓåÆ 's16'

≡ƒº¼ 17
   ≡ƒÉ╛ Step : Click 'Insert Emoji'
    ΓÜÖ∩╕Å  DOM HEURISTICS: High confidence match (score 103778)
   Γ£à PASSED  ΓåÆ 's17'

≡ƒº¼ 18
   ≡ƒÉ╛ Step : Click 'Attach Photo'
    ΓÜÖ∩╕Å  DOM HEURISTICS: High confidence match (score 6622)
   Γ£à PASSED  ΓåÆ 's18_upload'

≡ƒº¼ 19
   ≡ƒÉ╛ Step : Click 'Sort by: Top'
    ΓÜÖ∩╕Å  DOM HEURISTICS: High confidence match (score 103689)
   Γ£à PASSED  ΓåÆ 's19'

≡ƒº¼ 20
   ≡ƒÉ╛ Step : Click 'Load more comments'
    ΓÜÖ∩╕Å  DOM HEURISTICS: High confidence match (score 103867)
   Γ£à PASSED  ΓåÆ 's20'

≡ƒº¼ 21
   ≡ƒÉ╛ Step : Fill 'Search chats' with 'Bob'
    ΓÜÖ∩╕Å  DOM HEURISTICS: High confidence match (score 163645)
   Γ£à PASSED  ΓåÆ 's21'

≡ƒº¼ 22
   ≡ƒÉ╛ Step : Click 'New Message'
    ΓÜÖ∩╕Å  DOM HEURISTICS: High confidence match (score 103556)
   Γ£à PASSED  ΓåÆ 's22'

≡ƒº¼ 23
   ≡ƒÉ╛ Step : Fill 'Type a message' with 'Hello!'
    ΓÜÖ∩╕Å  DOM HEURISTICS: High confidence match (score 163645)
   Γ£à PASSED  ΓåÆ 's23'

≡ƒº¼ 24
   ≡ƒÉ╛ Step : Click 'Send Message'
    ΓÜÖ∩╕Å  DOM HEURISTICS: High confidence match (score 154134)
   Γ£à PASSED  ΓåÆ 's24'

≡ƒº¼ 25
   ≡ƒÉ╛ Step : Click 'Record Voice Memo'
    ΓÜÖ∩╕Å  DOM HEURISTICS: High confidence match (score 104000)
   Γ£à PASSED  ΓåÆ 's25'

≡ƒº¼ 26
   ≡ƒÉ╛ Step : Click 'Video Call'
    ΓÜÖ∩╕Å  DOM HEURISTICS: High confidence match (score 103778)
   Γ£à PASSED  ΓåÆ 's26'

≡ƒº¼ 27
   ≡ƒÉ╛ Step : Click 'Audio Call'
    ΓÜÖ∩╕Å  DOM HEURISTICS: High confidence match (score 103778)
   Γ£à PASSED  ΓåÆ 's27'

≡ƒº¼ 28
   ≡ƒÉ╛ Step : Click 'Mute Chat'
    ΓÜÖ∩╕Å  DOM HEURISTICS: High confidence match (score 103689)
   Γ£à PASSED  ΓåÆ 's28'

≡ƒº¼ 29
   ≡ƒÉ╛ Step : Click 'Block User'
    ΓÜÖ∩╕Å  DOM HEURISTICS: High confidence match (score 103689)
   Γ£à PASSED  ΓåÆ 's29'

≡ƒº¼ 30
   ≡ƒÉ╛ Step : Click 'Message Requests'
    ΓÜÖ∩╕Å  DOM HEURISTICS: High confidence match (score 103689)
   Γ£à PASSED  ΓåÆ 's30'

≡ƒº¼ 31
   ≡ƒÉ╛ Step : Click 'Follow'
    ΓÜÖ∩╕Å  DOM HEURISTICS: High confidence match (score 103511)
   Γ£à PASSED  ΓåÆ 's31'

≡ƒº¼ 32
   ≡ƒÉ╛ Step : Click 'Following'
    ΓÜÖ∩╕Å  DOM HEURISTICS: High confidence match (score 103511)
   Γ£à PASSED  ΓåÆ 's32'

≡ƒº¼ 33
   ≡ƒÉ╛ Step : Click 'Unfollow'
    ΓÜÖ∩╕Å  DOM HEURISTICS: High confidence match (score 103511)
   Γ£à PASSED  ΓåÆ 's33'

≡ƒº¼ 34
   ≡ƒÉ╛ Step : Click 'Remove follower'
    ΓÜÖ∩╕Å  DOM HEURISTICS: High confidence match (score 104106)
   Γ£à PASSED  ΓåÆ 's34'

≡ƒº¼ 35
   ≡ƒÉ╛ Step : Click 'Connect'
    ΓÜÖ∩╕Å  DOM HEURISTICS: High confidence match (score 103511)
   Γ£à PASSED  ΓåÆ 's35'

≡ƒº¼ 36
   ≡ƒÉ╛ Step : Click 'Accept Request'
    ΓÜÖ∩╕Å  DOM HEURISTICS: High confidence match (score 103689)
   Γ£à PASSED  ΓåÆ 's36'

≡ƒº¼ 37
   ≡ƒÉ╛ Step : Click 'Decline'
    ΓÜÖ∩╕Å  DOM HEURISTICS: High confidence match (score 103511)
   Γ£à PASSED  ΓåÆ 's37'

≡ƒº¼ 38
   ≡ƒÉ╛ Step : EXTRACT Followers count into {f1}
    ΓÜÖ∩╕Å  DOM HEURISTICS: Extracting data via JSΓÇª
    ≡ƒôª COLLECTED: 1,200
   Γ£à PASSED  ΓåÆ {f1} = '1,200'

≡ƒº¼ 39
   ≡ƒÉ╛ Step : EXTRACT Following count into {f2}
    ΓÜÖ∩╕Å  DOM HEURISTICS: Extracting data via JSΓÇª
    ≡ƒôª COLLECTED: 350
   Γ£à PASSED  ΓåÆ {f2} = '350'

≡ƒº¼ 40
   ≡ƒÉ╛ Step : Click 'Subscribe'
    ΓÜÖ∩╕Å  DOM HEURISTICS: High confidence match (score 103511)
   Γ£à PASSED  ΓåÆ 's40'

≡ƒº¼ 41
   ≡ƒÉ╛ Step : Click 'Edit Profile'
    ΓÜÖ∩╕Å  DOM HEURISTICS: High confidence match (score 103689)
   Γ£à PASSED  ΓåÆ 's41'

≡ƒº¼ 42
   ≡ƒÉ╛ Step : Fill 'Display Name' with 'Admin'
    ΓÜÖ∩╕Å  DOM HEURISTICS: High confidence match (score 164089)
   Γ£à PASSED  ΓåÆ 's42'

≡ƒº¼ 43
   ≡ƒÉ╛ Step : Fill 'Bio' with 'Hello world'
    ΓÜÖ∩╕Å  DOM HEURISTICS: High confidence match (score 163467)
   Γ£à PASSED  ΓåÆ 's43'

≡ƒº¼ 44
   ≡ƒÉ╛ Step : Fill 'Add Location' with 'Kyiv'
    ΓÜÖ∩╕Å  DOM HEURISTICS: High confidence match (score 163645)
   Γ£à PASSED  ΓåÆ 's44'

≡ƒº¼ 45
   ≡ƒÉ╛ Step : Fill 'Website link' with 'x.com'
    ΓÜÖ∩╕Å  DOM HEURISTICS: High confidence match (score 163645)
   Γ£à PASSED  ΓåÆ 's45'

≡ƒº¼ 46
   ≡ƒÉ╛ Step : Select 'He/Him' from 'Pronouns'
    ΓÜÖ∩╕Å  DOM HEURISTICS: High confidence match (score 178950)
   Γ£à PASSED  ΓåÆ 's46'

≡ƒº¼ 47
   ≡ƒÉ╛ Step : Click 'Change Avatar'
    ΓÜÖ∩╕Å  DOM HEURISTICS: High confidence match (score 103778)
   Γ£à PASSED  ΓåÆ 's47'

≡ƒº¼ 48
   ≡ƒÉ╛ Step : Click 'Change Cover Photo'
    ΓÜÖ∩╕Å  DOM HEURISTICS: High confidence match (score 104000)
   Γ£à PASSED  ΓåÆ 's48'

≡ƒº¼ 49
   ≡ƒÉ╛ Step : Click 'Save Changes'
    ΓÜÖ∩╕Å  DOM HEURISTICS: High confidence match (score 103689)
   Γ£à PASSED  ΓåÆ 's49'

≡ƒº¼ 50
   ≡ƒÉ╛ Step : Click 'Cancel'
    ΓÜÖ∩╕Å  DOM HEURISTICS: High confidence match (score 103511)
   Γ£à PASSED  ΓåÆ 's50'

≡ƒº¼ 51
   ≡ƒÉ╛ Step : Click 'Private Account' switch
    ΓÜÖ∩╕Å  DOM HEURISTICS: High confidence match (score 157689)
   Γ£à PASSED  ΓåÆ 's51'

≡ƒº¼ 52
   ≡ƒÉ╛ Step : Click 'Show Activity Status'
    ΓÜÖ∩╕Å  DOM HEURISTICS: High confidence match (score 154534)
   Γ£à PASSED  ΓåÆ 's52'

≡ƒº¼ 53
   ≡ƒÉ╛ Step : Click the radio button for 'Everyone'
    ΓÜÖ∩╕Å  DOM HEURISTICS: High confidence match (score 114356)
   Γ£à PASSED  ΓåÆ 's53'

≡ƒº¼ 54
   ≡ƒÉ╛ Step : Click the radio button for 'Friends Only'
    ΓÜÖ∩╕Å  DOM HEURISTICS: High confidence match (score 114533)
   Γ£à PASSED  ΓåÆ 's54'

≡ƒº¼ 55
   ≡ƒÉ╛ Step : Click the radio button for 'Nobody'
    ΓÜÖ∩╕Å  DOM HEURISTICS: High confidence match (score 114356)
   Γ£à PASSED  ΓåÆ 's55'

≡ƒº¼ 56
   ≡ƒÉ╛ Step : Click 'Change Password'
    ΓÜÖ∩╕Å  DOM HEURISTICS: High confidence match (score 103689)
   Γ£à PASSED  ΓåÆ 's56'

≡ƒº¼ 57
   ≡ƒÉ╛ Step : Click 'Enable 2FA'
    ΓÜÖ∩╕Å  DOM HEURISTICS: High confidence match (score 103689)
   Γ£à PASSED  ΓåÆ 's57'

≡ƒº¼ 58
   ≡ƒÉ╛ Step : Click 'Active Sessions'
    ΓÜÖ∩╕Å  DOM HEURISTICS: High confidence match (score 103689)
   Γ£à PASSED  ΓåÆ 's58'

≡ƒº¼ 59
   ≡ƒÉ╛ Step : Click 'Deactivate Account'
    ΓÜÖ∩╕Å  DOM HEURISTICS: High confidence match (score 103689)
   Γ£à PASSED  ΓåÆ 's59'

≡ƒº¼ 60
   ≡ƒÉ╛ Step : Click 'Delete Account Permanently'
    ΓÜÖ∩╕Å  DOM HEURISTICS: High confidence match (score 103867)
   Γ£à PASSED  ΓåÆ 's60'

≡ƒº¼ 61
   ≡ƒÉ╛ Step : Click 'Notifications'
    ΓÜÖ∩╕Å  DOM HEURISTICS: High confidence match (score 103556)
   Γ£à PASSED  ΓåÆ 's61'

≡ƒº¼ 62
   ≡ƒÉ╛ Step : EXTRACT Notification count into {n}
    ΓÜÖ∩╕Å  DOM HEURISTICS: Extracting data via JSΓÇª
    ≡ƒôª COLLECTED: 5
   Γ£à PASSED  ΓåÆ {n} = '5'

≡ƒº¼ 63
   ≡ƒÉ╛ Step : Click 'Mark all as read'
    ΓÜÖ∩╕Å  DOM HEURISTICS: High confidence match (score 103867)
   Γ£à PASSED  ΓåÆ 's62'

≡ƒº¼ 64
   ≡ƒÉ╛ Step : Click 'Filter by Mentions'
    ΓÜÖ∩╕Å  DOM HEURISTICS: High confidence match (score 103689)
   Γ£à PASSED  ΓåÆ 's63'

≡ƒº¼ 65
   ≡ƒÉ╛ Step : Click 'Notification Settings'
    ΓÜÖ∩╕Å  DOM HEURISTICS: High confidence match (score 103778)
   Γ£à PASSED  ΓåÆ 's64'

≡ƒº¼ 66
   ≡ƒÉ╛ Step : Click 'Alex liked your photo'
    ΓÜÖ∩╕Å  DOM HEURISTICS: High confidence match (score 104045)
   Γ£à PASSED  ΓåÆ 's65'

≡ƒº¼ 67
   ≡ƒÉ╛ Step : Click 'Turn off notifications for this post'
    ΓÜÖ∩╕Å  DOM HEURISTICS: High confidence match (score 104400)
   Γ£à PASSED  ΓåÆ 's66'

≡ƒº¼ 68
   ≡ƒÉ╛ Step : Click 'Verified' tab
    ΓÜÖ∩╕Å  DOM HEURISTICS: High confidence match (score 50178)
   Γ£à PASSED  ΓåÆ 's68'

≡ƒº¼ 69
   ≡ƒÉ╛ Step : Click 'Mentions' tab
    ΓÜÖ∩╕Å  DOM HEURISTICS: High confidence match (score 50178)
   Γ£à PASSED  ΓåÆ 's69'

≡ƒº¼ 70
   ≡ƒÉ╛ Step : Click 'Clear Notifications'
    ΓÜÖ∩╕Å  DOM HEURISTICS: High confidence match (score 104106)
   Γ£à PASSED  ΓåÆ 's70'

≡ƒº¼ 71
   ≡ƒÉ╛ Step : Fill 'Search query' with 'Python'
    ΓÜÖ∩╕Å  DOM HEURISTICS: High confidence match (score 174756)
   Γ£à PASSED  ΓåÆ 's71'

≡ƒº¼ 72
   ≡ƒÉ╛ Step : Click 'Clear search'
    ΓÜÖ∩╕Å  DOM HEURISTICS: High confidence match (score 103778)
   Γ£à PASSED  ΓåÆ 's72'

≡ƒº¼ 73
   ≡ƒÉ╛ Step : Click 'Trending'
    ΓÜÖ∩╕Å  DOM HEURISTICS: High confidence match (score 103511)
   Γ£à PASSED  ΓåÆ 's73'

≡ƒº¼ 74
   ≡ƒÉ╛ Step : Click 'News'
    ΓÜÖ∩╕Å  DOM HEURISTICS: High confidence match (score 103511)
   Γ£à PASSED  ΓåÆ 's74'

≡ƒº¼ 75
   ≡ƒÉ╛ Step : Click 'Sports'
    ΓÜÖ∩╕Å  DOM HEURISTICS: High confidence match (score 103511)
   Γ£à PASSED  ΓåÆ 's75'

≡ƒº¼ 76
   ≡ƒÉ╛ Step : Click '#Manul'
    ΓÜÖ∩╕Å  DOM HEURISTICS: High confidence match (score 103511)
   Γ£à PASSED  ΓåÆ 's76'

≡ƒº¼ 77
   ≡ƒÉ╛ Step : Click 'Search Settings'
    ΓÜÖ∩╕Å  DOM HEURISTICS: High confidence match (score 103778)
   Γ£à PASSED  ΓåÆ 's77'

≡ƒº¼ 78
   ≡ƒÉ╛ Step : Click 'Clear recent searches'
    ΓÜÖ∩╕Å  DOM HEURISTICS: High confidence match (score 103867)
   Γ£à PASSED  ΓåÆ 's78'

≡ƒº¼ 79
   ≡ƒÉ╛ Step : Click 'Show more trends'
    ΓÜÖ∩╕Å  DOM HEURISTICS: High confidence match (score 103867)
   Γ£à PASSED  ΓåÆ 's79'

≡ƒº¼ 80
   ≡ƒÉ╛ Step : Fill 'Search messages...' with 'meeting'
    ΓÜÖ∩╕Å  DOM HEURISTICS: High confidence match (score 163645)
   Γ£à PASSED  ΓåÆ 's80'

≡ƒº¼ 81
   ≡ƒÉ╛ Step : Click 'Join Group'
    ΓÜÖ∩╕Å  DOM HEURISTICS: High confidence match (score 103689)
   Γ£à PASSED  ΓåÆ 's81'

≡ƒº¼ 82
   ≡ƒÉ╛ Step : Click 'Leave Group'
    ΓÜÖ∩╕Å  DOM HEURISTICS: High confidence match (score 103689)
   Γ£à PASSED  ΓåÆ 's82'

≡ƒº¼ 83
   ≡ƒÉ╛ Step : Click 'Invite Friends'
    ΓÜÖ∩╕Å  DOM HEURISTICS: High confidence match (score 103689)
   Γ£à PASSED  ΓåÆ 's83'

≡ƒº¼ 84
   ≡ƒÉ╛ Step : Click 'Going'
    ΓÜÖ∩╕Å  DOM HEURISTICS: High confidence match (score 103511)
   Γ£à PASSED  ΓåÆ 's84'

≡ƒº¼ 85
   ≡ƒÉ╛ Step : Click 'Maybe'
    ΓÜÖ∩╕Å  DOM HEURISTICS: High confidence match (score 103511)
   Γ£à PASSED  ΓåÆ 's85'

≡ƒº¼ 86
   ≡ƒÉ╛ Step : Click 'Can\'t Go'
    ΓÜÖ∩╕Å  DOM HEURISTICS: High confidence match (score 103511)
   Γ£à PASSED  ΓåÆ 's86'

≡ƒº¼ 87
   ≡ƒÉ╛ Step : Click 'Create Event'
    ΓÜÖ∩╕Å  DOM HEURISTICS: High confidence match (score 103689)
   Γ£à PASSED  ΓåÆ 's87'

≡ƒº¼ 88
   ≡ƒÉ╛ Step : Fill 'Event Name' with 'Party'
    ΓÜÖ∩╕Å  DOM HEURISTICS: High confidence match (score 163645)
   Γ£à PASSED  ΓåÆ 's88'

≡ƒº¼ 89
   ≡ƒÉ╛ Step : Fill 'Event Description' with 'Fun'
    ΓÜÖ∩╕Å  DOM HEURISTICS: High confidence match (score 163645)
   Γ£à PASSED  ΓåÆ 's89'

≡ƒº¼ 90
   ≡ƒÉ╛ Step : Click 'Publish Event'
    ΓÜÖ∩╕Å  DOM HEURISTICS: High confidence match (score 103689)
   Γ£à PASSED  ΓåÆ 's90'

≡ƒº¼ 91
   ≡ƒÉ╛ Step : Click 'Next Story'
    ΓÜÖ∩╕Å  DOM HEURISTICS: High confidence match (score 103778)
   Γ£à PASSED  ΓåÆ 's91'

≡ƒº¼ 92
   ≡ƒÉ╛ Step : Click 'Previous Story'
    ΓÜÖ∩╕Å  DOM HEURISTICS: High confidence match (score 103778)
   Γ£à PASSED  ΓåÆ 's92'

≡ƒº¼ 93
   ≡ƒÉ╛ Step : Click 'Pause Story'
    ΓÜÖ∩╕Å  DOM HEURISTICS: High confidence match (score 103778)
   Γ£à PASSED  ΓåÆ 's93'

≡ƒº¼ 94
   ≡ƒÉ╛ Step : Fill 'Reply to story' with 'Cool!'
    ΓÜÖ∩╕Å  DOM HEURISTICS: Context reuse match (score 14444)
   Γ£à PASSED  ΓåÆ 's94'

≡ƒº¼ 95
   ≡ƒÉ╛ Step : Click 'Send Reaction ≡ƒÆû'
    ΓÜÖ∩╕Å  DOM HEURISTICS: High confidence match (score 103778)
   Γ£à PASSED  ΓåÆ 's95'

≡ƒº¼ 96
   ≡ƒÉ╛ Step : Click 'Send Reaction ≡ƒöÑ'
    ΓÜÖ∩╕Å  DOM HEURISTICS: High confidence match (score 103778)
   Γ£à PASSED  ΓåÆ 's96'

≡ƒº¼ 97
   ≡ƒÉ╛ Step : Click 'Close Modal'
    ΓÜÖ∩╕Å  DOM HEURISTICS: High confidence match (score 104106)
   Γ£à PASSED  ΓåÆ 's97'

≡ƒº¼ 98
   ≡ƒÉ╛ Step : Click 'Copy Link to Tweet'
    ΓÜÖ∩╕Å  DOM HEURISTICS: High confidence match (score 103867)
   Γ£à PASSED  ΓåÆ 's98'

≡ƒº¼ 99
   ≡ƒÉ╛ Step : Click 'Pin to profile'
    ΓÜÖ∩╕Å  DOM HEURISTICS: High confidence match (score 103689)
   Γ£à PASSED  ΓåÆ 's99'

≡ƒº¼ 100
   ≡ƒÉ╛ Step : Click 'Log Out'
    ΓÜÖ∩╕Å  DOM HEURISTICS: High confidence match (score 103689)
   Γ£à PASSED  ΓåÆ 's100'

======================================================================
≡ƒôè SCORE: 100/100 passed

≡ƒÅå FLAWLESS VICTORY!
======================================================================

======================================================================
ΓÜÖ∩╕Å SAAS & DASHBOARDS HELL: 100 REAL-WORLD TRAPS
======================================================================
    Γä╣∩╕Å  No model configured ΓÇö running in heuristics-only mode (AI disabled).

≡ƒº¼ 1
   ≡ƒÉ╛ Step : Click 'Dashboard'
    ΓÜÖ∩╕Å  DOM HEURISTICS: High confidence match (score 103511)
   Γ£à PASSED  ΓåÆ 'a1'

≡ƒº¼ 2
   ≡ƒÉ╛ Step : Click 'User Management'
    ΓÜÖ∩╕Å  DOM HEURISTICS: High confidence match (score 103689)
   Γ£à PASSED  ΓåÆ 'a2'

≡ƒº¼ 3
   ≡ƒÉ╛ Step : Click 'Billing & Plans'
    ΓÜÖ∩╕Å  DOM HEURISTICS: High confidence match (score 103689)
   Γ£à PASSED  ΓåÆ 'a3'

≡ƒº¼ 4
   ≡ƒÉ╛ Step : Click 'Workspace Settings'
    ΓÜÖ∩╕Å  DOM HEURISTICS: High confidence match (score 103689)
   Γ£à PASSED  ΓåÆ 'a4'

≡ƒº¼ 5
   ≡ƒÉ╛ Step : Click 'Collapse Sidebar'
    ΓÜÖ∩╕Å  DOM HEURISTICS: High confidence match (score 103778)
   Γ£à PASSED  ΓåÆ 'a5'

≡ƒº¼ 6
   ≡ƒÉ╛ Step : Click 'Help & Support'
    ΓÜÖ∩╕Å  DOM HEURISTICS: High confidence match (score 103689)
   Γ£à PASSED  ΓåÆ 'a6'

≡ƒº¼ 7
   ≡ƒÉ╛ Step : Click 'API Keys'
    ΓÜÖ∩╕Å  DOM HEURISTICS: High confidence match (score 103689)
   Γ£à PASSED  ΓåÆ 'a7'

≡ƒº¼ 8
   ≡ƒÉ╛ Step : Click 'Audit Logs'
    ΓÜÖ∩╕Å  DOM HEURISTICS: High confidence match (score 103689)
   Γ£à PASSED  ΓåÆ 'a8'

≡ƒº¼ 9
   ≡ƒÉ╛ Step : Click 'Profile'
    ΓÜÖ∩╕Å  DOM HEURISTICS: High confidence match (score 108511)
   Γ£à PASSED  ΓåÆ 'a9'

≡ƒº¼ 10
   ≡ƒÉ╛ Step : Click 'Sign Out'
    ΓÜÖ∩╕Å  DOM HEURISTICS: High confidence match (score 103689)
   Γ£à PASSED  ΓåÆ 'a10'

≡ƒº¼ 11
   ≡ƒÉ╛ Step : EXTRACT MRR into {mrr}
    ΓÜÖ∩╕Å  DOM HEURISTICS: Extracting data via JSΓÇª
    ≡ƒôª COLLECTED: $45,200
   Γ£à PASSED  ΓåÆ {mrr} = '$45,200'

≡ƒº¼ 12
   ≡ƒÉ╛ Step : Click 'Download Report'
    ΓÜÖ∩╕Å  DOM HEURISTICS: High confidence match (score 103689)
   Γ£à PASSED  ΓåÆ 'a12'

≡ƒº¼ 13
   ≡ƒÉ╛ Step : EXTRACT Active Users into {au}
    ΓÜÖ∩╕Å  DOM HEURISTICS: Extracting data via JSΓÇª
    ≡ƒôª COLLECTED: 1,240
   Γ£à PASSED  ΓåÆ {au} = '1,240'

≡ƒº¼ 14
   ≡ƒÉ╛ Step : Click 'Refresh Data'
    ΓÜÖ∩╕Å  DOM HEURISTICS: High confidence match (score 103778)
   Γ£à PASSED  ΓåÆ 'a14'

≡ƒº¼ 15
   ≡ƒÉ╛ Step : Click 'Export to CSV'
    ΓÜÖ∩╕Å  DOM HEURISTICS: High confidence match (score 103689)
   Γ£à PASSED  ΓåÆ 'a15'

≡ƒº¼ 16
   ≡ƒÉ╛ Step : Click 'Export to PDF'
    ΓÜÖ∩╕Å  DOM HEURISTICS: High confidence match (score 103689)
   Γ£à PASSED  ΓåÆ 'a16'

≡ƒº¼ 17
   ≡ƒÉ╛ Step : Click 'Customize Dashboard'
    ΓÜÖ∩╕Å  DOM HEURISTICS: High confidence match (score 103689)
   Γ£à PASSED  ΓåÆ 'a17'

≡ƒº¼ 18
   ≡ƒÉ╛ Step : Select 'Last 30 days' from dropdown
    ΓÜÖ∩╕Å  DOM HEURISTICS: High confidence match (score 78650)
   Γ£à PASSED  ΓåÆ 'a18'

≡ƒº¼ 19
   ≡ƒÉ╛ Step : Click 'Add Widget'
    ΓÜÖ∩╕Å  DOM HEURISTICS: High confidence match (score 103689)
   Γ£à PASSED  ΓåÆ 'a19'

≡ƒº¼ 20
   ≡ƒÉ╛ Step : VERIFY that 'Server load high' is present
    ΓÜÖ∩╕Å  DOM HEURISTICS: Scanning for ['server load high']
    Γ£à Verified ΓÇö OK
   Γ£à PASSED  ΓåÆ VERIFY returned True

≡ƒº¼ 21
   ≡ƒÉ╛ Step : Fill 'Search users' with 'admin@'
    ΓÜÖ∩╕Å  DOM HEURISTICS: Context reuse match (score 14444)
   Γ£à PASSED  ΓåÆ 'a21'

≡ƒº¼ 22
   ≡ƒÉ╛ Step : Select 'Active' from 'Status'
    ΓÜÖ∩╕Å  DOM HEURISTICS: High confidence match (score 78517)
   Γ£à PASSED  ΓåÆ 'a22'

≡ƒº¼ 23
   ≡ƒÉ╛ Step : Select 'Admin' from 'Role'
    ΓÜÖ∩╕Å  DOM HEURISTICS: High confidence match (score 78517)
   Γ£à PASSED  ΓåÆ 'a23'

≡ƒº¼ 24
   ≡ƒÉ╛ Step : Fill 'Start Date' with '01/01/2026'
    ΓÜÖ∩╕Å  DOM HEURISTICS: High confidence match (score 174756)
   Γ£à PASSED  ΓåÆ 'a24'

≡ƒº¼ 25
   ≡ƒÉ╛ Step : Fill 'End Date' with '01/31/2026'
    ΓÜÖ∩╕Å  DOM HEURISTICS: High confidence match (score 174534)
   Γ£à PASSED  ΓåÆ 'a25'

≡ƒº¼ 26
   ≡ƒÉ╛ Step : Click 'Apply Filters'
    ΓÜÖ∩╕Å  DOM HEURISTICS: High confidence match (score 103689)
   Γ£à PASSED  ΓåÆ 'a26'

≡ƒº¼ 27
   ≡ƒÉ╛ Step : Click 'Clear Filters'
    ΓÜÖ∩╕Å  DOM HEURISTICS: High confidence match (score 103689)
   Γ£à PASSED  ΓåÆ 'a27'

≡ƒº¼ 28
   ≡ƒÉ╛ Step : Click 'Advanced Search'
    ΓÜÖ∩╕Å  DOM HEURISTICS: High confidence match (score 103778)
   Γ£à PASSED  ΓåÆ 'a28'

≡ƒº¼ 29
   ≡ƒÉ╛ Step : Check 'Show deleted records'
    ΓÜÖ∩╕Å  DOM HEURISTICS: High confidence match (score 50711)
   Γ£à PASSED  ΓåÆ 'a29'

≡ƒº¼ 30
   ≡ƒÉ╛ Step : Click 'Save View'
    ΓÜÖ∩╕Å  DOM HEURISTICS: High confidence match (score 103689)
   Γ£à PASSED  ΓåÆ 'a30'

≡ƒº¼ 31
   ≡ƒÉ╛ Step : Check 'Select All Rows'
    ΓÜÖ∩╕Å  DOM HEURISTICS: High confidence match (score 101156)
   Γ£à PASSED  ΓåÆ 'a31'

≡ƒº¼ 32
   ≡ƒÉ╛ Step : Click 'Sort Ascending'
    ΓÜÖ∩╕Å  DOM HEURISTICS: High confidence match (score 103778)
   Γ£à PASSED  ΓåÆ 'a32'

≡ƒº¼ 33
   ≡ƒÉ╛ Step : Check 'Select Alice'
    ΓÜÖ∩╕Å  DOM HEURISTICS: High confidence match (score 100978)
   Γ£à PASSED  ΓåÆ 'a33'

≡ƒº¼ 34
   ≡ƒÉ╛ Step : EXTRACT Role of 'Alice' into {r}
    ΓÜÖ∩╕Å  DOM HEURISTICS: Extracting data via JSΓÇª
    ≡ƒôª COLLECTED: Admin
   Γ£à PASSED  ΓåÆ {r} = 'Admin'

≡ƒº¼ 35
   ≡ƒÉ╛ Step : EXTRACT Status of 'Alice' into {s}
    ΓÜÖ∩╕Å  DOM HEURISTICS: Extracting data via JSΓÇª
    ≡ƒôª COLLECTED: Active
   Γ£à PASSED  ΓåÆ {s} = 'Active'

≡ƒº¼ 36
   ≡ƒÉ╛ Step : Click 'Edit Alice'
    ΓÜÖ∩╕Å  DOM HEURISTICS: High confidence match (score 103778)
   Γ£à PASSED  ΓåÆ 'a36'

≡ƒº¼ 37
   ≡ƒÉ╛ Step : Click 'Suspend Alice'
    ΓÜÖ∩╕Å  DOM HEURISTICS: High confidence match (score 103778)
   Γ£à PASSED  ΓåÆ 'a37'

≡ƒº¼ 38
   ≡ƒÉ╛ Step : Click 'More actions for Alice'
    ΓÜÖ∩╕Å  DOM HEURISTICS: High confidence match (score 104000)
   Γ£à PASSED  ΓåÆ 'a38'

≡ƒº¼ 39
   ≡ƒÉ╛ Step : VERIFY that 'Bulk Delete' is DISABLED
    ΓÜÖ∩╕Å  DOM HEURISTICS: Scanning for ['bulk delete'] [DISABLED]
    Γ£à Element disabled=True
   Γ£à PASSED  ΓåÆ VERIFY returned True

≡ƒº¼ 40
   ≡ƒÉ╛ Step : Click 'Bulk Export'
    ΓÜÖ∩╕Å  DOM HEURISTICS: High confidence match (score 103689)
   Γ£à PASSED  ΓåÆ 'a40'

≡ƒº¼ 41
   ≡ƒÉ╛ Step : VERIFY 'Showing 1 to 10' is present
    ΓÜÖ∩╕Å  DOM HEURISTICS: Scanning for ['showing 1 to 10']
    Γ£à Verified ΓÇö OK
   Γ£à PASSED  ΓåÆ VERIFY returned True

≡ƒº¼ 42
   ≡ƒÉ╛ Step : VERIFY that 'Previous' is DISABLED
    ΓÜÖ∩╕Å  DOM HEURISTICS: Scanning for ['previous'] [DISABLED]
    Γ£à Element disabled=True
   Γ£à PASSED  ΓåÆ VERIFY returned True

≡ƒº¼ 43
   ≡ƒÉ╛ Step : Click '1'
    ΓÜÖ∩╕Å  DOM HEURISTICS: High confidence match (score 103333)
   Γ£à PASSED  ΓåÆ 'a43'

≡ƒº¼ 44
   ≡ƒÉ╛ Step : Click '2'
    ΓÜÖ∩╕Å  DOM HEURISTICS: High confidence match (score 103333)
   Γ£à PASSED  ΓåÆ 'a44'

≡ƒº¼ 45
   ≡ƒÉ╛ Step : Click '3'
    ΓÜÖ∩╕Å  DOM HEURISTICS: High confidence match (score 103333)
   Γ£à PASSED  ΓåÆ 'a45'

≡ƒº¼ 46
   ≡ƒÉ╛ Step : Click 'Next'
    ΓÜÖ∩╕Å  DOM HEURISTICS: High confidence match (score 103511)
   Γ£à PASSED  ΓåÆ 'a46'

≡ƒº¼ 47
   ≡ƒÉ╛ Step : Click 'Last'
    ΓÜÖ∩╕Å  DOM HEURISTICS: High confidence match (score 103511)
   Γ£à PASSED  ΓåÆ 'a47'

≡ƒº¼ 48
   ≡ƒÉ╛ Step : Select '50' from 'Rows per page'
    ΓÜÖ∩╕Å  DOM HEURISTICS: High confidence match (score 178695)
   Γ£à PASSED  ΓåÆ 'a48'

≡ƒº¼ 49
   ≡ƒÉ╛ Step : Fill 'Go to page' with '5'
    ΓÜÖ∩╕Å  DOM HEURISTICS: High confidence match (score 163467)
   Γ£à PASSED  ΓåÆ 'a49'

≡ƒº¼ 50
   ≡ƒÉ╛ Step : Click 'Go'
    ΓÜÖ∩╕Å  DOM HEURISTICS: High confidence match (score 103333)
   Γ£à PASSED  ΓåÆ 'a50'

≡ƒº¼ 51
   ≡ƒÉ╛ Step : Click 'Invite User'
    ΓÜÖ∩╕Å  DOM HEURISTICS: High confidence match (score 103689)
   Γ£à PASSED  ΓåÆ 'a51'

≡ƒº¼ 52
   ≡ƒÉ╛ Step : Fill 'colleague@' with 'test@test.com'
    ΓÜÖ∩╕Å  DOM HEURISTICS: Context reuse match (score 14444)
   Γ£à PASSED  ΓåÆ 'a52'

≡ƒº¼ 53
   ≡ƒÉ╛ Step : Click radio 'Admin'
    ΓÜÖ∩╕Å  DOM HEURISTICS: High confidence match (score 114356)
   Γ£à PASSED  ΓåÆ 'a53'

≡ƒº¼ 54
   ≡ƒÉ╛ Step : Click radio 'Editor'
    ΓÜÖ∩╕Å  DOM HEURISTICS: High confidence match (score 114356)
   Γ£à PASSED  ΓåÆ 'a54'

≡ƒº¼ 55
   ≡ƒÉ╛ Step : VERIFY that 'Viewer' is checked
    ΓÜÖ∩╕Å  DOM HEURISTICS: Scanning for ['viewer'] [CHECKED]
    Γ£à Checkbox checked=True
   Γ£à PASSED  ΓåÆ VERIFY returned True

≡ƒº¼ 56
   ≡ƒÉ╛ Step : Select 'Marketing' from 'Department'
    ΓÜÖ∩╕Å  DOM HEURISTICS: High confidence match (score 78817)
   Γ£à PASSED  ΓåÆ 'a56'

≡ƒº¼ 57
   ≡ƒÉ╛ Step : Check 'Send welcome email'
    ΓÜÖ∩╕Å  DOM HEURISTICS: High confidence match (score 50711)
   Γ£à PASSED  ΓåÆ 'a57'

≡ƒº¼ 58
   ≡ƒÉ╛ Step : Click 'Send Invitation'
    ΓÜÖ∩╕Å  DOM HEURISTICS: High confidence match (score 103689)
   Γ£à PASSED  ΓåÆ 'a58'

≡ƒº¼ 59
   ≡ƒÉ╛ Step : Click 'Cancel'
    ΓÜÖ∩╕Å  DOM HEURISTICS: High confidence match (score 103511)
   Γ£à PASSED  ΓåÆ 'a59'

≡ƒº¼ 60
   ≡ƒÉ╛ Step : Click 'Close Modal'
    ΓÜÖ∩╕Å  DOM HEURISTICS: High confidence match (score 103778)
   Γ£à PASSED  ΓåÆ 'a60'

≡ƒº¼ 61
   ≡ƒÉ╛ Step : Click 'Generate New API Key'
    ΓÜÖ∩╕Å  DOM HEURISTICS: High confidence match (score 104045)
   Γ£à PASSED  ΓåÆ 'a61'

≡ƒº¼ 62
   ≡ƒÉ╛ Step : Fill 'Key Name' with 'Test'
    ΓÜÖ∩╕Å  DOM HEURISTICS: Context reuse match (score 14444)
   Γ£à PASSED  ΓåÆ 'a62'

≡ƒº¼ 63
   ≡ƒÉ╛ Step : Click 'Create Key'
    ΓÜÖ∩╕Å  DOM HEURISTICS: High confidence match (score 103689)
   Γ£à PASSED  ΓåÆ 'a63'

≡ƒº¼ 64
   ≡ƒÉ╛ Step : EXTRACT API Key value into {k}
    ΓÜÖ∩╕Å  DOM HEURISTICS: Extracting data via JSΓÇª
    ≡ƒôª COLLECTED: sk_live_123456789
   Γ£à PASSED  ΓåÆ {k} = 'sk_live_123456789'

≡ƒº¼ 65
   ≡ƒÉ╛ Step : Click 'Reveal API Key'
    ΓÜÖ∩╕Å  DOM HEURISTICS: High confidence match (score 103556)
   Γ£à PASSED  ΓåÆ 'a65'

≡ƒº¼ 66
   ≡ƒÉ╛ Step : Click 'Copy API Key'
    ΓÜÖ∩╕Å  DOM HEURISTICS: High confidence match (score 103556)
   Γ£à PASSED  ΓåÆ 'a66'

≡ƒº¼ 67
   ≡ƒÉ╛ Step : Click 'Revoke Key'
    ΓÜÖ∩╕Å  DOM HEURISTICS: High confidence match (score 103689)
   Γ£à PASSED  ΓåÆ 'a67'

≡ƒº¼ 68
   ≡ƒÉ╛ Step : Click 'Add Webhook'
    ΓÜÖ∩╕Å  DOM HEURISTICS: High confidence match (score 103689)
   Γ£à PASSED  ΓåÆ 'a68'

≡ƒº¼ 69
   ≡ƒÉ╛ Step : Fill 'https://' with 'url'
    ΓÜÖ∩╕Å  DOM HEURISTICS: High confidence match (score 25111)
   Γ£à PASSED  ΓåÆ 'a69'

≡ƒº¼ 70
   ≡ƒÉ╛ Step : Click 'Enable Webhook' switch
    ΓÜÖ∩╕Å  DOM HEURISTICS: High confidence match (score 154134)
   Γ£à PASSED  ΓåÆ 'a70'

≡ƒº¼ 71
   ≡ƒÉ╛ Step : Click 'Upgrade to Enterprise'
    ΓÜÖ∩╕Å  DOM HEURISTICS: High confidence match (score 103689)
   Γ£à PASSED  ΓåÆ 'a71'

≡ƒº¼ 72
   ≡ƒÉ╛ Step : Click 'Add Payment Method'
    ΓÜÖ∩╕Å  DOM HEURISTICS: High confidence match (score 103867)
   Γ£à PASSED  ΓåÆ 'a72'

≡ƒº¼ 73
   ≡ƒÉ╛ Step : Fill 'Cardholder Name' with 'Oleksii'
    ΓÜÖ∩╕Å  DOM HEURISTICS: High confidence match (score 163645)
   Γ£à PASSED  ΓåÆ 'a73'

≡ƒº¼ 74
   ≡ƒÉ╛ Step : Click 'Save Card'
    ΓÜÖ∩╕Å  DOM HEURISTICS: High confidence match (score 103689)
   Γ£à PASSED  ΓåÆ 'a74'

≡ƒº¼ 75
   ≡ƒÉ╛ Step : Click 'Download Invoices'
    ΓÜÖ∩╕Å  DOM HEURISTICS: High confidence match (score 103689)
   Γ£à PASSED  ΓåÆ 'a75'

≡ƒº¼ 76
   ≡ƒÉ╛ Step : Click 'Update Billing Email'
    ΓÜÖ∩╕Å  DOM HEURISTICS: High confidence match (score 103867)
   Γ£à PASSED  ΓåÆ 'a76'

≡ƒº¼ 77
   ≡ƒÉ╛ Step : Fill 'Tax ID' with 'UA123'
    ΓÜÖ∩╕Å  DOM HEURISTICS: Context reuse match (score 14267)
   Γ£à PASSED  ΓåÆ 'a77'

≡ƒº¼ 78
   ≡ƒÉ╛ Step : Click 'Cancel Subscription'
    ΓÜÖ∩╕Å  DOM HEURISTICS: High confidence match (score 103689)
   Γ£à PASSED  ΓåÆ 'a78'

≡ƒº¼ 79
   ≡ƒÉ╛ Step : Click 'Terms of Service'
    ΓÜÖ∩╕Å  DOM HEURISTICS: High confidence match (score 103689)
   Γ£à PASSED  ΓåÆ 'a79'

≡ƒº¼ 80
   ≡ƒÉ╛ Step : Click 'Contact Sales'
    ΓÜÖ∩╕Å  DOM HEURISTICS: High confidence match (score 103689)
   Γ£à PASSED  ΓåÆ 'a80'

≡ƒº¼ 81
   ≡ƒÉ╛ Step : Fill 'Workspace Name' with 'Manul Labs'
    ΓÜÖ∩╕Å  DOM HEURISTICS: High confidence match (score 164089)
   Γ£à PASSED  ΓåÆ 'a81'

≡ƒº¼ 82
   ≡ƒÉ╛ Step : Click 'Upload Logo'
    ΓÜÖ∩╕Å  DOM HEURISTICS: High confidence match (score 100800)
   Γ£à PASSED  ΓåÆ 'a82'

≡ƒº¼ 83
   ≡ƒÉ╛ Step : Select 'EST' from 'Timezone'
    ΓÜÖ∩╕Å  DOM HEURISTICS: High confidence match (score 178950)
   Γ£à PASSED  ΓåÆ 'a83'

≡ƒº¼ 84
   ≡ƒÉ╛ Step : Click 'Require MFA' switch
    ΓÜÖ∩╕Å  DOM HEURISTICS: High confidence match (score 7711)
   Γ£à PASSED  ΓåÆ 'a84'

≡ƒº¼ 85
   ≡ƒÉ╛ Step : Click 'Save Workspace Settings'
    ΓÜÖ∩╕Å  DOM HEURISTICS: High confidence match (score 103867)
   Γ£à PASSED  ΓåÆ 'a85'

≡ƒº¼ 86
   ≡ƒÉ╛ Step : Click 'Transfer Ownership'
    ΓÜÖ∩╕Å  DOM HEURISTICS: High confidence match (score 103689)
   Γ£à PASSED  ΓåÆ 'a86'

≡ƒº¼ 87
   ≡ƒÉ╛ Step : Fill 'Transfer to email' with 'boss@'
    ΓÜÖ∩╕Å  DOM HEURISTICS: High confidence match (score 163645)
   Γ£à PASSED  ΓåÆ 'a87'

≡ƒº¼ 88
   ≡ƒÉ╛ Step : Select 'Ukrainian' from 'Language'
    ΓÜÖ∩╕Å  DOM HEURISTICS: High confidence match (score 178950)
   Γ£à PASSED  ΓåÆ 'a88'

≡ƒº¼ 89
   ≡ƒÉ╛ Step : Click 'Sync Directory'
    ΓÜÖ∩╕Å  DOM HEURISTICS: High confidence match (score 103689)
   Γ£à PASSED  ΓåÆ 'a89'

≡ƒº¼ 90
   ≡ƒÉ╛ Step : Click 'Clear Workspace Cache'
    ΓÜÖ∩╕Å  DOM HEURISTICS: High confidence match (score 103867)
   Γ£à PASSED  ΓåÆ 'a90'

≡ƒº¼ 91
   ≡ƒÉ╛ Step : Click 'Delete Workspace'
    ΓÜÖ∩╕Å  DOM HEURISTICS: High confidence match (score 103689)
   Γ£à PASSED  ΓåÆ 'a91'

≡ƒº¼ 92
   ≡ƒÉ╛ Step : Fill 'Type workspace name' with 'Acme Corp'
    ΓÜÖ∩╕Å  DOM HEURISTICS: Context reuse match (score 14622)
   Γ£à PASSED  ΓåÆ 'a92'

≡ƒº¼ 93
   ≡ƒÉ╛ Step : VERIFY that 'Confirm Deletion' is disabled
    ΓÜÖ∩╕Å  DOM HEURISTICS: Scanning for ['confirm deletion'] [DISABLED]
    Γ£à Element disabled=True
   Γ£à PASSED  ΓåÆ VERIFY returned True

≡ƒº¼ 94
   ≡ƒÉ╛ Step : HOVER over 'Hover me for info'
    ΓÜÖ∩╕Å  DOM HEURISTICS: High confidence match (score 50711)
    ≡ƒÜü  Hovered 'Hover me for info'
   Γ£à PASSED  ΓåÆ execute_step succeeded

≡ƒº¼ 95
   ≡ƒÉ╛ Step : VERIFY that 'Cannot edit this' is disabled
    ΓÜÖ∩╕Å  DOM HEURISTICS: Scanning for ['cannot edit this'] [DISABLED]
    Γ£à Element disabled=True
   Γ£à PASSED  ΓåÆ VERIFY returned True

≡ƒº¼ 96
   ≡ƒÉ╛ Step : Fill 'Readonly data' with 'hacked'
    ΓÜÖ∩╕Å  DOM HEURISTICS: High confidence match (score 104756)
    Γî¿∩╕Å  Typed 'hacked' ΓåÆ 'Readonly data input text'
   Γ£à PASSED  ΓåÆ execute_step succeeded

≡ƒº¼ 97
   ≡ƒÉ╛ Step : Click 'Quick Action 1'
    ΓÜÖ∩╕Å  DOM HEURISTICS: High confidence match (score 103689)
   Γ£à PASSED  ΓåÆ 'a97'

≡ƒº¼ 98
   ≡ƒÉ╛ Step : Click 'Quick Action 2'
    ΓÜÖ∩╕Å  DOM HEURISTICS: High confidence match (score 103689)
   Γ£à PASSED  ΓåÆ 'a98'

≡ƒº¼ 99
   ≡ƒÉ╛ Step : VERIFY 'Progress: 75%' is present
    ΓÜÖ∩╕Å  DOM HEURISTICS: Scanning for ['progress: 75%']
    Γ£à Verified ΓÇö OK
   Γ£à PASSED  ΓåÆ VERIFY returned True

≡ƒº¼ 100
   ≡ƒÉ╛ Step : Click 'Easter Egg Button' if exists
    ΓÜÖ∩╕Å  DOM HEURISTICS: High confidence match (score 6400)
    ≡ƒû▒∩╕Å  Clicked 'Apply Filters'
   Γ£à PASSED  ΓåÆ Optional handled

======================================================================
≡ƒôè SCORE: 100/100 passed

≡ƒÅå FLAWLESS VICTORY!
======================================================================

======================================================================
Γ£ê∩╕Å TRAVEL & BOOKING HELL: 100 REAL-WORLD TRAPS
======================================================================
    Γä╣∩╕Å  No model configured ΓÇö running in heuristics-only mode (AI disabled).

≡ƒº¼ 1
   ≡ƒÉ╛ Step : Click the radio button for 'Round Trip'
    ΓÜÖ∩╕Å  DOM HEURISTICS: High confidence match (score 115533)
   Γ£à PASSED  ΓåÆ 't1'

≡ƒº¼ 2
   ≡ƒÉ╛ Step : Click the radio button for 'One Way'
    ΓÜÖ∩╕Å  DOM HEURISTICS: High confidence match (score 114533)
   Γ£à PASSED  ΓåÆ 't2'

≡ƒº¼ 3
   ≡ƒÉ╛ Step : Click the radio button for 'Multi-city'
    ΓÜÖ∩╕Å  DOM HEURISTICS: High confidence match (score 114533)
   Γ£à PASSED  ΓåÆ 't3'

≡ƒº¼ 4
   ≡ƒÉ╛ Step : Fill 'Flying from' with 'JFK'
    ΓÜÖ∩╕Å  DOM HEURISTICS: High confidence match (score 163645)
   Γ£à PASSED  ΓåÆ 't4'

≡ƒº¼ 5
   ≡ƒÉ╛ Step : Click 'Swap Origin and Destination'
    ΓÜÖ∩╕Å  DOM HEURISTICS: High confidence match (score 104000)
   Γ£à PASSED  ΓåÆ 't5'

≡ƒº¼ 6
   ≡ƒÉ╛ Step : Fill 'Flying to' with 'LHR'
    ΓÜÖ∩╕Å  DOM HEURISTICS: High confidence match (score 163467)
   Γ£à PASSED  ΓåÆ 't6'

≡ƒº¼ 7
   ≡ƒÉ╛ Step : Check 'Direct flights only'
    ΓÜÖ∩╕Å  DOM HEURISTICS: High confidence match (score 50711)
   Γ£à PASSED  ΓåÆ 't7'

≡ƒº¼ 8
   ≡ƒÉ╛ Step : Check 'Add nearby airports'
    ΓÜÖ∩╕Å  DOM HEURISTICS: High confidence match (score 50711)
   Γ£à PASSED  ΓåÆ 't8'

≡ƒº¼ 9
   ≡ƒÉ╛ Step : Click 'Search Flights'
    ΓÜÖ∩╕Å  DOM HEURISTICS: High confidence match (score 103689)
   Γ£à PASSED  ΓåÆ 't9'

≡ƒº¼ 10
   ≡ƒÉ╛ Step : Click 'Explore Deals'
    ΓÜÖ∩╕Å  DOM HEURISTICS: High confidence match (score 103689)
   Γ£à PASSED  ΓåÆ 't10'

≡ƒº¼ 11
   ≡ƒÉ╛ Step : Click 'Depart'
    ΓÜÖ∩╕Å  DOM HEURISTICS: High confidence match (score 100178)
   Γ£à PASSED  ΓåÆ 't11'

≡ƒº¼ 12
   ≡ƒÉ╛ Step : Click 'Return'
    ΓÜÖ∩╕Å  DOM HEURISTICS: High confidence match (score 100178)
   Γ£à PASSED  ΓåÆ 't12'

≡ƒº¼ 13
   ≡ƒÉ╛ Step : Click 'Previous Month'
    ΓÜÖ∩╕Å  DOM HEURISTICS: High confidence match (score 103778)
   Γ£à PASSED  ΓåÆ 't13'

≡ƒº¼ 14
   ≡ƒÉ╛ Step : EXTRACT current month into {m}
    ΓÜÖ∩╕Å  DOM HEURISTICS: Extracting data via JSΓÇª
    ≡ƒôª COLLECTED: March 2026
   Γ£à PASSED  ΓåÆ {m} = 'March 2026'

≡ƒº¼ 15
   ≡ƒÉ╛ Step : Click 'Next Month'
    ΓÜÖ∩╕Å  DOM HEURISTICS: High confidence match (score 103778)
   Γ£à PASSED  ΓåÆ 't15'

≡ƒº¼ 16
   ≡ƒÉ╛ Step : Click 'March 10, 2026'
    ΓÜÖ∩╕Å  DOM HEURISTICS: High confidence match (score 103778)
   Γ£à PASSED  ΓåÆ 't16'

≡ƒº¼ 17
   ≡ƒÉ╛ Step : Click 'March 15, 2026'
    ΓÜÖ∩╕Å  DOM HEURISTICS: High confidence match (score 103778)
   Γ£à PASSED  ΓåÆ 't17'

≡ƒº¼ 18
   ≡ƒÉ╛ Step : VERIFY that 'March 20, 2026' is present
    ΓÜÖ∩╕Å  DOM HEURISTICS: Scanning for ['march 20, 2026']
    Γ£à Verified ΓÇö OK
   Γ£à PASSED  ΓåÆ VERIFY returned True

≡ƒº¼ 19
   ≡ƒÉ╛ Step : Click 'flexible'
    ΓÜÖ∩╕Å  DOM HEURISTICS: High confidence match (score 2711)
   Γ£à PASSED  ΓåÆ 't19'

≡ƒº¼ 20
   ≡ƒÉ╛ Step : Click 'Done (Dates)'
    ΓÜÖ∩╕Å  DOM HEURISTICS: High confidence match (score 103689)
   Γ£à PASSED  ΓåÆ 't20'

≡ƒº¼ 21
   ≡ƒÉ╛ Step : Click 'Adult, Economy'
    ΓÜÖ∩╕Å  DOM HEURISTICS: High confidence match (score 3189)
   Γ£à PASSED  ΓåÆ 't21'

≡ƒº¼ 22
   ≡ƒÉ╛ Step : Click 'Decrease Adults'
    ΓÜÖ∩╕Å  DOM HEURISTICS: High confidence match (score 103778)
   Γ£à PASSED  ΓåÆ 't22'

≡ƒº¼ 23
   ≡ƒÉ╛ Step : EXTRACT Adult count into {ac}
    ΓÜÖ∩╕Å  DOM HEURISTICS: Extracting data via JSΓÇª
    ≡ƒôª COLLECTED: 1
   Γ£à PASSED  ΓåÆ {ac} = '1'

≡ƒº¼ 24
   ≡ƒÉ╛ Step : Click 'Increase Adults'
    ΓÜÖ∩╕Å  DOM HEURISTICS: High confidence match (score 103778)
   Γ£à PASSED  ΓåÆ 't24'

≡ƒº¼ 25
   ≡ƒÉ╛ Step : Click 'Decrease Children'
    ΓÜÖ∩╕Å  DOM HEURISTICS: High confidence match (score 103778)
   Γ£à PASSED  ΓåÆ 't25'

≡ƒº¼ 26
   ≡ƒÉ╛ Step : EXTRACT Children count into {cc}
    ΓÜÖ∩╕Å  DOM HEURISTICS: Extracting data via JSΓÇª
    ≡ƒôª COLLECTED: 0
   Γ£à PASSED  ΓåÆ {cc} = '0'

≡ƒº¼ 27
   ≡ƒÉ╛ Step : Click 'Increase Children'
    ΓÜÖ∩╕Å  DOM HEURISTICS: High confidence match (score 103778)
   Γ£à PASSED  ΓåÆ 't27'

≡ƒº¼ 28
   ≡ƒÉ╛ Step : Select 'Business' from 'Cabin Class'
    ΓÜÖ∩╕Å  DOM HEURISTICS: High confidence match (score 178822)
   Γ£à PASSED  ΓåÆ 't28'

≡ƒº¼ 29
   ≡ƒÉ╛ Step : Click 'Apply Pax'
    ΓÜÖ∩╕Å  DOM HEURISTICS: High confidence match (score 103689)
   Γ£à PASSED  ΓåÆ 't29'

≡ƒº¼ 30
   ≡ƒÉ╛ Step : Click 'Add Infant' if exists
    ΓÜÖ∩╕Å  DOM HEURISTICS: High confidence match (score 2461)
    ≡ƒû▒∩╕Å  Clicked 'Add Cabin Bag (+Γé¼15)'
   Γ£à PASSED  ΓåÆ Optional handled

≡ƒº¼ 31
   ≡ƒÉ╛ Step : Check 'Non-stop'
    ΓÜÖ∩╕Å  DOM HEURISTICS: High confidence match (score 50533)
   Γ£à PASSED  ΓåÆ 't31'

≡ƒº¼ 32
   ≡ƒÉ╛ Step : Check '1 Stop'
    ΓÜÖ∩╕Å  DOM HEURISTICS: High confidence match (score 50356)
   Γ£à PASSED  ΓåÆ 't32'

≡ƒº¼ 33
   ≡ƒÉ╛ Step : Check '2+ Stops'
    ΓÜÖ∩╕Å  DOM HEURISTICS: High confidence match (score 50356)
   Γ£à PASSED  ΓåÆ 't33'

≡ƒº¼ 34
   ≡ƒÉ╛ Step : Click 'Clear All Airlines'
    ΓÜÖ∩╕Å  DOM HEURISTICS: High confidence match (score 103867)
   Γ£à PASSED  ΓåÆ 't34'

≡ƒº¼ 35
   ≡ƒÉ╛ Step : Check 'Lufthansa'
    ΓÜÖ∩╕Å  DOM HEURISTICS: High confidence match (score 50356)
   Γ£à PASSED  ΓåÆ 't35'

≡ƒº¼ 36
   ≡ƒÉ╛ Step : Check 'Ryanair'
    ΓÜÖ∩╕Å  DOM HEURISTICS: High confidence match (score 50356)
   Γ£à PASSED  ΓåÆ 't36'

≡ƒº¼ 37
   ≡ƒÉ╛ Step : Fill 'Departure Time' with '50'
    ΓÜÖ∩╕Å  DOM HEURISTICS: High confidence match (score 164089)
   Γ£à PASSED  ΓåÆ 't37'

≡ƒº¼ 38
   ≡ƒÉ╛ Step : Select 'Duration (Shortest)' from 'Sort by'
    ΓÜÖ∩╕Å  DOM HEURISTICS: High confidence match (score 178978)
   Γ£à PASSED  ΓåÆ 't38'

≡ƒº¼ 39
   ≡ƒÉ╛ Step : Click 'Reset Filters'
    ΓÜÖ∩╕Å  DOM HEURISTICS: High confidence match (score 103689)
   Γ£à PASSED  ΓåÆ 't39'

≡ƒº¼ 40
   ≡ƒÉ╛ Step : Click 'Hide overnight flights' switch
    ΓÜÖ∩╕Å  DOM HEURISTICS: High confidence match (score 103867)
   Γ£à PASSED  ΓåÆ 't40'

≡ƒº¼ 41
   ≡ƒÉ╛ Step : EXTRACT Price of 'Lufthansa' into {p1}
    ΓÜÖ∩╕Å  DOM HEURISTICS: Extracting data via JSΓÇª
    ≡ƒôª COLLECTED: Γé¼129.00
   Γ£à PASSED  ΓåÆ {p1} = 'Γé¼129.00'

≡ƒº¼ 42
   ≡ƒÉ╛ Step : Click 'Select Lufthansa flight'
    ΓÜÖ∩╕Å  DOM HEURISTICS: High confidence match (score 104328)
   Γ£à PASSED  ΓåÆ 't42'

≡ƒº¼ 43
   ≡ƒÉ╛ Step : Click 'View Details'
    ΓÜÖ∩╕Å  DOM HEURISTICS: High confidence match (score 103689)
   Γ£à PASSED  ΓåÆ 't43'

≡ƒº¼ 44
   ≡ƒÉ╛ Step : EXTRACT Price of 'Ryanair' into {p2}
    ΓÜÖ∩╕Å  DOM HEURISTICS: Extracting data via JSΓÇª
    ≡ƒôª COLLECTED: Γé¼19.99
   Γ£à PASSED  ΓåÆ {p2} = 'Γé¼19.99'

≡ƒº¼ 45
   ≡ƒÉ╛ Step : Click 'Select Ryanair flight'
    ΓÜÖ∩╕Å  DOM HEURISTICS: High confidence match (score 104328)
   Γ£à PASSED  ΓåÆ 't45'

≡ƒº¼ 46
   ≡ƒÉ╛ Step : Click 'Show more flights'
    ΓÜÖ∩╕Å  DOM HEURISTICS: High confidence match (score 103867)
   Γ£à PASSED  ΓåÆ 't46'

≡ƒº¼ 47
   ≡ƒÉ╛ Step : Click 'Track Prices'
    ΓÜÖ∩╕Å  DOM HEURISTICS: High confidence match (score 103689)
   Γ£à PASSED  ΓåÆ 't47'

≡ƒº¼ 48
   ≡ƒÉ╛ Step : Fill 'Email for price alerts' with 'a@b.c'
    ΓÜÖ∩╕Å  DOM HEURISTICS: High confidence match (score 174667)
   Γ£à PASSED  ΓåÆ 't48'

≡ƒº¼ 49
   ≡ƒÉ╛ Step : Click 'Set Alert'
    ΓÜÖ∩╕Å  DOM HEURISTICS: High confidence match (score 103689)
   Γ£à PASSED  ΓåÆ 't49'

≡ƒº¼ 50
   ≡ƒÉ╛ Step : VERIFY that 'No flights found' is present
    ΓÜÖ∩╕Å  DOM HEURISTICS: Scanning for ['no flights found']
    Γ£à Verified ΓÇö OK
   Γ£à PASSED  ΓåÆ VERIFY returned True

≡ƒº¼ 51
   ≡ƒÉ╛ Step : Click 'Seat 1A'
    ΓÜÖ∩╕Å  DOM HEURISTICS: High confidence match (score 50222)
   Γ£à PASSED  ΓåÆ 't51'

≡ƒº¼ 52
   ≡ƒÉ╛ Step : VERIFY 'Seat 1B' is present
    ΓÜÖ∩╕Å  DOM HEURISTICS: Scanning for ['seat 1b']
    Γ£à Verified ΓÇö OK
   Γ£à PASSED  ΓåÆ VERIFY returned True

≡ƒº¼ 53
   ≡ƒÉ╛ Step : Click 'Seat 1C'
    ΓÜÖ∩╕Å  DOM HEURISTICS: High confidence match (score 50222)
   Γ£à PASSED  ΓåÆ 't53'

≡ƒº¼ 54
   ≡ƒÉ╛ Step : Click 'Skip Seat Selection'
    ΓÜÖ∩╕Å  DOM HEURISTICS: High confidence match (score 103867)
   Γ£à PASSED  ΓåÆ 't54'

≡ƒº¼ 55
   ≡ƒÉ╛ Step : Click 'Confirm Seats'
    ΓÜÖ∩╕Å  DOM HEURISTICS: High confidence match (score 103689)
   Γ£à PASSED  ΓåÆ 't55'

≡ƒº¼ 56
   ≡ƒÉ╛ Step : Click 'Extra Legroom'
    ΓÜÖ∩╕Å  DOM HEURISTICS: High confidence match (score 4489)
   Γ£à PASSED  ΓåÆ 't56'

≡ƒº¼ 57
   ≡ƒÉ╛ Step : Click 'Window Seat'
    ΓÜÖ∩╕Å  DOM HEURISTICS: High confidence match (score 103689)
   Γ£à PASSED  ΓåÆ 't57'

≡ƒº¼ 58
   ≡ƒÉ╛ Step : Click 'Aisle Seat'
    ΓÜÖ∩╕Å  DOM HEURISTICS: High confidence match (score 103689)
   Γ£à PASSED  ΓåÆ 't58'

≡ƒº¼ 59
   ≡ƒÉ╛ Step : Click 'View upper deck'
    ΓÜÖ∩╕Å  DOM HEURISTICS: High confidence match (score 103867)
   Γ£à PASSED  ΓåÆ 't59'

≡ƒº¼ 60
   ≡ƒÉ╛ Step : VERIFY that 'Next Passenger' is disabled
    ΓÜÖ∩╕Å  DOM HEURISTICS: Scanning for ['next passenger'] [DISABLED]
    Γ£à Element disabled=True
   Γ£à PASSED  ΓåÆ VERIFY returned True

≡ƒº¼ 61
   ≡ƒÉ╛ Step : EXTRACT 'Personal Item' into {bag}
    ΓÜÖ∩╕Å  DOM HEURISTICS: Extracting data via JSΓÇª
    ≡ƒôª COLLECTED: Included
   Γ£à PASSED  ΓåÆ {bag} = 'Included'

≡ƒº¼ 62
   ≡ƒÉ╛ Step : Click 'Add Cabin Bag'
    ΓÜÖ∩╕Å  DOM HEURISTICS: High confidence match (score 4667)
   Γ£à PASSED  ΓåÆ 't62'

≡ƒº¼ 63
   ≡ƒÉ╛ Step : Select '1 (+Γé¼30)' from 'Checked Bags'
    ΓÜÖ∩╕Å  DOM HEURISTICS: High confidence match (score 178972)
   Γ£à PASSED  ΓåÆ 't63'

≡ƒº¼ 64
   ≡ƒÉ╛ Step : Check 'Priority Boarding'
    ΓÜÖ∩╕Å  DOM HEURISTICS: High confidence match (score 50533)
   Γ£à PASSED  ΓåÆ 't64'

≡ƒº¼ 65
   ≡ƒÉ╛ Step : Check 'Fast Track Security'
    ΓÜÖ∩╕Å  DOM HEURISTICS: High confidence match (score 50711)
   Γ£à PASSED  ΓåÆ 't65'

≡ƒº¼ 66
   ≡ƒÉ╛ Step : Click radio 'Yes, protect my trip'
    ΓÜÖ∩╕Å  DOM HEURISTICS: High confidence match (score 114711)
   Γ£à PASSED  ΓåÆ 't66'

≡ƒº¼ 67
   ≡ƒÉ╛ Step : Click radio 'No, I will risk it'
    ΓÜÖ∩╕Å  DOM HEURISTICS: High confidence match (score 114533)
   Γ£à PASSED  ΓåÆ 't67'

≡ƒº¼ 68
   ≡ƒÉ╛ Step : Click 'Read Policy'
    ΓÜÖ∩╕Å  DOM HEURISTICS: High confidence match (score 103689)
   Γ£à PASSED  ΓåÆ 't68'

≡ƒº¼ 69
   ≡ƒÉ╛ Step : Click 'Add Rental Car'
    ΓÜÖ∩╕Å  DOM HEURISTICS: High confidence match (score 103867)
   Γ£à PASSED  ΓåÆ 't69'

≡ƒº¼ 70
   ≡ƒÉ╛ Step : Click 'Continue to Passenger Details'
    ΓÜÖ∩╕Å  DOM HEURISTICS: High confidence match (score 103867)
   Γ£à PASSED  ΓåÆ 't70'

≡ƒº¼ 71
   ≡ƒÉ╛ Step : Select 'Mr' from 'Title'
    ΓÜÖ∩╕Å  DOM HEURISTICS: High confidence match (score 178472)
   Γ£à PASSED  ΓåÆ 't71'

≡ƒº¼ 72
   ≡ƒÉ╛ Step : Fill 'First Name' with 'Oleksii'
    ΓÜÖ∩╕Å  DOM HEURISTICS: Context reuse match (score 14444)
   Γ£à PASSED  ΓåÆ 't72'

≡ƒº¼ 73
   ≡ƒÉ╛ Step : Fill 'Last Name' with 'Smith'
    ΓÜÖ∩╕Å  DOM HEURISTICS: Context reuse match (score 14444)
   Γ£à PASSED  ΓåÆ 't73'

≡ƒº¼ 74
   ≡ƒÉ╛ Step : Fill 'Date of Birth' with '1990-01-01'
    ΓÜÖ∩╕Å  DOM HEURISTICS: High confidence match (score 174756)
   Γ£à PASSED  ΓåÆ 't74'

≡ƒº¼ 75
   ≡ƒÉ╛ Step : Select 'Ukraine' from 'Nationality'
    ΓÜÖ∩╕Å  DOM HEURISTICS: High confidence match (score 178950)
   Γ£à PASSED  ΓåÆ 't75'

≡ƒº¼ 76
   ≡ƒÉ╛ Step : Fill 'Passport Number' with 'XX12345'
    ΓÜÖ∩╕Å  DOM HEURISTICS: High confidence match (score 163645)
   Γ£à PASSED  ΓåÆ 't76'

≡ƒº¼ 77
   ≡ƒÉ╛ Step : Fill 'Passport Expiry' with '2030-01-01'
    ΓÜÖ∩╕Å  DOM HEURISTICS: High confidence match (score 164089)
   Γ£à PASSED  ΓåÆ 't77'

≡ƒº¼ 78
   ≡ƒÉ╛ Step : Fill 'Contact Email' with 'q@q.com'
    ΓÜÖ∩╕Å  DOM HEURISTICS: High confidence match (score 174311)
   Γ£à PASSED  ΓåÆ 't78'

≡ƒº¼ 79
   ≡ƒÉ╛ Step : Fill 'Mobile Number' with '000'
    ΓÜÖ∩╕Å  DOM HEURISTICS: High confidence match (score 163645)
   Γ£à PASSED  ΓåÆ 't79'

≡ƒº¼ 80
   ≡ƒÉ╛ Step : Click 'Save Passenger'
    ΓÜÖ∩╕Å  DOM HEURISTICS: High confidence match (score 103689)
   Γ£à PASSED  ΓåÆ 't80'

≡ƒº¼ 81
   ≡ƒÉ╛ Step : Fill 'Where are you going?' with 'Tokyo'
    ΓÜÖ∩╕Å  DOM HEURISTICS: High confidence match (score 164000)
   Γ£à PASSED  ΓåÆ 't81'

≡ƒº¼ 82
   ≡ƒÉ╛ Step : Click 'Search Hotels'
    ΓÜÖ∩╕Å  DOM HEURISTICS: High confidence match (score 103689)
   Γ£à PASSED  ΓåÆ 't82'

≡ƒº¼ 83
   ≡ƒÉ╛ Step : Check 'traveling for work'
    ΓÜÖ∩╕Å  DOM HEURISTICS: High confidence match (score 1711)
   Γ£à PASSED  ΓåÆ 't83'

≡ƒº¼ 84
   ≡ƒÉ╛ Step : Click 'Map View'
    ΓÜÖ∩╕Å  DOM HEURISTICS: High confidence match (score 4489)
   Γ£à PASSED  ΓåÆ 't84'

≡ƒº¼ 85
   ≡ƒÉ╛ Step : Select '5 Stars' from 'Star Rating'
    ΓÜÖ∩╕Å  DOM HEURISTICS: High confidence match (score 179000)
   Γ£à PASSED  ΓåÆ 't85'

≡ƒº¼ 86
   ≡ƒÉ╛ Step : Check 'Free Cancellation'
    ΓÜÖ∩╕Å  DOM HEURISTICS: High confidence match (score 50533)
   Γ£à PASSED  ΓåÆ 't86'

≡ƒº¼ 87
   ≡ƒÉ╛ Step : Check 'Breakfast Included'
    ΓÜÖ∩╕Å  DOM HEURISTICS: High confidence match (score 50533)
   Γ£à PASSED  ΓåÆ 't87'

≡ƒº¼ 88
   ≡ƒÉ╛ Step : Click 'Book Hilton'
    ΓÜÖ∩╕Å  DOM HEURISTICS: High confidence match (score 103911)
   Γ£à PASSED  ΓåÆ 't88'

≡ƒº¼ 89
   ≡ƒÉ╛ Step : EXTRACT hotel price into {hp}
    ΓÜÖ∩╕Å  DOM HEURISTICS: Extracting data via JSΓÇª
    ≡ƒôª COLLECTED: $150/night
   Γ£à PASSED  ΓåÆ {hp} = '$150/night'

≡ƒº¼ 90
   ≡ƒÉ╛ Step : Click 'Read Guest Reviews'
    ΓÜÖ∩╕Å  DOM HEURISTICS: High confidence match (score 103867)
   Γ£à PASSED  ΓåÆ 't90'

≡ƒº¼ 91
   ≡ƒÉ╛ Step : EXTRACT Flight Total into {ft}
    ΓÜÖ∩╕Å  DOM HEURISTICS: Extracting data via JSΓÇª
    ≡ƒôª COLLECTED: $250.00
   Γ£à PASSED  ΓåÆ {ft} = '$250.00'

≡ƒº¼ 92
   ≡ƒÉ╛ Step : EXTRACT Taxes into {tax}
    ΓÜÖ∩╕Å  DOM HEURISTICS: Extracting data via JSΓÇª
    ≡ƒôª COLLECTED: $45.50
   Γ£à PASSED  ΓåÆ {tax} = '$45.50'

≡ƒº¼ 93
   ≡ƒÉ╛ Step : EXTRACT Grand Total into {gt}
    ΓÜÖ∩╕Å  DOM HEURISTICS: Extracting data via JSΓÇª
    ≡ƒôª COLLECTED: $295.50
   Γ£à PASSED  ΓåÆ {gt} = '$295.50'

≡ƒº¼ 94
   ≡ƒÉ╛ Step : Fill 'Voucher Code' with 'SAVE50'
    ΓÜÖ∩╕Å  DOM HEURISTICS: Context reuse match (score 12844)
   Γ£à PASSED  ΓåÆ 't94'

≡ƒº¼ 95
   ≡ƒÉ╛ Step : Click 'Apply Voucher'
    ΓÜÖ∩╕Å  DOM HEURISTICS: High confidence match (score 103689)
   Γ£à PASSED  ΓåÆ 't95'

≡ƒº¼ 96
   ≡ƒÉ╛ Step : Check 'Terms & Conditions'
    ΓÜÖ∩╕Å  DOM HEURISTICS: High confidence match (score 1533)
   Γ£à PASSED  ΓåÆ 't96'

≡ƒº¼ 97
   ≡ƒÉ╛ Step : Check 'Hazmat Policy'
    ΓÜÖ∩╕Å  DOM HEURISTICS: High confidence match (score 1383)
   Γ£à PASSED  ΓåÆ 't97'

≡ƒº¼ 98
   ≡ƒÉ╛ Step : Click 'Pay Now'
    ΓÜÖ∩╕Å  DOM HEURISTICS: High confidence match (score 103689)
   Γ£à PASSED  ΓåÆ 't98'

≡ƒº¼ 99
   ≡ƒÉ╛ Step : Click 'Save Cart'
    ΓÜÖ∩╕Å  DOM HEURISTICS: High confidence match (score 103689)
   Γ£à PASSED  ΓåÆ 't99'

≡ƒº¼ 100
   ≡ƒÉ╛ Step : Click 'Back to Home'
    ΓÜÖ∩╕Å  DOM HEURISTICS: High confidence match (score 103689)
   Γ£à PASSED  ΓåÆ 't100'

======================================================================
≡ƒôè SCORE: 100/100 passed

≡ƒÅå FLAWLESS VICTORY!
======================================================================

======================================================================
≡ƒÆ░ FINTECH & CRYPTO HELL: 100 REAL-WORLD TRAPS
======================================================================
    Γä╣∩╕Å  No model configured ΓÇö running in heuristics-only mode (AI disabled).

≡ƒº¼ 1
   ≡ƒÉ╛ Step : EXTRACT Total Balance into {tb}
    ΓÜÖ∩╕Å  DOM HEURISTICS: Extracting data via JSΓÇª
    ≡ƒôª COLLECTED: $124,500.00
   Γ£à PASSED  ΓåÆ {tb} = '$124,500.00'

≡ƒº¼ 2
   ≡ƒÉ╛ Step : Click 'Reveal Balance'
    ΓÜÖ∩╕Å  DOM HEURISTICS: High confidence match (score 103778)
   Γ£à PASSED  ΓåÆ 'f2'

≡ƒº¼ 3
   ≡ƒÉ╛ Step : EXTRACT Checking balance into {cb}
    ΓÜÖ∩╕Å  DOM HEURISTICS: Extracting data via JSΓÇª
    ≡ƒôª COLLECTED: $5,000.00
   Γ£à PASSED  ΓåÆ {cb} = '$5,000.00'

≡ƒº¼ 4
   ≡ƒÉ╛ Step : EXTRACT Savings balance into {sb}
    ΓÜÖ∩╕Å  DOM HEURISTICS: Extracting data via JSΓÇª
    ≡ƒôª COLLECTED: $119,500.00
   Γ£à PASSED  ΓåÆ {sb} = '$119,500.00'

≡ƒº¼ 5
   ≡ƒÉ╛ Step : Click 'Add Funds'
    ΓÜÖ∩╕Å  DOM HEURISTICS: High confidence match (score 103689)
   Γ£à PASSED  ΓåÆ 'f5'

≡ƒº¼ 6
   ≡ƒÉ╛ Step : Click 'Withdraw'
    ΓÜÖ∩╕Å  DOM HEURISTICS: High confidence match (score 103511)
   Γ£à PASSED  ΓåÆ 'f6'

≡ƒº¼ 7
   ≡ƒÉ╛ Step : Click 'Quick Transfer'
    ΓÜÖ∩╕Å  DOM HEURISTICS: High confidence match (score 103689)
   Γ£à PASSED  ΓåÆ 'f7'

≡ƒº¼ 8
   ≡ƒÉ╛ Step : Click 'Download Statements'
    ΓÜÖ∩╕Å  DOM HEURISTICS: High confidence match (score 103689)
   Γ£à PASSED  ΓåÆ 'f8'

≡ƒº¼ 9
   ≡ƒÉ╛ Step : Click 'Hide zero balances' switch
    ΓÜÖ∩╕Å  DOM HEURISTICS: High confidence match (score 103867)
   Γ£à PASSED  ΓåÆ 'f9'

≡ƒº¼ 10
   ≡ƒÉ╛ Step : Click 'Account Settings'
    ΓÜÖ∩╕Å  DOM HEURISTICS: High confidence match (score 103778)
   Γ£à PASSED  ΓåÆ 'f10'

≡ƒº¼ 11
   ≡ƒÉ╛ Step : Fill 'Recipient Name or IBAN' with 'UA12345'
    ΓÜÖ∩╕Å  DOM HEURISTICS: High confidence match (score 163822)
   Γ£à PASSED  ΓåÆ 'f11'

≡ƒº¼ 12
   ≡ƒÉ╛ Step : Fill 'Amount to Send' with '500'
    ΓÜÖ∩╕Å  DOM HEURISTICS: High confidence match (score 164089)
   Γ£à PASSED  ΓåÆ 'f12'

≡ƒº¼ 13
   ≡ƒÉ╛ Step : Select 'EUR' from 'Currency'
    ΓÜÖ∩╕Å  DOM HEURISTICS: High confidence match (score 178650)
   Γ£à PASSED  ΓåÆ 'f13'

≡ƒº¼ 14
   ≡ƒÉ╛ Step : Fill 'Reference' with 'Rent'
    ΓÜÖ∩╕Å  DOM HEURISTICS: Context reuse match (score 14267)
   Γ£à PASSED  ΓåÆ 'f14'

≡ƒº¼ 15
   ≡ƒÉ╛ Step : Click radio 'Standard (Free)'
    ΓÜÖ∩╕Å  DOM HEURISTICS: High confidence match (score 114533)
   Γ£à PASSED  ΓåÆ 'f15'

≡ƒº¼ 16
   ≡ƒÉ╛ Step : Click radio 'Instant'
    ΓÜÖ∩╕Å  DOM HEURISTICS: High confidence match (score 55689)
   Γ£à PASSED  ΓåÆ 'f16'

≡ƒº¼ 17
   ≡ƒÉ╛ Step : Click 'Review Transfer'
    ΓÜÖ∩╕Å  DOM HEURISTICS: High confidence match (score 103689)
   Γ£à PASSED  ΓåÆ 'f17'

≡ƒº¼ 18
   ≡ƒÉ╛ Step : Click 'Save as Template'
    ΓÜÖ∩╕Å  DOM HEURISTICS: High confidence match (score 103689)
   Γ£à PASSED  ΓåÆ 'f18'

≡ƒº¼ 19
   ≡ƒÉ╛ Step : Click 'Schedule for later'
    ΓÜÖ∩╕Å  DOM HEURISTICS: High confidence match (score 103867)
   Γ£à PASSED  ΓåÆ 'f19'

≡ƒº¼ 20
   ≡ƒÉ╛ Step : Click 'Cancel Transfer' if exists
    ΓÜÖ∩╕Å  DOM HEURISTICS: High confidence match (score 2461)
    ≡ƒû▒∩╕Å  Clicked 'Quick Transfer'
   Γ£à PASSED  ΓåÆ Optional handled

≡ƒº¼ 21
   ≡ƒÉ╛ Step : EXTRACT Crypto pair into {pair}
    ΓÜÖ∩╕Å  DOM HEURISTICS: Extracting data via JSΓÇª
    ≡ƒôª COLLECTED: BTC/USDT
   Γ£à PASSED  ΓåÆ {pair} = 'BTC/USDT'

≡ƒº¼ 22
   ≡ƒÉ╛ Step : Click 'Change Pair'
    ΓÜÖ∩╕Å  DOM HEURISTICS: High confidence match (score 103689)
   Γ£à PASSED  ΓåÆ 'f22'

≡ƒº¼ 23
   ≡ƒÉ╛ Step : Click 'Buy' tab
    ΓÜÖ∩╕Å  DOM HEURISTICS: High confidence match (score 103511)
   Γ£à PASSED  ΓåÆ 'f23'

≡ƒº¼ 24
   ≡ƒÉ╛ Step : Click 'Sell' tab
    ΓÜÖ∩╕Å  DOM HEURISTICS: High confidence match (score 103511)
   Γ£à PASSED  ΓåÆ 'f24'

≡ƒº¼ 25
   ≡ƒÉ╛ Step : Select 'Limit' from 'Order Type'
    ΓÜÖ∩╕Å  DOM HEURISTICS: High confidence match (score 179172)
   Γ£à PASSED  ΓåÆ 'f25'

≡ƒº¼ 26
   ≡ƒÉ╛ Step : Fill 'Price (USDT)' with '90000'
    ΓÜÖ∩╕Å  DOM HEURISTICS: High confidence match (score 163645)
   Γ£à PASSED  ΓåÆ 'f26'

≡ƒº¼ 27
   ≡ƒÉ╛ Step : Fill 'Amount (BTC)' with '0.1'
    ΓÜÖ∩╕Å  DOM HEURISTICS: High confidence match (score 163645)
   Γ£à PASSED  ΓåÆ 'f27'

≡ƒº¼ 28
   ≡ƒÉ╛ Step : Fill 'Leverage Slider' with '10'
    ΓÜÖ∩╕Å  DOM HEURISTICS: High confidence match (score 164089)
   Γ£à PASSED  ΓåÆ 'f28'

≡ƒº¼ 29
   ≡ƒÉ╛ Step : Click 'Execute Buy'
    ΓÜÖ∩╕Å  DOM HEURISTICS: High confidence match (score 103689)
   Γ£à PASSED  ΓåÆ 'f29'

≡ƒº¼ 30
   ≡ƒÉ╛ Step : VERIFY that 'Est. Fee: 0.1%' is present
    ΓÜÖ∩╕Å  DOM HEURISTICS: Scanning for ['est. fee: 0.1%']
    Γ£à Verified ΓÇö OK
   Γ£à PASSED  ΓåÆ VERIFY returned True

≡ƒº¼ 31
   ≡ƒÉ╛ Step : EXTRACT Coffee Shop amount into {amt}
    ΓÜÖ∩╕Å  DOM HEURISTICS: Extracting data via JSΓÇª
    ≡ƒôª COLLECTED: -$4.50
   Γ£à PASSED  ΓåÆ {amt} = '-$4.50'

≡ƒº¼ 32
   ≡ƒÉ╛ Step : EXTRACT Coffee Shop status into {stat}
    ΓÜÖ∩╕Å  DOM HEURISTICS: Extracting data via JSΓÇª
    ≡ƒôª COLLECTED: Completed
   Γ£à PASSED  ΓåÆ {stat} = 'Completed'

≡ƒº¼ 33
   ≡ƒÉ╛ Step : Click 'Dispute'
    ΓÜÖ∩╕Å  DOM HEURISTICS: High confidence match (score 103511)
   Γ£à PASSED  ΓåÆ 'f33'

≡ƒº¼ 34
   ≡ƒÉ╛ Step : EXTRACT Salary amount into {sal}
    ΓÜÖ∩╕Å  DOM HEURISTICS: Extracting data via JSΓÇª
    ≡ƒôª COLLECTED: +$5,000.00
   Γ£à PASSED  ΓåÆ {sal} = '+$5,000.00'

≡ƒº¼ 35
   ≡ƒÉ╛ Step : EXTRACT Salary status into {sstat}
    ΓÜÖ∩╕Å  DOM HEURISTICS: Extracting data via JSΓÇª
    ≡ƒôª COLLECTED: Pending
   Γ£à PASSED  ΓåÆ {sstat} = 'Pending'

≡ƒº¼ 36
   ≡ƒÉ╛ Step : Click 'View Receipt'
    ΓÜÖ∩╕Å  DOM HEURISTICS: High confidence match (score 103689)
   Γ£à PASSED  ΓåÆ 'f36'

≡ƒº¼ 37
   ≡ƒÉ╛ Step : Click 'Load More Transactions'
    ΓÜÖ∩╕Å  DOM HEURISTICS: High confidence match (score 103867)
   Γ£à PASSED  ΓåÆ 'f37'

≡ƒº¼ 38
   ≡ƒÉ╛ Step : Fill 'Search transactions' with 'Uber'
    ΓÜÖ∩╕Å  DOM HEURISTICS: High confidence match (score 163645)
   Γ£à PASSED  ΓåÆ 'f38'

≡ƒº¼ 39
   ≡ƒÉ╛ Step : Click 'Export to CSV'
    ΓÜÖ∩╕Å  DOM HEURISTICS: High confidence match (score 103689)
   Γ£à PASSED  ΓåÆ 'f39'

≡ƒº¼ 40
   ≡ƒÉ╛ Step : Click 'Export to PDF'
    ΓÜÖ∩╕Å  DOM HEURISTICS: High confidence match (score 103689)
   Γ£à PASSED  ΓåÆ 'f40'

≡ƒº¼ 41
   ≡ƒÉ╛ Step : Fill 'Enter Current PIN' with '1111'
    ΓÜÖ∩╕Å  DOM HEURISTICS: High confidence match (score 163822)
   Γ£à PASSED  ΓåÆ 'f41'

≡ƒº¼ 42
   ≡ƒÉ╛ Step : Fill 'Enter New PIN' with '2222'
    ΓÜÖ∩╕Å  DOM HEURISTICS: High confidence match (score 163822)
   Γ£à PASSED  ΓåÆ 'f42'

≡ƒº¼ 43
   ≡ƒÉ╛ Step : Fill 'Confirm New PIN' with '2222'
    ΓÜÖ∩╕Å  DOM HEURISTICS: High confidence match (score 163822)
   Γ£à PASSED  ΓåÆ 'f43'

≡ƒº¼ 44
   ≡ƒÉ╛ Step : Click 'Update PIN'
    ΓÜÖ∩╕Å  DOM HEURISTICS: High confidence match (score 103689)
   Γ£à PASSED  ΓåÆ 'f44'

≡ƒº¼ 45
   ≡ƒÉ╛ Step : Fill 'OTP Code' with '654321'
    ΓÜÖ∩╕Å  DOM HEURISTICS: Context reuse match (score 12994)
   Γ£à PASSED  ΓåÆ 'f45'

≡ƒº¼ 46
   ≡ƒÉ╛ Step : Click 'Verify OTP'
    ΓÜÖ∩╕Å  DOM HEURISTICS: High confidence match (score 103689)
   Γ£à PASSED  ΓåÆ 'f46'

≡ƒº¼ 47
   ≡ƒÉ╛ Step : Click 'Resend SMS'
    ΓÜÖ∩╕Å  DOM HEURISTICS: High confidence match (score 103689)
   Γ£à PASSED  ΓåÆ 'f47'

≡ƒº¼ 48
   ≡ƒÉ╛ Step : Click 'Enable FaceID' switch
    ΓÜÖ∩╕Å  DOM HEURISTICS: High confidence match (score 103689)
   Γ£à PASSED  ΓåÆ 'f48'

≡ƒº¼ 49
   ≡ƒÉ╛ Step : Click 'Register Hardware Key'
    ΓÜÖ∩╕Å  DOM HEURISTICS: High confidence match (score 103867)
   Γ£à PASSED  ΓåÆ 'f49'

≡ƒº¼ 50
   ≡ƒÉ╛ Step : Click 'Lock Account'
    ΓÜÖ∩╕Å  DOM HEURISTICS: High confidence match (score 103689)
   Γ£à PASSED  ΓåÆ 'f50'

≡ƒº¼ 51
   ≡ƒÉ╛ Step : EXTRACT card ending into {end}
    ΓÜÖ∩╕Å  DOM HEURISTICS: Extracting data via JSΓÇª
    ≡ƒôª COLLECTED: 1234
   Γ£à PASSED  ΓåÆ {end} = '1234'

≡ƒº¼ 52
   ≡ƒÉ╛ Step : Click 'Show Card Details'
    ΓÜÖ∩╕Å  DOM HEURISTICS: High confidence match (score 103867)
   Γ£à PASSED  ΓåÆ 'f52'

≡ƒº¼ 53
   ≡ƒÉ╛ Step : Click 'Copy Card Number'
    ΓÜÖ∩╕Å  DOM HEURISTICS: High confidence match (score 104000)
   Γ£à PASSED  ΓåÆ 'f53'

≡ƒº¼ 54
   ≡ƒÉ╛ Step : Click 'Freeze Card'
    ΓÜÖ∩╕Å  DOM HEURISTICS: High confidence match (score 103689)
   Γ£à PASSED  ΓåÆ 'f54'

≡ƒº¼ 55
   ≡ƒÉ╛ Step : Click 'Report Lost/Stolen'
    ΓÜÖ∩╕Å  DOM HEURISTICS: High confidence match (score 103867)
   Γ£à PASSED  ΓåÆ 'f55'

≡ƒº¼ 56
   ≡ƒÉ╛ Step : Click 'Change Limits'
    ΓÜÖ∩╕Å  DOM HEURISTICS: High confidence match (score 103689)
   Γ£à PASSED  ΓåÆ 'f56'

≡ƒº¼ 57
   ≡ƒÉ╛ Step : Fill 'Daily Limit' with '500'
    ΓÜÖ∩╕Å  DOM HEURISTICS: High confidence match (score 163645)
   Γ£à PASSED  ΓåÆ 'f57'

≡ƒº¼ 58
   ≡ƒÉ╛ Step : Click 'Save Limits'
    ΓÜÖ∩╕Å  DOM HEURISTICS: High confidence match (score 103689)
   Γ£à PASSED  ΓåÆ 'f58'

≡ƒº¼ 59
   ≡ƒÉ╛ Step : Click 'Create Virtual Card'
    ΓÜÖ∩╕Å  DOM HEURISTICS: High confidence match (score 103867)
   Γ£à PASSED  ΓåÆ 'f59'

≡ƒº¼ 60
   ≡ƒÉ╛ Step : Click 'Online Purchases'
    ΓÜÖ∩╕Å  DOM HEURISTICS: High confidence match (score 103689)
   Γ£à PASSED  ΓåÆ 'f60'

≡ƒº¼ 61
   ≡ƒÉ╛ Step : Fill 'Legal Name' with 'Oleksii'
    ΓÜÖ∩╕Å  DOM HEURISTICS: High confidence match (score 163645)
   Γ£à PASSED  ΓåÆ 'f61'

≡ƒº¼ 62
   ≡ƒÉ╛ Step : Fill 'Date of Birth' with '1990-01-01'
    ΓÜÖ∩╕Å  DOM HEURISTICS: High confidence match (score 174756)
   Γ£à PASSED  ΓåÆ 'f62'

≡ƒº¼ 63
   ≡ƒÉ╛ Step : Fill 'Residential Address' with 'Kyiv'
    ΓÜÖ∩╕Å  DOM HEURISTICS: High confidence match (score 163645)
   Γ£à PASSED  ΓåÆ 'f63'

≡ƒº¼ 64
   ≡ƒÉ╛ Step : Click 'Verify Identity (KYC)'
    ΓÜÖ∩╕Å  DOM HEURISTICS: High confidence match (score 103867)
   Γ£à PASSED  ΓåÆ 'f64'

≡ƒº¼ 65
   ≡ƒÉ╛ Step : Select 'Metal' from 'Account Tier'
    ΓÜÖ∩╕Å  DOM HEURISTICS: High confidence match (score 178872)
   Γ£à PASSED  ΓåÆ 'f65'

≡ƒº¼ 66
   ≡ƒÉ╛ Step : Click radio 'Low Risk'
    ΓÜÖ∩╕Å  DOM HEURISTICS: High confidence match (score 115533)
   Γ£à PASSED  ΓåÆ 'f66'

≡ƒº¼ 67
   ≡ƒÉ╛ Step : Click radio 'Medium Risk'
    ΓÜÖ∩╕Å  DOM HEURISTICS: High confidence match (score 115533)
   Γ£à PASSED  ΓåÆ 'f67'

≡ƒº¼ 68
   ≡ƒÉ╛ Step : Click radio 'High Risk'
    ΓÜÖ∩╕Å  DOM HEURISTICS: High confidence match (score 115533)
   Γ£à PASSED  ΓåÆ 'f68'

≡ƒº¼ 69
   ≡ƒÉ╛ Step : Click 'Save Profile'
    ΓÜÖ∩╕Å  DOM HEURISTICS: High confidence match (score 103689)
   Γ£à PASSED  ΓåÆ 'f69'

≡ƒº¼ 70
   ≡ƒÉ╛ Step : Click 'Tax Documents'
    ΓÜÖ∩╕Å  DOM HEURISTICS: High confidence match (score 103689)
   Γ£à PASSED  ΓåÆ 'f70'

≡ƒº¼ 71
   ≡ƒÉ╛ Step : Fill 'Loan Amount' with '20000'
    ΓÜÖ∩╕Å  DOM HEURISTICS: High confidence match (score 164089)
   Γ£à PASSED  ΓåÆ 'f71'

≡ƒº¼ 72
   ≡ƒÉ╛ Step : VERIFY '$10,000' is present
    ΓÜÖ∩╕Å  DOM HEURISTICS: Scanning for ['$10,000']
    Γ£à Verified ΓÇö OK
   Γ£à PASSED  ΓåÆ VERIFY returned True

≡ƒº¼ 73
   ≡ƒÉ╛ Step : Select '24 Months' from 'Term'
    ΓÜÖ∩╕Å  DOM HEURISTICS: High confidence match (score 178800)
   Γ£à PASSED  ΓåÆ 'f73'

≡ƒº¼ 74
   ≡ƒÉ╛ Step : EXTRACT Interest Rate into {rate}
    ΓÜÖ∩╕Å  DOM HEURISTICS: Extracting data via JSΓÇª
    ≡ƒôª COLLECTED: 5.99%
   Γ£à PASSED  ΓåÆ {rate} = '5.99%'

≡ƒº¼ 75
   ≡ƒÉ╛ Step : EXTRACT Monthly Payment into {pay}
    ΓÜÖ∩╕Å  DOM HEURISTICS: Extracting data via JSΓÇª
    ≡ƒôª COLLECTED: $860.00
   Γ£à PASSED  ΓåÆ {pay} = '$860.00'

≡ƒº¼ 76
   ≡ƒÉ╛ Step : Click 'Apply for Loan'
    ΓÜÖ∩╕Å  DOM HEURISTICS: High confidence match (score 103867)
   Γ£à PASSED  ΓåÆ 'f76'

≡ƒº¼ 77
   ≡ƒÉ╛ Step : Click 'View Amortization Schedule'
    ΓÜÖ∩╕Å  DOM HEURISTICS: High confidence match (score 103867)
   Γ£à PASSED  ΓåÆ 'f77'

≡ƒº¼ 78
   ≡ƒÉ╛ Step : Check 'Include Payment Protection'
    ΓÜÖ∩╕Å  DOM HEURISTICS: High confidence match (score 50711)
   Γ£à PASSED  ΓåÆ 'f78'

≡ƒº¼ 79
   ≡ƒÉ╛ Step : Click 'Pay Early'
    ΓÜÖ∩╕Å  DOM HEURISTICS: High confidence match (score 103689)
   Γ£à PASSED  ΓåÆ 'f79'

≡ƒº¼ 80
   ≡ƒÉ╛ Step : VERIFY 'Credit Score: 750' is present
    ΓÜÖ∩╕Å  DOM HEURISTICS: Scanning for ['credit score: 750']
    Γ£à Verified ΓÇö OK
   Γ£à PASSED  ΓåÆ VERIFY returned True

≡ƒº¼ 81
   ≡ƒÉ╛ Step : Click 'Create Portfolio'
    ΓÜÖ∩╕Å  DOM HEURISTICS: High confidence match (score 103689)
   Γ£à PASSED  ΓåÆ 'f81'

≡ƒº¼ 82
   ≡ƒÉ╛ Step : Fill 'Ticker' with 'TSLA'
    ΓÜÖ∩╕Å  DOM HEURISTICS: Context reuse match (score 14267)
   Γ£à PASSED  ΓåÆ 'f82'

≡ƒº¼ 83
   ≡ƒÉ╛ Step : Click 'Search Asset'
    ΓÜÖ∩╕Å  DOM HEURISTICS: High confidence match (score 103689)
   Γ£à PASSED  ΓåÆ 'f83'

≡ƒº¼ 84
   ≡ƒÉ╛ Step : Click 'Auto-Invest' switch
    ΓÜÖ∩╕Å  DOM HEURISTICS: High confidence match (score 103689)
   Γ£à PASSED  ΓåÆ 'f84'

≡ƒº¼ 85
   ≡ƒÉ╛ Step : Fill 'Auto-deposit amount' with '100'
    ΓÜÖ∩╕Å  DOM HEURISTICS: High confidence match (score 163822)
   Γ£à PASSED  ΓåÆ 'f85'

≡ƒº¼ 86
   ≡ƒÉ╛ Step : Select 'Monthly' from 'Frequency'
    ΓÜÖ∩╕Å  DOM HEURISTICS: High confidence match (score 178950)
   Γ£à PASSED  ΓåÆ 'f86'

≡ƒº¼ 87
   ≡ƒÉ╛ Step : Click 'Confirm Auto-Invest'
    ΓÜÖ∩╕Å  DOM HEURISTICS: High confidence match (score 103867)
   Γ£à PASSED  ΓåÆ 'f87'

≡ƒº¼ 88
   ≡ƒÉ╛ Step : Click 'Rebalance Portfolio'
    ΓÜÖ∩╕Å  DOM HEURISTICS: High confidence match (score 103689)
   Γ£à PASSED  ΓåÆ 'f88'

≡ƒº¼ 89
   ≡ƒÉ╛ Step : EXTRACT YTD Return into {ytd}
    ΓÜÖ∩╕Å  DOM HEURISTICS: Extracting data via JSΓÇª
    ≡ƒôª COLLECTED: +12.4%
   Γ£à PASSED  ΓåÆ {ytd} = '+12.4%'

≡ƒº¼ 90
   ≡ƒÉ╛ Step : Click 'Withdraw Funds'
    ΓÜÖ∩╕Å  DOM HEURISTICS: High confidence match (score 103689)
   Γ£à PASSED  ΓåÆ 'f90'

≡ƒº¼ 91
   ≡ƒÉ╛ Step : Click 'Stay Logged In'
    ΓÜÖ∩╕Å  DOM HEURISTICS: High confidence match (score 103689)
   Γ£à PASSED  ΓåÆ 'f91'

≡ƒº¼ 92
   ≡ƒÉ╛ Step : Click 'Log Out Now'
    ΓÜÖ∩╕Å  DOM HEURISTICS: High confidence match (score 103867)
   Γ£à PASSED  ΓåÆ 'f92'

≡ƒº¼ 93
   ≡ƒÉ╛ Step : VERIFY 'Transfer Successful' is present
    ΓÜÖ∩╕Å  DOM HEURISTICS: Scanning for ['transfer successful']
    Γ£à Verified ΓÇö OK
   Γ£à PASSED  ΓåÆ VERIFY returned True

≡ƒº¼ 94
   ≡ƒÉ╛ Step : Click 'Dismiss Alert'
    ΓÜÖ∩╕Å  DOM HEURISTICS: High confidence match (score 103778)
   Γ£à PASSED  ΓåÆ 'f94'

≡ƒº¼ 95
   ≡ƒÉ╛ Step : Click 'Confirm' in transfer
    ΓÜÖ∩╕Å  DOM HEURISTICS: High confidence match (score 107067)
   Γ£à PASSED  ΓåÆ 'f95'

≡ƒº¼ 96
   ≡ƒÉ╛ Step : Click 'Confirm' to delete
    ΓÜÖ∩╕Å  DOM HEURISTICS: High confidence match (score 107067)
   Γ£à PASSED  ΓåÆ 'f96'

≡ƒº¼ 97
   ≡ƒÉ╛ Step : Click 'Confirm'
    ΓÜÖ∩╕Å  DOM HEURISTICS: High confidence match (score 103511)
   Γ£à PASSED  ΓåÆ 'f95'

≡ƒº¼ 98
   ≡ƒÉ╛ Step : Click 'Acknowledge Risk'
    ΓÜÖ∩╕Å  DOM HEURISTICS: High confidence match (score 103689)
   Γ£à PASSED  ΓåÆ 'f98'

≡ƒº¼ 99
   ≡ƒÉ╛ Step : Check 'I agree to the updated terms'
    ΓÜÖ∩╕Å  DOM HEURISTICS: High confidence match (score 50889)
   Γ£à PASSED  ΓåÆ 'f99'

≡ƒº¼ 100
   ≡ƒÉ╛ Step : VERIFY that 'Finalize' is disabled
    ΓÜÖ∩╕Å  DOM HEURISTICS: Scanning for ['finalize'] [DISABLED]
    Γ£à Element disabled=True
   Γ£à PASSED  ΓåÆ VERIFY returned True

======================================================================
≡ƒôè SCORE: 100/100 passed

≡ƒÅå FLAWLESS VICTORY!
======================================================================

======================================================================
≡ƒÄ¼ MEDIA & STREAMING HELL: 100 REAL-WORLD TRAPS
======================================================================
    Γä╣∩╕Å  No model configured ΓÇö running in heuristics-only mode (AI disabled).

≡ƒº¼ 1
   ≡ƒÉ╛ Step : Click 'Play Video'
    ΓÜÖ∩╕Å  DOM HEURISTICS: High confidence match (score 103778)
   Γ£à PASSED  ΓåÆ 'm1'

≡ƒº¼ 2
   ≡ƒÉ╛ Step : Click 'Pause Video' if exists
    ΓÜÖ∩╕Å  DOM HEURISTICS: High confidence match (score 2356)
    ≡ƒû▒∩╕Å  Clicked 'Γû╢'
   Γ£à PASSED  ΓåÆ Optional handled

≡ƒº¼ 3
   ≡ƒÉ╛ Step : Click 'Rewind 10 seconds'
    ΓÜÖ∩╕Å  DOM HEURISTICS: High confidence match (score 103778)
   Γ£à PASSED  ΓåÆ 'm3'

≡ƒº¼ 4
   ≡ƒÉ╛ Step : Click 'Forward 10 seconds'
    ΓÜÖ∩╕Å  DOM HEURISTICS: High confidence match (score 103778)
   Γ£à PASSED  ΓåÆ 'm4'

≡ƒº¼ 5
   ≡ƒÉ╛ Step : Click 'Mute'
    ΓÜÖ∩╕Å  DOM HEURISTICS: High confidence match (score 153734)
   Γ£à PASSED  ΓåÆ 'm5'

≡ƒº¼ 6
   ≡ƒÉ╛ Step : Fill 'Volume' slider with '80'
    ΓÜÖ∩╕Å  DOM HEURISTICS: High confidence match (score 163689)
   Γ£à PASSED  ΓåÆ 'm6'

≡ƒº¼ 7
   ≡ƒÉ╛ Step : Fill 'Timeline' with '500'
    ΓÜÖ∩╕Å  DOM HEURISTICS: High confidence match (score 163689)
   Γ£à PASSED  ΓåÆ 'm7'

≡ƒº¼ 8
   ≡ƒÉ╛ Step : EXTRACT timestamp into {time}
    ΓÜÖ∩╕Å  DOM HEURISTICS: Extracting data via JSΓÇª
    ≡ƒôª COLLECTED: 12:34 / 45:00
   Γ£à PASSED  ΓåÆ {time} = '12:34 / 45:00'

≡ƒº¼ 9
   ≡ƒÉ╛ Step : Click 'Next Video'
    ΓÜÖ∩╕Å  DOM HEURISTICS: High confidence match (score 103778)
   Γ£à PASSED  ΓåÆ 'm9'

≡ƒº¼ 10
   ≡ƒÉ╛ Step : Click 'Miniplayer'
    ΓÜÖ∩╕Å  DOM HEURISTICS: High confidence match (score 103556)
   Γ£à PASSED  ΓåÆ 'm10'

≡ƒº¼ 11
   ≡ƒÉ╛ Step : Click 'Settings'
    ΓÜÖ∩╕Å  DOM HEURISTICS: High confidence match (score 103556)
   Γ£à PASSED  ΓåÆ 'm11'

≡ƒº¼ 12
   ≡ƒÉ╛ Step : Click 'Subtitles/closed captions'
    ΓÜÖ∩╕Å  DOM HEURISTICS: High confidence match (score 5800)
   Γ£à PASSED  ΓåÆ 'm12'

≡ƒº¼ 13
   ≡ƒÉ╛ Step : Click 'Theater mode'
    ΓÜÖ∩╕Å  DOM HEURISTICS: High confidence match (score 5578)
   Γ£à PASSED  ΓåÆ 'm13'

≡ƒº¼ 14
   ≡ƒÉ╛ Step : Click 'Fullscreen'
    ΓÜÖ∩╕Å  DOM HEURISTICS: High confidence match (score 5356)
   Γ£à PASSED  ΓåÆ 'm14'

≡ƒº¼ 15
   ≡ƒÉ╛ Step : Select '4K' from 'Playback Quality'
    ΓÜÖ∩╕Å  DOM HEURISTICS: High confidence match (score 178695)
   Γ£à PASSED  ΓåÆ 'm15'

≡ƒº¼ 16
   ≡ƒÉ╛ Step : Select '1.5x' from 'Playback Speed'
    ΓÜÖ∩╕Å  DOM HEURISTICS: High confidence match (score 178695)
   Γ£à PASSED  ΓåÆ 'm16'

≡ƒº¼ 17
   ≡ƒÉ╛ Step : Click 'Report playback issue'
    ΓÜÖ∩╕Å  DOM HEURISTICS: High confidence match (score 103867)
   Γ£à PASSED  ΓåÆ 'm17'

≡ƒº¼ 18
   ≡ƒÉ╛ Step : Click 'Annotations' switch
    ΓÜÖ∩╕Å  DOM HEURISTICS: High confidence match (score 153734)
   Γ£à PASSED  ΓåÆ 'm18'

≡ƒº¼ 19
   ≡ƒÉ╛ Step : Click 'Ambient Mode'
    ΓÜÖ∩╕Å  DOM HEURISTICS: High confidence match (score 154134)
   Γ£à PASSED  ΓåÆ 'm19'

≡ƒº¼ 20
   ≡ƒÉ╛ Step : Click 'Loop video'
    ΓÜÖ∩╕Å  DOM HEURISTICS: High confidence match (score 103778)
   Γ£à PASSED  ΓåÆ 'm20'

≡ƒº¼ 21
   ≡ƒÉ╛ Step : EXTRACT video title into {title}
    ΓÜÖ∩╕Å  DOM HEURISTICS: Extracting data via JSΓÇª
    ≡ƒôª COLLECTED: 10 Hours of Manul Cats Meowing
   Γ£à PASSED  ΓåÆ {title} = '10 Hours of Manul Cats Meowing'

≡ƒº¼ 22
   ≡ƒÉ╛ Step : EXTRACT views into {views}
    ΓÜÖ∩╕Å  DOM HEURISTICS: Extracting data via JSΓÇª
    ≡ƒôª COLLECTED: 1,500,000 views
   Γ£à PASSED  ΓåÆ {views} = '1,500,000 views'

≡ƒº¼ 23
   ≡ƒÉ╛ Step : Click 'Like this video'
    ΓÜÖ∩╕Å  DOM HEURISTICS: High confidence match (score 104000)
   Γ£à PASSED  ΓåÆ 'm23'

≡ƒº¼ 24
   ≡ƒÉ╛ Step : Click 'Dislike this video'
    ΓÜÖ∩╕Å  DOM HEURISTICS: High confidence match (score 104000)
   Γ£à PASSED  ΓåÆ 'm24'

≡ƒº¼ 25
   ≡ƒÉ╛ Step : Click 'Share'
    ΓÜÖ∩╕Å  DOM HEURISTICS: High confidence match (score 103511)
   Γ£à PASSED  ΓåÆ 'm25'

≡ƒº¼ 26
   ≡ƒÉ╛ Step : Click 'Download'
    ΓÜÖ∩╕Å  DOM HEURISTICS: High confidence match (score 103511)
   Γ£à PASSED  ΓåÆ 'm26'

≡ƒº¼ 27
   ≡ƒÉ╛ Step : Click 'Save to playlist'
    ΓÜÖ∩╕Å  DOM HEURISTICS: High confidence match (score 104106)
   Γ£à PASSED  ΓåÆ 'm27'

≡ƒº¼ 28
   ≡ƒÉ╛ Step : Click 'Subscribe'
    ΓÜÖ∩╕Å  DOM HEURISTICS: High confidence match (score 103511)
   Γ£à PASSED  ΓåÆ 'm28'

≡ƒº¼ 29
   ≡ƒÉ╛ Step : Click 'Join channel'
    ΓÜÖ∩╕Å  DOM HEURISTICS: High confidence match (score 104106)
   Γ£à PASSED  ΓåÆ 'm29'

≡ƒº¼ 30
   ≡ƒÉ╛ Step : Click 'More actions'
    ΓÜÖ∩╕Å  DOM HEURISTICS: High confidence match (score 103778)
   Γ£à PASSED  ΓåÆ 'm30'

≡ƒº¼ 31
   ≡ƒÉ╛ Step : VERIFY '1,204 Comments' is present
    ΓÜÖ∩╕Å  DOM HEURISTICS: Scanning for ['1,204 comments']
    Γ£à Verified ΓÇö OK
   Γ£à PASSED  ΓåÆ VERIFY returned True

≡ƒº¼ 32
   ≡ƒÉ╛ Step : Click 'Sort by'
    ΓÜÖ∩╕Å  DOM HEURISTICS: High confidence match (score 103511)
   Γ£à PASSED  ΓåÆ 'm32'

≡ƒº¼ 33
   ≡ƒÉ╛ Step : Click 'Top comments'
    ΓÜÖ∩╕Å  DOM HEURISTICS: High confidence match (score 103689)
   Γ£à PASSED  ΓåÆ 'm33'

≡ƒº¼ 34
   ≡ƒÉ╛ Step : Click 'Newest first'
    ΓÜÖ∩╕Å  DOM HEURISTICS: High confidence match (score 103689)
   Γ£à PASSED  ΓåÆ 'm34'

≡ƒº¼ 35
   ≡ƒÉ╛ Step : Fill 'Add a comment...' with 'Awesome!'
    ΓÜÖ∩╕Å  DOM HEURISTICS: High confidence match (score 163645)
   Γ£à PASSED  ΓåÆ 'm35'

≡ƒº¼ 36
   ≡ƒÉ╛ Step : VERIFY that 'Comment' is disabled
    ΓÜÖ∩╕Å  DOM HEURISTICS: Scanning for ['comment'] [DISABLED]
    Γ£à Element disabled=True
   Γ£à PASSED  ΓåÆ VERIFY returned True

≡ƒº¼ 37
   ≡ƒÉ╛ Step : Click 'Cancel'
    ΓÜÖ∩╕Å  DOM HEURISTICS: High confidence match (score 103511)
   Γ£à PASSED  ΓåÆ 'm37'

≡ƒº¼ 38
   ≡ƒÉ╛ Step : Click 'Like comment'
    ΓÜÖ∩╕Å  DOM HEURISTICS: High confidence match (score 103778)
   Γ£à PASSED  ΓåÆ 'm38'

≡ƒº¼ 39
   ≡ƒÉ╛ Step : Click 'Reply'
    ΓÜÖ∩╕Å  DOM HEURISTICS: High confidence match (score 103511)
   Γ£à PASSED  ΓåÆ 'm39'

≡ƒº¼ 40
   ≡ƒÉ╛ Step : Click 'View 5 replies'
    ΓÜÖ∩╕Å  DOM HEURISTICS: High confidence match (score 103689)
   Γ£à PASSED  ΓåÆ 'm40'

≡ƒº¼ 41
   ≡ƒÉ╛ Step : Click 'Autoplay' toggle
    ΓÜÖ∩╕Å  DOM HEURISTICS: High confidence match (score 103511)
   Γ£à PASSED  ΓåÆ 'm41'

≡ƒº¼ 42
   ≡ƒÉ╛ Step : Click 'Funny Dogs Compilation'
    ΓÜÖ∩╕Å  DOM HEURISTICS: High confidence match (score 103867)
   Γ£à PASSED  ΓåÆ 'm42'

≡ƒº¼ 43
   ≡ƒÉ╛ Step : Click 'Add to queue' (first)
    ΓÜÖ∩╕Å  DOM HEURISTICS: High confidence match (score 103556)
   Γ£à PASSED  ΓåÆ 'm43'

≡ƒº¼ 44
   ≡ƒÉ╛ Step : Click 'Nature Documentary'
    ΓÜÖ∩╕Å  DOM HEURISTICS: High confidence match (score 103689)
   Γ£à PASSED  ΓåÆ 'm44'

≡ƒº¼ 45
   ≡ƒÉ╛ Step : Click 'Show more'
    ΓÜÖ∩╕Å  DOM HEURISTICS: High confidence match (score 103689)
   Γ£à PASSED  ΓåÆ 'm46'

≡ƒº¼ 46
   ≡ƒÉ╛ Step : VERIFY 'Playlist: Favorites' is present
    ΓÜÖ∩╕Å  DOM HEURISTICS: Scanning for ['playlist: favorites']
    Γ£à Verified ΓÇö OK
   Γ£à PASSED  ΓåÆ VERIFY returned True

≡ƒº¼ 47
   ≡ƒÉ╛ Step : Click 'Shuffle playlist'
    ΓÜÖ∩╕Å  DOM HEURISTICS: High confidence match (score 103778)
   Γ£à PASSED  ΓåÆ 'm48'

≡ƒº¼ 48
   ≡ƒÉ╛ Step : Click 'Save playlist'
    ΓÜÖ∩╕Å  DOM HEURISTICS: High confidence match (score 103778)
   Γ£à PASSED  ΓåÆ 'm49'

≡ƒº¼ 49
   ≡ƒÉ╛ Step : Click 'Hide playlist'
    ΓÜÖ∩╕Å  DOM HEURISTICS: High confidence match (score 103778)
   Γ£à PASSED  ΓåÆ 'm50'

≡ƒº¼ 51
   ≡ƒÉ╛ Step : VERIFY 'Stranger Manuls' is present
    ΓÜÖ∩╕Å  DOM HEURISTICS: Scanning for ['stranger manuls']
    Γ£à Verified ΓÇö OK
   Γ£à PASSED  ΓåÆ VERIFY returned True

≡ƒº¼ 52
   ≡ƒÉ╛ Step : Click 'Play'
    ΓÜÖ∩╕Å  DOM HEURISTICS: High confidence match (score 9311)
   Γ£à PASSED  ΓåÆ 'm52'

≡ƒº¼ 53
   ≡ƒÉ╛ Step : Click 'More Info'
    ΓÜÖ∩╕Å  DOM HEURISTICS: High confidence match (score 4489)
   Γ£à PASSED  ΓåÆ 'm53'

≡ƒº¼ 54
   ≡ƒÉ╛ Step : Click 'Mute trailer'
    ΓÜÖ∩╕Å  DOM HEURISTICS: High confidence match (score 103778)
   Γ£à PASSED  ΓåÆ 'm54'

≡ƒº¼ 55
   ≡ƒÉ╛ Step : VERIFY 'Trending Now' is present
    ΓÜÖ∩╕Å  DOM HEURISTICS: Scanning for ['trending now']
    Γ£à Verified ΓÇö OK
   Γ£à PASSED  ΓåÆ VERIFY returned True

≡ƒº¼ 56
   ≡ƒÉ╛ Step : Click 'Scroll Left'
    ΓÜÖ∩╕Å  DOM HEURISTICS: High confidence match (score 103778)
   Γ£à PASSED  ΓåÆ 'm56'

≡ƒº¼ 57
   ≡ƒÉ╛ Step : Click 'Movie 1'
    ΓÜÖ∩╕Å  DOM HEURISTICS: High confidence match (score 50178)
   Γ£à PASSED  ΓåÆ 'm57'

≡ƒº¼ 58
   ≡ƒÉ╛ Step : Click 'Scroll Right'
    ΓÜÖ∩╕Å  DOM HEURISTICS: High confidence match (score 103778)
   Γ£à PASSED  ΓåÆ 'm59'

≡ƒº¼ 59
   ≡ƒÉ╛ Step : Click 'Add to My List'
    ΓÜÖ∩╕Å  DOM HEURISTICS: High confidence match (score 103556)
   Γ£à PASSED  ΓåÆ 'm60'

≡ƒº¼ 61
   ≡ƒÉ╛ Step : Select 'Season 2' from 'Season Selector'
    ΓÜÖ∩╕Å  DOM HEURISTICS: High confidence match (score 179395)
   Γ£à PASSED  ΓåÆ 'm61'

≡ƒº¼ 62
   ≡ƒÉ╛ Step : VERIFY 'The Beginning' is present
    ΓÜÖ∩╕Å  DOM HEURISTICS: Scanning for ['the beginning']
    Γ£à Verified ΓÇö OK
   Γ£à PASSED  ΓåÆ VERIFY returned True

≡ƒº¼ 63
   ≡ƒÉ╛ Step : Click 'Play Episode 1'
    ΓÜÖ∩╕Å  DOM HEURISTICS: High confidence match (score 103689)
   Γ£à PASSED  ΓåÆ 'm63'

≡ƒº¼ 64
   ≡ƒÉ╛ Step : Click 'Download Episode 1'
    ΓÜÖ∩╕Å  DOM HEURISTICS: High confidence match (score 103689)
   Γ£à PASSED  ΓåÆ 'm64'

≡ƒº¼ 65
   ≡ƒÉ╛ Step : VERIFY 'The Middle' is present
    ΓÜÖ∩╕Å  DOM HEURISTICS: Scanning for ['the middle']
    Γ£à Verified ΓÇö OK
   Γ£à PASSED  ΓåÆ VERIFY returned True

≡ƒº¼ 66
   ≡ƒÉ╛ Step : Click 'Play Episode 2'
    ΓÜÖ∩╕Å  DOM HEURISTICS: High confidence match (score 103689)
   Γ£à PASSED  ΓåÆ 'm66'

≡ƒº¼ 67
   ≡ƒÉ╛ Step : Click 'Resume from 15:00'
    ΓÜÖ∩╕Å  DOM HEURISTICS: High confidence match (score 103689)
   Γ£à PASSED  ΓåÆ 'm67'

≡ƒº¼ 68
   ≡ƒÉ╛ Step : Click 'Play from beginning'
    ΓÜÖ∩╕Å  DOM HEURISTICS: High confidence match (score 103867)
   Γ£à PASSED  ΓåÆ 'm68'

≡ƒº¼ 69
   ≡ƒÉ╛ Step : Click 'Rate this title'
    ΓÜÖ∩╕Å  DOM HEURISTICS: High confidence match (score 103867)
   Γ£à PASSED  ΓåÆ 'm69'

≡ƒº¼ 70
   ≡ƒÉ╛ Step : Click 'Remove from My List'
    ΓÜÖ∩╕Å  DOM HEURISTICS: High confidence match (score 104000)
   Γ£à PASSED  ΓåÆ 'm70'

≡ƒº¼ 71
   ≡ƒÉ╛ Step : Click 'Save to Your Library'
    ΓÜÖ∩╕Å  DOM HEURISTICS: High confidence match (score 104000)
   Γ£à PASSED  ΓåÆ 'm72'

≡ƒº¼ 72
   ≡ƒÉ╛ Step : Click 'Enable shuffle'
    ΓÜÖ∩╕Å  DOM HEURISTICS: High confidence match (score 103778)
   Γ£à PASSED  ΓåÆ 'm73'

≡ƒº¼ 73
   ≡ƒÉ╛ Step : Click 'Previous track'
    ΓÜÖ∩╕Å  DOM HEURISTICS: High confidence match (score 103778)
   Γ£à PASSED  ΓåÆ 'm74'

≡ƒº¼ 74
   ≡ƒÉ╛ Step : Click 'Pause/Play'
    ΓÜÖ∩╕Å  DOM HEURISTICS: High confidence match (score 103778)
   Γ£à PASSED  ΓåÆ 'm75'

≡ƒº¼ 75
   ≡ƒÉ╛ Step : Click 'Next track'
    ΓÜÖ∩╕Å  DOM HEURISTICS: High confidence match (score 103778)
   Γ£à PASSED  ΓåÆ 'm76'

≡ƒº¼ 76
   ≡ƒÉ╛ Step : Click 'Enable repeat'
    ΓÜÖ∩╕Å  DOM HEURISTICS: High confidence match (score 103778)
   Γ£à PASSED  ΓåÆ 'm77'

≡ƒº¼ 77
   ≡ƒÉ╛ Step : Click 'Lyrics'
    ΓÜÖ∩╕Å  DOM HEURISTICS: High confidence match (score 103556)
   Γ£à PASSED  ΓåÆ 'm78'

≡ƒº¼ 78
   ≡ƒÉ╛ Step : Click 'Queue'
    ΓÜÖ∩╕Å  DOM HEURISTICS: High confidence match (score 103556)
   Γ£à PASSED  ΓåÆ 'm79'

≡ƒº¼ 79
   ≡ƒÉ╛ Step : Click 'Connect to a device'
    ΓÜÖ∩╕Å  DOM HEURISTICS: High confidence match (score 103778)
   Γ£à PASSED  ΓåÆ 'm80'

≡ƒº¼ 81
   ≡ƒÉ╛ Step : Fill 'Movies, shows, and more' with 'Matrix'
    ΓÜÖ∩╕Å  DOM HEURISTICS: High confidence match (score 164000)
   Γ£à PASSED  ΓåÆ 'm81'

≡ƒº¼ 82
   ≡ƒÉ╛ Step : Click 'Clear Search'
    ΓÜÖ∩╕Å  DOM HEURISTICS: High confidence match (score 103778)
   Γ£à PASSED  ΓåÆ 'm82'

≡ƒº¼ 83
   ≡ƒÉ╛ Step : Click 'Filter by Genre'
    ΓÜÖ∩╕Å  DOM HEURISTICS: High confidence match (score 103689)
   Γ£à PASSED  ΓåÆ 'm83'

≡ƒº¼ 84
   ≡ƒÉ╛ Step : Click the checkbox for 'Action'
    ΓÜÖ∩╕Å  DOM HEURISTICS: High confidence match (score 103511)
   Γ£à PASSED  ΓåÆ 'm84'

≡ƒº¼ 85
   ≡ƒÉ╛ Step : Check 'Comedy'
    ΓÜÖ∩╕Å  DOM HEURISTICS: High confidence match (score 50178)
   Γ£à PASSED  ΓåÆ 'm85'

≡ƒº¼ 86
   ≡ƒÉ╛ Step : Check 'Sci-Fi'
    ΓÜÖ∩╕Å  DOM HEURISTICS: High confidence match (score 50178)
   Γ£à PASSED  ΓåÆ 'm86'

≡ƒº¼ 87
   ≡ƒÉ╛ Step : Click 'Apply Filters'
    ΓÜÖ∩╕Å  DOM HEURISTICS: High confidence match (score 103689)
   Γ£à PASSED  ΓåÆ 'm87'

≡ƒº¼ 88
   ≡ƒÉ╛ Step : Click 'Podcasts'
    ΓÜÖ∩╕Å  DOM HEURISTICS: High confidence match (score 103511)
   Γ£à PASSED  ΓåÆ 'm88'

≡ƒº¼ 89
   ≡ƒÉ╛ Step : Click 'Audiobooks'
    ΓÜÖ∩╕Å  DOM HEURISTICS: High confidence match (score 103511)
   Γ£à PASSED  ΓåÆ 'm89'

≡ƒº¼ 90
   ≡ƒÉ╛ Step : Click 'Live Radio'
    ΓÜÖ∩╕Å  DOM HEURISTICS: AI disabled (threshold 0); using best candidate (score -2978)
   Γ£à PASSED  ΓåÆ 'm90'

≡ƒº¼ 91
   ≡ƒÉ╛ Step : VERIFY 'Ad ends in 5' is present
    ΓÜÖ∩╕Å  DOM HEURISTICS: Scanning for ['ad ends in 5']
    Γ£à Verified ΓÇö OK
   Γ£à PASSED  ΓåÆ VERIFY returned True

≡ƒº¼ 92
   ≡ƒÉ╛ Step : Click 'Skip Ad'
    ΓÜÖ∩╕Å  DOM HEURISTICS: High confidence match (score 103511)
   Γ£à PASSED  ΓåÆ 'm92'

≡ƒº¼ 93
   ≡ƒÉ╛ Step : Click 'Learn More'
    ΓÜÖ∩╕Å  DOM HEURISTICS: High confidence match (score 107133)
   Γ£à PASSED  ΓåÆ 'm93'

≡ƒº¼ 94
   ≡ƒÉ╛ Step : VERIFY 'Are you still watching?' is present
    ΓÜÖ∩╕Å  DOM HEURISTICS: Scanning for ['are you still watching?']
    Γ£à Verified ΓÇö OK
   Γ£à PASSED  ΓåÆ VERIFY returned True

≡ƒº¼ 95
   ≡ƒÉ╛ Step : Click 'Continue Watching'
    ΓÜÖ∩╕Å  DOM HEURISTICS: High confidence match (score 103689)
   Γ£à PASSED  ΓåÆ 'm95'

≡ƒº¼ 96
   ≡ƒÉ╛ Step : Click 'Go to Homepage'
    ΓÜÖ∩╕Å  DOM HEURISTICS: High confidence match (score 103511)
   Γ£à PASSED  ΓåÆ 'm96'

≡ƒº¼ 97
   ≡ƒÉ╛ Step : VERIFY 'inappropriate for some users' is present
    ΓÜÖ∩╕Å  DOM HEURISTICS: Scanning for ['inappropriate for some users']
    Γ£à Verified ΓÇö OK
   Γ£à PASSED  ΓåÆ VERIFY returned True

≡ƒº¼ 98
   ≡ƒÉ╛ Step : Click 'I understand and wish to proceed'
    ΓÜÖ∩╕Å  DOM HEURISTICS: High confidence match (score 104045)
   Γ£à PASSED  ΓåÆ 'm98'

≡ƒº¼ 99
   ≡ƒÉ╛ Step : Click 'Go back'
    ΓÜÖ∩╕Å  DOM HEURISTICS: High confidence match (score 103511)
   Γ£à PASSED  ΓåÆ 'm99'

≡ƒº¼ 100
   ≡ƒÉ╛ Step : Click 'Claim Free Premium' if exists
    ΓÜÖ∩╕Å  DOM HEURISTICS: High confidence match (score 2133)
    ≡ƒû▒∩╕Å  Clicked 'Γû╢'
   Γ£à PASSED  ΓåÆ Optional handled

======================================================================
≡ƒôè SCORE: 97/97 passed

≡ƒÅå FLAWLESS VICTORY!
======================================================================

======================================================================
≡ƒÅ¢∩╕Å GOV & HEALTHCARE HELL: 100 REAL-WORLD TRAPS
======================================================================
    Γä╣∩╕Å  No model configured ΓÇö running in heuristics-only mode (AI disabled).

≡ƒº¼ 1
   ≡ƒÉ╛ Step : Fill 'Social Security Number' with '123-45-6789'
    ΓÜÖ∩╕Å  DOM HEURISTICS: High confidence match (score 113822)
   Γ£à PASSED  ΓåÆ 'h1'

≡ƒº¼ 2
   ≡ƒÉ╛ Step : Fill 'Date of Birth' with '1980-01-01'
    ΓÜÖ∩╕Å  DOM HEURISTICS: High confidence match (score 124311)
   Γ£à PASSED  ΓåÆ 'h2'

≡ƒº¼ 3
   ≡ƒÉ╛ Step : Click 'Authenticate'
    ΓÜÖ∩╕Å  DOM HEURISTICS: High confidence match (score 103511)
   Γ£à PASSED  ΓåÆ 'h3'

≡ƒº¼ 4
   ≡ƒÉ╛ Step : Click 'Forgot ID?'
    ΓÜÖ∩╕Å  DOM HEURISTICS: High confidence match (score 103511)
   Γ£à PASSED  ΓåÆ 'h4'

≡ƒº¼ 5
   ≡ƒÉ╛ Step : Select 'Passport' from 'ID Type'
    ΓÜÖ∩╕Å  DOM HEURISTICS: High confidence match (score 178600)
   Γ£à PASSED  ΓåÆ 'h5'

≡ƒº¼ 6
   ≡ƒÉ╛ Step : Fill 'Document Number' with 'A123'
    ΓÜÖ∩╕Å  DOM HEURISTICS: High confidence match (score 163645)
   Γ£à PASSED  ΓåÆ 'h6'

≡ƒº¼ 7
   ≡ƒÉ╛ Step : Check 'I am not a robot'
    ΓÜÖ∩╕Å  DOM HEURISTICS: High confidence match (score 50533)
   Γ£à PASSED  ΓåÆ 'h7'

≡ƒº¼ 8
   ≡ƒÉ╛ Step : Click 'Audio Captcha'
    ΓÜÖ∩╕Å  DOM HEURISTICS: High confidence match (score 103778)
   Γ£à PASSED  ΓåÆ 'h8'

≡ƒº¼ 9
   ≡ƒÉ╛ Step : VERIFY that 'Verify Captcha' is disabled
    ΓÜÖ∩╕Å  DOM HEURISTICS: Scanning for ['verify captcha'] [DISABLED]
    Γ£à Element disabled=True
   Γ£à PASSED  ΓåÆ VERIFY returned True

≡ƒº¼ 10
   ≡ƒÉ╛ Step : VERIFY 'Session expires' is present
    ΓÜÖ∩╕Å  DOM HEURISTICS: Scanning for ['session expires']
    Γ£à Verified ΓÇö OK
   Γ£à PASSED  ΓåÆ VERIFY returned True

≡ƒº¼ 11
   ≡ƒÉ╛ Step : Fill 'First Name' with 'John'
    ΓÜÖ∩╕Å  DOM HEURISTICS: High confidence match (score 163645)
   Γ£à PASSED  ΓåÆ 'h11'

≡ƒº¼ 12
   ≡ƒÉ╛ Step : Fill 'Middle Initial' with 'Q'
    ΓÜÖ∩╕Å  DOM HEURISTICS: High confidence match (score 163645)
   Γ£à PASSED  ΓåÆ 'h12'

≡ƒº¼ 13
   ≡ƒÉ╛ Step : Fill 'Last Name' with 'Public'
    ΓÜÖ∩╕Å  DOM HEURISTICS: High confidence match (score 163645)
   Γ£à PASSED  ΓåÆ 'h13'

≡ƒº¼ 14
   ≡ƒÉ╛ Step : Select 'Jr.' from 'Suffix'
    ΓÜÖ∩╕Å  DOM HEURISTICS: High confidence match (score 78117)
   Γ£à PASSED  ΓåÆ 'h14'

≡ƒº¼ 15
   ≡ƒÉ╛ Step : Click the radio button for 'Male'
    ΓÜÖ∩╕Å  DOM HEURISTICS: High confidence match (score 114356)
   Γ£à PASSED  ΓåÆ 'h15'

≡ƒº¼ 16
   ≡ƒÉ╛ Step : Click the radio button for 'Female'
    ΓÜÖ∩╕Å  DOM HEURISTICS: High confidence match (score 114356)
   Γ£à PASSED  ΓåÆ 'h16'

≡ƒº¼ 17
   ≡ƒÉ╛ Step : Select 'Single' from 'Marital Status'
    ΓÜÖ∩╕Å  DOM HEURISTICS: High confidence match (score 178872)
   Γ£à PASSED  ΓåÆ 'h17'

≡ƒº¼ 18
   ≡ƒÉ╛ Step : Fill 'Maiden Name' with 'Smith'
    ΓÜÖ∩╕Å  DOM HEURISTICS: Context reuse match (score 14444)
   Γ£à PASSED  ΓåÆ 'h18'

≡ƒº¼ 19
   ≡ƒÉ╛ Step : Fill 'Place of Birth' with 'Dallas'
    ΓÜÖ∩╕Å  DOM HEURISTICS: Context reuse match (score 14444)
   Γ£à PASSED  ΓåÆ 'h19'

≡ƒº¼ 20
   ≡ƒÉ╛ Step : Click 'Validate Identity'
    ΓÜÖ∩╕Å  DOM HEURISTICS: High confidence match (score 103689)
   Γ£à PASSED  ΓåÆ 'h20'

≡ƒº¼ 21
   ≡ƒÉ╛ Step : Fill 'Address Line 1' with '123 Elm St'
    ΓÜÖ∩╕Å  DOM HEURISTICS: High confidence match (score 113645)
   Γ£à PASSED  ΓåÆ 'h21'

≡ƒº¼ 22
   ≡ƒÉ╛ Step : Fill 'Apt/Suite' with '4B'
    ΓÜÖ∩╕Å  DOM HEURISTICS: High confidence match (score 113645)
   Γ£à PASSED  ΓåÆ 'h22'

≡ƒº¼ 23
   ≡ƒÉ╛ Step : Fill 'City' with 'Austin'
    ΓÜÖ∩╕Å  DOM HEURISTICS: High confidence match (score 113467)
   Γ£à PASSED  ΓåÆ 'h23'

≡ƒº¼ 24
   ≡ƒÉ╛ Step : Select 'TX' from 'State'
    ΓÜÖ∩╕Å  DOM HEURISTICS: High confidence match (score 178428)
   Γ£à PASSED  ΓåÆ 'h24'

≡ƒº¼ 25
   ≡ƒÉ╛ Step : Fill 'ZIP Code' with '73301'
    ΓÜÖ∩╕Å  DOM HEURISTICS: High confidence match (score 113645)
   Γ£à PASSED  ΓåÆ 'h25'

≡ƒº¼ 26
   ≡ƒÉ╛ Step : Fill 'County' with 'Travis'
    ΓÜÖ∩╕Å  DOM HEURISTICS: High confidence match (score 113467)
   Γ£à PASSED  ΓåÆ 'h26'

≡ƒº¼ 27
   ≡ƒÉ╛ Step : Check 'Mailing address same as residential'
    ΓÜÖ∩╕Å  DOM HEURISTICS: High confidence match (score 50889)
   Γ£à PASSED  ΓåÆ 'h27'

≡ƒº¼ 28
   ≡ƒÉ╛ Step : Fill 'Primary Phone' with '555-0100'
    ΓÜÖ∩╕Å  DOM HEURISTICS: High confidence match (score 163645)
   Γ£à PASSED  ΓåÆ 'h28'

≡ƒº¼ 29
   ≡ƒÉ╛ Step : Fill 'Email Address' with 'john@test.gov'
    ΓÜÖ∩╕Å  DOM HEURISTICS: High confidence match (score 174311)
   Γ£à PASSED  ΓåÆ 'h29'

≡ƒº¼ 30
   ≡ƒÉ╛ Step : Click 'Update Contact Info'
    ΓÜÖ∩╕Å  DOM HEURISTICS: High confidence match (score 103867)
   Γ£à PASSED  ΓåÆ 'h30'

≡ƒº¼ 31
   ≡ƒÉ╛ Step : Check 'Diabetes'
    ΓÜÖ∩╕Å  DOM HEURISTICS: High confidence match (score 50356)
   Γ£à PASSED  ΓåÆ 'h31'

≡ƒº¼ 32
   ≡ƒÉ╛ Step : Check 'Hypertension'
    ΓÜÖ∩╕Å  DOM HEURISTICS: High confidence match (score 50356)
   Γ£à PASSED  ΓåÆ 'h32'

≡ƒº¼ 33
   ≡ƒÉ╛ Step : Check 'Asthma'
    ΓÜÖ∩╕Å  DOM HEURISTICS: High confidence match (score 50356)
   Γ£à PASSED  ΓåÆ 'h33'

≡ƒº¼ 34
   ≡ƒÉ╛ Step : Check 'None of the above'
    ΓÜÖ∩╕Å  DOM HEURISTICS: High confidence match (score 50711)
   Γ£à PASSED  ΓåÆ 'h34'

≡ƒº¼ 35
   ≡ƒÉ╛ Step : Fill 'surgeries' field with 'Appendectomy'
    ΓÜÖ∩╕Å  DOM HEURISTICS: Context reuse match (score 13267)
   Γ£à PASSED  ΓåÆ 'h35'

≡ƒº¼ 36
   ≡ƒÉ╛ Step : Fill 'Current Medications' with 'Aspirin'
    ΓÜÖ∩╕Å  DOM HEURISTICS: Context reuse match (score 14444)
   Γ£à PASSED  ΓåÆ 'h36'

≡ƒº¼ 37
   ≡ƒÉ╛ Step : Click 'Add Medication'
    ΓÜÖ∩╕Å  DOM HEURISTICS: High confidence match (score 103689)
   Γ£à PASSED  ΓåÆ 'h37'

≡ƒº¼ 38
   ≡ƒÉ╛ Step : Fill 'Allergies' with 'Penicillin'
    ΓÜÖ∩╕Å  DOM HEURISTICS: Context reuse match (score 14267)
   Γ£à PASSED  ΓåÆ 'h38'

≡ƒº¼ 39
   ≡ƒÉ╛ Step : Click 'Add Allergy'
    ΓÜÖ∩╕Å  DOM HEURISTICS: High confidence match (score 103689)
   Γ£à PASSED  ΓåÆ 'h39'

≡ƒº¼ 40
   ≡ƒÉ╛ Step : Check 'No known allergies'
    ΓÜÖ∩╕Å  DOM HEURISTICS: High confidence match (score 50533)
   Γ£à PASSED  ΓåÆ 'h40'

≡ƒº¼ 41
   ≡ƒÉ╛ Step : Select 'Medicare' from 'Insurance Provider'
    ΓÜÖ∩╕Å  DOM HEURISTICS: High confidence match (score 179172)
   Γ£à PASSED  ΓåÆ 'h41'

≡ƒº¼ 42
   ≡ƒÉ╛ Step : Fill 'Policy Number' with 'POL123'
    ΓÜÖ∩╕Å  DOM HEURISTICS: High confidence match (score 163645)
   Γ£à PASSED  ΓåÆ 'h42'

≡ƒº¼ 43
   ≡ƒÉ╛ Step : Fill 'Group ID' with 'GRP456'
    ΓÜÖ∩╕Å  DOM HEURISTICS: High confidence match (score 163467)
   Γ£à PASSED  ΓåÆ 'h43'

≡ƒº¼ 44
   ≡ƒÉ╛ Step : Click 'Upload Insurance Card (Front)'
    ΓÜÖ∩╕Å  DOM HEURISTICS: High confidence match (score 54978)
   Γ£à PASSED  ΓåÆ 'h44'

≡ƒº¼ 45
   ≡ƒÉ╛ Step : Click 'Upload Insurance Card (Back)'
    ΓÜÖ∩╕Å  DOM HEURISTICS: High confidence match (score 54978)
   Γ£à PASSED  ΓåÆ 'h45'

≡ƒº¼ 46
   ≡ƒÉ╛ Step : Click 'Verify Coverage'
    ΓÜÖ∩╕Å  DOM HEURISTICS: High confidence match (score 103689)
   Γ£à PASSED  ΓåÆ 'h46'

≡ƒº¼ 47
   ≡ƒÉ╛ Step : EXTRACT coverage Status into {cov_stat}
    ΓÜÖ∩╕Å  DOM HEURISTICS: Extracting data via JSΓÇª
    ≡ƒôª COLLECTED: Active
   Γ£à PASSED  ΓåÆ {cov_stat} = 'Active'

≡ƒº¼ 48
   ≡ƒÉ╛ Step : Fill 'Primary Care Physician' with 'Dr. House'
    ΓÜÖ∩╕Å  DOM HEURISTICS: High confidence match (score 163822)
   Γ£à PASSED  ΓåÆ 'h48'

≡ƒº¼ 49
   ≡ƒÉ╛ Step : Click 'Search Providers'
    ΓÜÖ∩╕Å  DOM HEURISTICS: High confidence match (score 103689)
   Γ£à PASSED  ΓåÆ 'h49'

≡ƒº¼ 50
   ≡ƒÉ╛ Step : Check 'primary policyholder'
    ΓÜÖ∩╕Å  DOM HEURISTICS: High confidence match (score 1383)
   Γ£à PASSED  ΓåÆ 'h50'

≡ƒº¼ 51
   ≡ƒÉ╛ Step : Click 'Schedule New Appointment'
    ΓÜÖ∩╕Å  DOM HEURISTICS: High confidence match (score 103867)
   Γ£à PASSED  ΓåÆ 'h51'

≡ƒº¼ 52
   ≡ƒÉ╛ Step : Select 'Annual Physical' from 'Reason for Visit'
    ΓÜÖ∩╕Å  DOM HEURISTICS: High confidence match (score 179350)
   Γ£à PASSED  ΓåÆ 'h52'

≡ƒº¼ 53
   ≡ƒÉ╛ Step : Fill 'Preferred Date' with '2026-05-10'
    ΓÜÖ∩╕Å  DOM HEURISTICS: High confidence match (score 174756)
   Γ£à PASSED  ΓåÆ 'h53'

≡ƒº¼ 54
   ≡ƒÉ╛ Step : Select 'Morning' from 'Preferred Time'
    ΓÜÖ∩╕Å  DOM HEURISTICS: High confidence match (score 179172)
   Γ£à PASSED  ΓåÆ 'h54'

≡ƒº¼ 55
   ≡ƒÉ╛ Step : Click 'Find Available Slots'
    ΓÜÖ∩╕Å  DOM HEURISTICS: High confidence match (score 103867)
   Γ£à PASSED  ΓåÆ 'h55'

≡ƒº¼ 56
   ≡ƒÉ╛ Step : Click '09:00 AM'
    ΓÜÖ∩╕Å  DOM HEURISTICS: High confidence match (score 103333)
   Γ£à PASSED  ΓåÆ 'h56'

≡ƒº¼ 57
   ≡ƒÉ╛ Step : Click '10:30 AM'
    ΓÜÖ∩╕Å  DOM HEURISTICS: High confidence match (score 103333)
   Γ£à PASSED  ΓåÆ 'h57'

≡ƒº¼ 58
   ≡ƒÉ╛ Step : Click 'Confirm Appointment'
    ΓÜÖ∩╕Å  DOM HEURISTICS: High confidence match (score 103689)
   Γ£à PASSED  ΓåÆ 'h58'

≡ƒº¼ 59
   ≡ƒÉ╛ Step : Click 'Cancel Appointment'
    ΓÜÖ∩╕Å  DOM HEURISTICS: High confidence match (score 103689)
   Γ£à PASSED  ΓåÆ 'h59'

≡ƒº¼ 60
   ≡ƒÉ╛ Step : Click 'Reschedule'
    ΓÜÖ∩╕Å  DOM HEURISTICS: High confidence match (score 103511)
   Γ£à PASSED  ΓåÆ 'h60'

≡ƒº¼ 61
   ≡ƒÉ╛ Step : Click 'Toggle High Contrast'
    ΓÜÖ∩╕Å  DOM HEURISTICS: High confidence match (score 104000)
   Γ£à PASSED  ΓåÆ 'h61'

≡ƒº¼ 62
   ≡ƒÉ╛ Step : Click 'Increase Text Size'
    ΓÜÖ∩╕Å  DOM HEURISTICS: High confidence match (score 104000)
   Γ£à PASSED  ΓåÆ 'h62'

≡ƒº¼ 63
   ≡ƒÉ╛ Step : Click 'Decrease Text Size'
    ΓÜÖ∩╕Å  DOM HEURISTICS: High confidence match (score 104000)
   Γ£à PASSED  ΓåÆ 'h63'

≡ƒº¼ 64
   ≡ƒÉ╛ Step : Select 'Espa├▒ol' from 'Language Translation'
    ΓÜÖ∩╕Å  DOM HEURISTICS: High confidence match (score 178995)
   Γ£à PASSED  ΓåÆ 'h64'

≡ƒº¼ 65
   ≡ƒÉ╛ Step : Click 'Skip to main content'
    ΓÜÖ∩╕Å  DOM HEURISTICS: High confidence match (score 154534)
   Γ£à PASSED  ΓåÆ 'h65'

≡ƒº¼ 66
   ≡ƒÉ╛ Step : Click 'Print Page'
    ΓÜÖ∩╕Å  DOM HEURISTICS: High confidence match (score 103689)
   Γ£à PASSED  ΓåÆ 'h66'

≡ƒº¼ 67
   ≡ƒÉ╛ Step : Click 'Download PDF'
    ΓÜÖ∩╕Å  DOM HEURISTICS: High confidence match (score 103689)
   Γ£à PASSED  ΓåÆ 'h67'

≡ƒº¼ 68
   ≡ƒÉ╛ Step : Click 'Chat with Virtual Assistant'
    ΓÜÖ∩╕Å  DOM HEURISTICS: High confidence match (score 104045)
   Γ£à PASSED  ΓåÆ 'h68'

≡ƒº¼ 69
   ≡ƒÉ╛ Step : Click 'Contact Live Agent'
    ΓÜÖ∩╕Å  DOM HEURISTICS: High confidence match (score 103867)
   Γ£à PASSED  ΓåÆ 'h69'

≡ƒº¼ 70
   ≡ƒÉ╛ Step : Click 'Leave Feedback'
    ΓÜÖ∩╕Å  DOM HEURISTICS: High confidence match (score 103689)
   Γ£à PASSED  ΓåÆ 'h70'

≡ƒº¼ 71
   ≡ƒÉ╛ Step : VERIFY that 'HIPAA Privacy Notice' is present
    ΓÜÖ∩╕Å  DOM HEURISTICS: Scanning for ['hipaa privacy notice']
    Γ£à Verified ΓÇö OK
   Γ£à PASSED  ΓåÆ VERIFY returned True

≡ƒº¼ 72
   ≡ƒÉ╛ Step : Check 'receipt of the Privacy Notice'
    ΓÜÖ∩╕Å  DOM HEURISTICS: High confidence match (score 1889)
   Γ£à PASSED  ΓåÆ 'h72'

≡ƒº¼ 73
   ≡ƒÉ╛ Step : Check 'telehealth services'
    ΓÜÖ∩╕Å  DOM HEURISTICS: High confidence match (score 1383)
   Γ£à PASSED  ΓåÆ 'h73'

≡ƒº¼ 74
   ≡ƒÉ╛ Step : Click 'Sign here'
    ΓÜÖ∩╕Å  DOM HEURISTICS: High confidence match (score 100800)
   Γ£à PASSED  ΓåÆ 'h74'

≡ƒº¼ 75
   ≡ƒÉ╛ Step : Click 'Clear Signature'
    ΓÜÖ∩╕Å  DOM HEURISTICS: High confidence match (score 103689)
   Γ£à PASSED  ΓåÆ 'h75'

≡ƒº¼ 76
   ≡ƒÉ╛ Step : Fill 'Type name to sign' with 'John Public'
    ΓÜÖ∩╕Å  DOM HEURISTICS: High confidence match (score 163822)
   Γ£à PASSED  ΓåÆ 'h76'

≡ƒº¼ 77
   ≡ƒÉ╛ Step : Fill 'Signature Date' with '2026-02-26'
    ΓÜÖ∩╕Å  DOM HEURISTICS: High confidence match (score 174756)
   Γ£à PASSED  ΓåÆ 'h77'

≡ƒº¼ 78
   ≡ƒÉ╛ Step : Fill 'Relationship to patient' with 'Self'
    ΓÜÖ∩╕Å  DOM HEURISTICS: High confidence match (score 163645)
   Γ£à PASSED  ΓåÆ 'h78'

≡ƒº¼ 79
   ≡ƒÉ╛ Step : Click 'Accept & Sign'
    ΓÜÖ∩╕Å  DOM HEURISTICS: High confidence match (score 103689)
   Γ£à PASSED  ΓåÆ 'h79'

≡ƒº¼ 80
   ≡ƒÉ╛ Step : Click 'Decline'
    ΓÜÖ∩╕Å  DOM HEURISTICS: High confidence match (score 103511)
   Γ£à PASSED  ΓåÆ 'h80'

≡ƒº¼ 81
   ≡ƒÉ╛ Step : Click 'Download W-2'
    ΓÜÖ∩╕Å  DOM HEURISTICS: High confidence match (score 103511)
   Γ£à PASSED  ΓåÆ 'h81'

≡ƒº¼ 82
   ≡ƒÉ╛ Step : Click 'View Record'
    ΓÜÖ∩╕Å  DOM HEURISTICS: High confidence match (score 103689)
   Γ£à PASSED  ΓåÆ 'h82'

≡ƒº¼ 83
   ≡ƒÉ╛ Step : Click 'Open PDF'
    ΓÜÖ∩╕Å  DOM HEURISTICS: High confidence match (score 103689)
   Γ£à PASSED  ΓåÆ 'h83'

≡ƒº¼ 84
   ≡ƒÉ╛ Step : Click 'Request Medical Records'
    ΓÜÖ∩╕Å  DOM HEURISTICS: High confidence match (score 103867)
   Γ£à PASSED  ΓåÆ 'h84'

≡ƒº¼ 85
   ≡ƒÉ╛ Step : Click 'Appeal Tax Decision'
    ΓÜÖ∩╕Å  DOM HEURISTICS: High confidence match (score 103867)
   Γ£à PASSED  ΓåÆ 'h85'

≡ƒº¼ 86
   ≡ƒÉ╛ Step : Fill 'Search records by year' with '2025'
    ΓÜÖ∩╕Å  DOM HEURISTICS: High confidence match (score 163822)
   Γ£à PASSED  ΓåÆ 'h86'

≡ƒº¼ 87
   ≡ƒÉ╛ Step : Click 'Search Records'
    ΓÜÖ∩╕Å  DOM HEURISTICS: High confidence match (score 103689)
   Γ£à PASSED  ΓåÆ 'h87'

≡ƒº¼ 88
   ≡ƒÉ╛ Step : Select 'Health' from 'Filter Records'
    ΓÜÖ∩╕Å  DOM HEURISTICS: High confidence match (score 178872)
   Γ£à PASSED  ΓåÆ 'h88'

≡ƒº¼ 89
   ≡ƒÉ╛ Step : EXTRACT Total documents into {docs}
    ΓÜÖ∩╕Å  DOM HEURISTICS: Extracting data via JSΓÇª
    ≡ƒôª COLLECTED: 14
   Γ£à PASSED  ΓåÆ {docs} = '14'

≡ƒº¼ 90
   ≡ƒÉ╛ Step : Click 'Upload New Document'
    ΓÜÖ∩╕Å  DOM HEURISTICS: High confidence match (score 103867)
   Γ£à PASSED  ΓåÆ 'h90'

≡ƒº¼ 91
   ≡ƒÉ╛ Step : Click 'Save Draft'
    ΓÜÖ∩╕Å  DOM HEURISTICS: High confidence match (score 103689)
   Γ£à PASSED  ΓåÆ 'h91'

≡ƒº¼ 92
   ≡ƒÉ╛ Step : Click 'Next Section'
    ΓÜÖ∩╕Å  DOM HEURISTICS: High confidence match (score 4489)
   Γ£à PASSED  ΓåÆ 'h92'

≡ƒº¼ 93
   ≡ƒÉ╛ Step : Click 'Previous Section'
    ΓÜÖ∩╕Å  DOM HEURISTICS: High confidence match (score 4489)
   Γ£à PASSED  ΓåÆ 'h93'

≡ƒº¼ 94
   ≡ƒÉ╛ Step : Click 'SUBMIT APPLICATION'
    ΓÜÖ∩╕Å  DOM HEURISTICS: High confidence match (score 103689)
   Γ£à PASSED  ΓåÆ 'h94'

≡ƒº¼ 95
   ≡ƒÉ╛ Step : Click 'CLEAR FORM'
    ΓÜÖ∩╕Å  DOM HEURISTICS: High confidence match (score 103689)
   Γ£à PASSED  ΓåÆ 'h95'

≡ƒº¼ 96
   ≡ƒÉ╛ Step : VERIFY that 'Are you sure you want to submit' is NOT present
    ΓÜÖ∩╕Å  DOM HEURISTICS: Scanning for ['are you sure you want to submit'] [MUST BE ABSENT]
    Γ£à Verified ABSENT ΓÇö OK
   Γ£à PASSED  ΓåÆ VERIFY returned True

≡ƒº¼ 97
   ≡ƒÉ╛ Step : Click 'Yes, Submit'
    ΓÜÖ∩╕Å  DOM HEURISTICS: High confidence match (score 103689)
   Γ£à PASSED  ΓåÆ 'h97'

≡ƒº¼ 98
   ≡ƒÉ╛ Step : Click 'No, Go Back'
    ΓÜÖ∩╕Å  DOM HEURISTICS: High confidence match (score 103511)
   Γ£à PASSED  ΓåÆ 'h98'

≡ƒº¼ 99
   ≡ƒÉ╛ Step : VERIFY that 'Processing...' is disabled
    ΓÜÖ∩╕Å  DOM HEURISTICS: Scanning for ['processing...'] [DISABLED]
    Γ£à Element disabled=True
   Γ£à PASSED  ΓåÆ VERIFY returned True

≡ƒº¼ 100
   ≡ƒÉ╛ Step : Click 'Secure Logout'
    ΓÜÖ∩╕Å  DOM HEURISTICS: High confidence match (score 103689)
   Γ£à PASSED  ΓåÆ 'h100'

======================================================================
≡ƒôè SCORE: 100/100 passed

≡ƒÅå FLAWLESS VICTORY!
======================================================================

======================================================================
≡ƒÆ╝ CRM, ATS & PM HELL: 100 REAL-WORLD TRAPS
======================================================================
    Γä╣∩╕Å  No model configured ΓÇö running in heuristics-only mode (AI disabled).

≡ƒº¼ 1
   ≡ƒÉ╛ Step : Fill 'Search leads' with 'Acme'
    ΓÜÖ∩╕Å  DOM HEURISTICS: High confidence match (score 25111)
   Γ£à PASSED  ΓåÆ 'c1'

≡ƒº¼ 2
   ≡ƒÉ╛ Step : Click 'Global Create'
    ΓÜÖ∩╕Å  DOM HEURISTICS: High confidence match (score 104106)
   Γ£à PASSED  ΓåÆ 'c2'

≡ƒº¼ 3
   ≡ƒÉ╛ Step : Click 'Notifications'
    ΓÜÖ∩╕Å  DOM HEURISTICS: High confidence match (score 103556)
   Γ£à PASSED  ΓåÆ 'c3'

≡ƒº¼ 4
   ≡ƒÉ╛ Step : Click 'Pipelines'
    ΓÜÖ∩╕Å  DOM HEURISTICS: High confidence match (score 103511)
   Γ£à PASSED  ΓåÆ 'c4'

≡ƒº¼ 5
   ≡ƒÉ╛ Step : Click 'Candidates'
    ΓÜÖ∩╕Å  DOM HEURISTICS: High confidence match (score 4311)
   Γ£à PASSED  ΓåÆ 'c5'

≡ƒº¼ 6
   ≡ƒÉ╛ Step : Click 'Reports'
    ΓÜÖ∩╕Å  DOM HEURISTICS: High confidence match (score 103511)
   Γ£à PASSED  ΓåÆ 'c6'

≡ƒº¼ 7
   ≡ƒÉ╛ Step : Click 'Recent Items'
    ΓÜÖ∩╕Å  DOM HEURISTICS: High confidence match (score 4489)
   Γ£à PASSED  ΓåÆ 'c7'

≡ƒº¼ 8
   ≡ƒÉ╛ Step : Click 'Settings'
    ΓÜÖ∩╕Å  DOM HEURISTICS: High confidence match (score 103556)
   Γ£à PASSED  ΓåÆ 'c8'

≡ƒº¼ 9
   ≡ƒÉ╛ Step : Click 'My Profile'
    ΓÜÖ∩╕Å  DOM HEURISTICS: High confidence match (score 103511)
   Γ£à PASSED  ΓåÆ 'c9'

≡ƒº¼ 10
   ≡ƒÉ╛ Step : Click 'Log Out'
    ΓÜÖ∩╕Å  DOM HEURISTICS: High confidence match (score 103689)
   Γ£à PASSED  ΓåÆ 'c10'

≡ƒº¼ 11
   ≡ƒÉ╛ Step : EXTRACT text of 'Acme Corp Deal' into {deal}
    ΓÜÖ∩╕Å  DOM HEURISTICS: Extracting data via JSΓÇª
    ≡ƒôª COLLECTED: Acme Corp Deal
   Γ£à PASSED  ΓåÆ {deal} = 'Acme Corp Deal'

≡ƒº¼ 12
   ≡ƒÉ╛ Step : Click 'Move to Contacted'
    ΓÜÖ∩╕Å  DOM HEURISTICS: High confidence match (score 103689)
   Γ£à PASSED  ΓåÆ 'c12'

≡ƒº¼ 13
   ≡ƒÉ╛ Step : Click 'Move to Closed Won'
    ΓÜÖ∩╕Å  DOM HEURISTICS: High confidence match (score 103867)
   Γ£à PASSED  ΓåÆ 'c13'

≡ƒº¼ 14
   ≡ƒÉ╛ Step : Click 'Move to Closed Lost'
    ΓÜÖ∩╕Å  DOM HEURISTICS: High confidence match (score 103867)
   Γ£à PASSED  ΓåÆ 'c14'

≡ƒº¼ 15
   ≡ƒÉ╛ Step : Click 'Add Column'
    ΓÜÖ∩╕Å  DOM HEURISTICS: High confidence match (score 103689)
   Γ£à PASSED  ΓåÆ 'c15'

≡ƒº¼ 16
   ≡ƒÉ╛ Step : Fill 'Column Name' with 'On Hold'
    ΓÜÖ∩╕Å  DOM HEURISTICS: High confidence match (score 163645)
   Γ£à PASSED  ΓåÆ 'c16'

≡ƒº¼ 17
   ≡ƒÉ╛ Step : Click 'Save Column'
    ΓÜÖ∩╕Å  DOM HEURISTICS: High confidence match (score 103689)
   Γ£à PASSED  ΓåÆ 'c17'

≡ƒº¼ 18
   ≡ƒÉ╛ Step : Click 'Filter Board'
    ΓÜÖ∩╕Å  DOM HEURISTICS: High confidence match (score 104106)
   Γ£à PASSED  ΓåÆ 'c18'

≡ƒº¼ 19
   ≡ƒÉ╛ Step : Select 'List' from 'Board View'
    ΓÜÖ∩╕Å  DOM HEURISTICS: High confidence match (score 115172)
   Γ£à PASSED  ΓåÆ 'c19'

≡ƒº¼ 20
   ≡ƒÉ╛ Step : Click 'Export Board'
    ΓÜÖ∩╕Å  DOM HEURISTICS: High confidence match (score 103689)
   Γ£à PASSED  ΓåÆ 'c20'

≡ƒº¼ 21
   ≡ƒÉ╛ Step : Fill 'Lead Name' with 'Elon Musk'
    ΓÜÖ∩╕Å  DOM HEURISTICS: High confidence match (score 163645)
   Γ£à PASSED  ΓåÆ 'c21'

≡ƒº¼ 22
   ≡ƒÉ╛ Step : Fill 'Company Name' with 'SpaceX'
    ΓÜÖ∩╕Å  DOM HEURISTICS: High confidence match (score 163645)
   Γ£à PASSED  ΓåÆ 'c22'

≡ƒº¼ 23
   ≡ƒÉ╛ Step : Fill 'Contact Email' with 'elon@x.com'
    ΓÜÖ∩╕Å  DOM HEURISTICS: High confidence match (score 174311)
   Γ£à PASSED  ΓåÆ 'c23'

≡ƒº¼ 24
   ≡ƒÉ╛ Step : Fill 'Phone Number' with '12345'
    ΓÜÖ∩╕Å  DOM HEURISTICS: High confidence match (score 163645)
   Γ£à PASSED  ΓåÆ 'c24'

≡ƒº¼ 25
   ≡ƒÉ╛ Step : Select 'Inbound' from 'Lead Source'
    ΓÜÖ∩╕Å  DOM HEURISTICS: High confidence match (score 78245)
   Γ£à PASSED  ΓåÆ 'c25'

≡ƒº¼ 26
   ≡ƒÉ╛ Step : Fill 'Expected Revenue' with '1000000'
    ΓÜÖ∩╕Å  DOM HEURISTICS: Context reuse match (score 17889)
   Γ£à PASSED  ΓåÆ 'c26'

≡ƒº¼ 27
   ≡ƒÉ╛ Step : Fill 'Estimated Close Date' with '2026-12-31'
    ΓÜÖ∩╕Å  DOM HEURISTICS: High confidence match (score 175156)
   Γ£à PASSED  ΓåÆ 'c27'

≡ƒº¼ 28
   ≡ƒÉ╛ Step : Select 'Alex Dev' from 'Assignee'
    ΓÜÖ∩╕Å  DOM HEURISTICS: High confidence match (score 179128)
   Γ£à PASSED  ΓåÆ 'c28'

≡ƒº¼ 29
   ≡ƒÉ╛ Step : Click 'Save Lead'
    ΓÜÖ∩╕Å  DOM HEURISTICS: High confidence match (score 103689)
   Γ£à PASSED  ΓåÆ 'c29'

≡ƒº¼ 30
   ≡ƒÉ╛ Step : Click 'Cancel'
    ΓÜÖ∩╕Å  DOM HEURISTICS: High confidence match (score 103511)
   Γ£à PASSED  ΓåÆ 'c30'

≡ƒº¼ 31
   ≡ƒÉ╛ Step : Click 'Log a Call'
    ΓÜÖ∩╕Å  DOM HEURISTICS: High confidence match (score 103689)
   Γ£à PASSED  ΓåÆ 'c31'

≡ƒº¼ 32
   ≡ƒÉ╛ Step : Click 'Send Email'
    ΓÜÖ∩╕Å  DOM HEURISTICS: High confidence match (score 103689)
   Γ£à PASSED  ΓåÆ 'c32'

≡ƒº¼ 33
   ≡ƒÉ╛ Step : Click 'Add Note'
    ΓÜÖ∩╕Å  DOM HEURISTICS: High confidence match (score 103689)
   Γ£à PASSED  ΓåÆ 'c33'

≡ƒº¼ 34
   ≡ƒÉ╛ Step : Click 'Schedule Meeting'
    ΓÜÖ∩╕Å  DOM HEURISTICS: High confidence match (score 103689)
   Γ£à PASSED  ΓåÆ 'c34'

≡ƒº¼ 35
   ≡ƒÉ╛ Step : Click 'Create Task'
    ΓÜÖ∩╕Å  DOM HEURISTICS: High confidence match (score 103689)
   Γ£à PASSED  ΓåÆ 'c35'

≡ƒº¼ 36
   ≡ƒÉ╛ Step : Fill 'Write your note' with 'Client called'
    ΓÜÖ∩╕Å  DOM HEURISTICS: Context reuse match (score 14622)
   Γ£à PASSED  ΓåÆ 'c36'

≡ƒº¼ 37
   ≡ƒÉ╛ Step : Click 'Attach File'
    ΓÜÖ∩╕Å  DOM HEURISTICS: High confidence match (score 103689)
   Γ£à PASSED  ΓåÆ 'c37'

≡ƒº¼ 38
   ≡ƒÉ╛ Step : Click '@ Mention'
    ΓÜÖ∩╕Å  DOM HEURISTICS: High confidence match (score 103511)
   Γ£à PASSED  ΓåÆ 'c38'

≡ƒº¼ 39
   ≡ƒÉ╛ Step : Click 'Save Note'
    ΓÜÖ∩╕Å  DOM HEURISTICS: High confidence match (score 103689)
   Γ£à PASSED  ΓåÆ 'c39'

≡ƒº¼ 40
   ≡ƒÉ╛ Step : VERIFY 'Note saved successfully' is present
    ΓÜÖ∩╕Å  DOM HEURISTICS: Scanning for ['note saved successfully']
    Γ£à Verified ΓÇö OK
   Γ£à PASSED  ΓåÆ VERIFY returned True

≡ƒº¼ 41
   ≡ƒÉ╛ Step : Fill 'Ticket Title' with 'Server FIXED'
    ΓÜÖ∩╕Å  DOM HEURISTICS: High confidence match (score 105022)
   Γ£à PASSED  ΓåÆ 'c41'

≡ƒº¼ 42
   ≡ƒÉ╛ Step : Select 'Resolved' from 'Status'
    ΓÜÖ∩╕Å  DOM HEURISTICS: High confidence match (score 78595)
   Γ£à PASSED  ΓåÆ 'c42'

≡ƒº¼ 43
   ≡ƒÉ╛ Step : Select 'Critical' from 'Priority'
    ΓÜÖ∩╕Å  DOM HEURISTICS: High confidence match (score 78595)
   Γ£à PASSED  ΓåÆ 'c43'

≡ƒº¼ 44
   ≡ƒÉ╛ Step : Click 'Remove Bug tag'
    ΓÜÖ∩╕Å  DOM HEURISTICS: High confidence match (score 103556)
   Γ£à PASSED  ΓåÆ 'c44'

≡ƒº¼ 45
   ≡ƒÉ╛ Step : Fill 'Add tag...' with 'Urgent'
    ΓÜÖ∩╕Å  DOM HEURISTICS: High confidence match (score 163645)
   Γ£à PASSED  ΓåÆ 'c45'

≡ƒº¼ 46
   ≡ƒÉ╛ Step : Click 'Add'
    ΓÜÖ∩╕Å  DOM HEURISTICS: High confidence match (score 103511)
   Γ£à PASSED  ΓåÆ 'c46'

≡ƒº¼ 47
   ≡ƒÉ╛ Step : Click 'Link Issue'
    ΓÜÖ∩╕Å  DOM HEURISTICS: High confidence match (score 103689)
   Γ£à PASSED  ΓåÆ 'c47'

≡ƒº¼ 48
   ≡ƒÉ╛ Step : Click 'Clone Ticket'
    ΓÜÖ∩╕Å  DOM HEURISTICS: High confidence match (score 103689)
   Γ£à PASSED  ΓåÆ 'c48'

≡ƒº¼ 49
   ≡ƒÉ╛ Step : Click 'Watch Ticket'
    ΓÜÖ∩╕Å  DOM HEURISTICS: High confidence match (score 104106)
   Γ£à PASSED  ΓåÆ 'c49'

≡ƒº¼ 50
   ≡ƒÉ╛ Step : Click 'Vote on Ticket'
    ΓÜÖ∩╕Å  DOM HEURISTICS: High confidence match (score 104106)
   Γ£à PASSED  ΓåÆ 'c50'

≡ƒº¼ 51
   ≡ƒÉ╛ Step : EXTRACT Candidate name into {cand}
    ΓÜÖ∩╕Å  DOM HEURISTICS: Extracting data via JSΓÇª
    ≡ƒôª COLLECTED: Sarah Connor
   Γ£à PASSED  ΓåÆ {cand} = 'Sarah Connor'

≡ƒº¼ 52
   ≡ƒÉ╛ Step : Click 'View Resume'
    ΓÜÖ∩╕Å  DOM HEURISTICS: High confidence match (score 103689)
   Γ£à PASSED  ΓåÆ 'c52'

≡ƒº¼ 53
   ≡ƒÉ╛ Step : Click 'LinkedIn Profile'
    ΓÜÖ∩╕Å  DOM HEURISTICS: High confidence match (score 103689)
   Γ£à PASSED  ΓåÆ 'c53'

≡ƒº¼ 54
   ≡ƒÉ╛ Step : Select 'Offer' from 'Stage'
    ΓÜÖ∩╕Å  DOM HEURISTICS: High confidence match (score 178650)
   Γ£à PASSED  ΓåÆ 'c54'

≡ƒº¼ 55
   ≡ƒÉ╛ Step : Click 'Move to Offer'
    ΓÜÖ∩╕Å  DOM HEURISTICS: High confidence match (score 103689)
   Γ£à PASSED  ΓåÆ 'c55'

≡ƒº¼ 56
   ≡ƒÉ╛ Step : Click 'Reject Candidate'
    ΓÜÖ∩╕Å  DOM HEURISTICS: High confidence match (score 103689)
   Γ£à PASSED  ΓåÆ 'c56'

≡ƒº¼ 57
   ≡ƒÉ╛ Step : Select 'Not a fit' from 'Rejection Reason'
    ΓÜÖ∩╕Å  DOM HEURISTICS: High confidence match (score 179200)
   Γ£à PASSED  ΓåÆ 'c57'

≡ƒº¼ 58
   ≡ƒÉ╛ Step : Click 'Send Rejection Email'
    ΓÜÖ∩╕Å  DOM HEURISTICS: High confidence match (score 103867)
   Γ£à PASSED  ΓåÆ 'c58'

≡ƒº¼ 59
   ≡ƒÉ╛ Step : Click 'Schedule Interview'
    ΓÜÖ∩╕Å  DOM HEURISTICS: High confidence match (score 103689)
   Γ£à PASSED  ΓåÆ 'c59'

≡ƒº¼ 60
   ≡ƒÉ╛ Step : Click 'Request Feedback'
    ΓÜÖ∩╕Å  DOM HEURISTICS: High confidence match (score 4489)
   Γ£à PASSED  ΓåÆ 'c60'

≡ƒº¼ 61
   ≡ƒÉ╛ Step : Check 'Select All Leads'
    ΓÜÖ∩╕Å  DOM HEURISTICS: High confidence match (score 101156)
   Γ£à PASSED  ΓåÆ 'c61'

≡ƒº¼ 62
   ≡ƒÉ╛ Step : Check 'Select Lead 1'
    ΓÜÖ∩╕Å  DOM HEURISTICS: High confidence match (score 100978)
   Γ£à PASSED  ΓåÆ 'c62'

≡ƒº¼ 63
   ≡ƒÉ╛ Step : EXTRACT Score of 'John Doe' into {s}
    ΓÜÖ∩╕Å  DOM HEURISTICS: Extracting data via JSΓÇª
    ≡ƒôª COLLECTED: 85
   Γ£à PASSED  ΓåÆ {s} = '85'

≡ƒº¼ 64
   ≡ƒÉ╛ Step : Click 'Edit' for lead
    ΓÜÖ∩╕Å  DOM HEURISTICS: High confidence match (score 103511)
   Γ£à PASSED  ΓåÆ 'c64'

≡ƒº¼ 65
   ≡ƒÉ╛ Step : Click 'Bulk Assign'
    ΓÜÖ∩╕Å  DOM HEURISTICS: High confidence match (score 103689)
   Γ£à PASSED  ΓåÆ 'c65'

≡ƒº¼ 66
   ≡ƒÉ╛ Step : Click 'Bulk Delete'
    ΓÜÖ∩╕Å  DOM HEURISTICS: High confidence match (score 103689)
   Γ£à PASSED  ΓåÆ 'c66'

≡ƒº¼ 67
   ≡ƒÉ╛ Step : Click 'Merge Duplicates'
    ΓÜÖ∩╕Å  DOM HEURISTICS: High confidence match (score 103689)
   Γ£à PASSED  ΓåÆ 'c67'

≡ƒº¼ 68
   ≡ƒÉ╛ Step : Click 'Add to Campaign'
    ΓÜÖ∩╕Å  DOM HEURISTICS: High confidence match (score 103689)
   Γ£à PASSED  ΓåÆ 'c68'

≡ƒº¼ 69
   ≡ƒÉ╛ Step : Click 'Change Status'
    ΓÜÖ∩╕Å  DOM HEURISTICS: High confidence match (score 103689)
   Γ£à PASSED  ΓåÆ 'c69'

≡ƒº¼ 70
   ≡ƒÉ╛ Step : VERIFY that 'Apply Bulk Action' is disabled
    ΓÜÖ∩╕Å  DOM HEURISTICS: Scanning for ['apply bulk action'] [DISABLED]
    Γ£à Element disabled=True
   Γ£à PASSED  ΓåÆ VERIFY returned True

≡ƒº¼ 71
   ≡ƒÉ╛ Step : Select 'Status' from 'Filter Field'
    ΓÜÖ∩╕Å  DOM HEURISTICS: High confidence match (score 179172)
   Γ£à PASSED  ΓåÆ 'c71'

≡ƒº¼ 72
   ≡ƒÉ╛ Step : Select 'Equals' from 'Filter Operator'
    ΓÜÖ∩╕Å  DOM HEURISTICS: High confidence match (score 179022)
   Γ£à PASSED  ΓåÆ 'c72'

≡ƒº¼ 73
   ≡ƒÉ╛ Step : Fill 'Filter Value' with 'Open'
    ΓÜÖ∩╕Å  DOM HEURISTICS: High confidence match (score 163645)
   Γ£à PASSED  ΓåÆ 'c73'

≡ƒº¼ 74
   ≡ƒÉ╛ Step : Click 'Add Condition'
    ΓÜÖ∩╕Å  DOM HEURISTICS: High confidence match (score 103689)
   Γ£à PASSED  ΓåÆ 'c74'

≡ƒº¼ 75
   ≡ƒÉ╛ Step : Click 'Apply Filter'
    ΓÜÖ∩╕Å  DOM HEURISTICS: High confidence match (score 103689)
   Γ£à PASSED  ΓåÆ 'c75'

≡ƒº¼ 76
   ≡ƒÉ╛ Step : Click 'Remove Filter'
    ΓÜÖ∩╕Å  DOM HEURISTICS: High confidence match (score 103778)
   Γ£à PASSED  ΓåÆ 'c76'

≡ƒº¼ 77
   ≡ƒÉ╛ Step : Fill 'Save filter as' with 'Active'
    ΓÜÖ∩╕Å  DOM HEURISTICS: Context reuse match (score 14444)
   Γ£à PASSED  ΓåÆ 'c77'

≡ƒº¼ 78
   ≡ƒÉ╛ Step : Click 'Save Filter'
    ΓÜÖ∩╕Å  DOM HEURISTICS: High confidence match (score 103689)
   Γ£à PASSED  ΓåÆ 'c78'

≡ƒº¼ 79
   ≡ƒÉ╛ Step : Select 'My Open Leads' from 'Saved Filters'
    ΓÜÖ∩╕Å  DOM HEURISTICS: High confidence match (score 179650)
   Γ£à PASSED  ΓåÆ 'c79'

≡ƒº¼ 80
   ≡ƒÉ╛ Step : Click 'Clear All'
    ΓÜÖ∩╕Å  DOM HEURISTICS: High confidence match (score 103689)
   Γ£à PASSED  ΓåÆ 'c80'

≡ƒº¼ 81
   ≡ƒÉ╛ Step : Select 'Time to Hire' from 'Report Type'
    ΓÜÖ∩╕Å  DOM HEURISTICS: High confidence match (score 179200)
   Γ£à PASSED  ΓåÆ 'c81'

≡ƒº¼ 82
   ≡ƒÉ╛ Step : Fill 'Report Start Date' with '2026-01-01'
    ΓÜÖ∩╕Å  DOM HEURISTICS: High confidence match (score 175156)
   Γ£à PASSED  ΓåÆ 'c82'

≡ƒº¼ 83
   ≡ƒÉ╛ Step : Fill 'Report End Date' with '2026-01-31'
    ΓÜÖ∩╕Å  DOM HEURISTICS: High confidence match (score 174934)
   Γ£à PASSED  ΓåÆ 'c83'

≡ƒº¼ 84
   ≡ƒÉ╛ Step : Click 'Generate Report'
    ΓÜÖ∩╕Å  DOM HEURISTICS: High confidence match (score 103689)
   Γ£à PASSED  ΓåÆ 'c84'

≡ƒº¼ 85
   ≡ƒÉ╛ Step : EXTRACT Total Deals into {td}
    ΓÜÖ∩╕Å  DOM HEURISTICS: Extracting data via JSΓÇª
    ≡ƒôª COLLECTED: 145
   Γ£à PASSED  ΓåÆ {td} = '145'

≡ƒº¼ 86
   ≡ƒÉ╛ Step : Click 'Download Excel'
    ΓÜÖ∩╕Å  DOM HEURISTICS: High confidence match (score 103689)
   Γ£à PASSED  ΓåÆ 'c86'

≡ƒº¼ 87
   ≡ƒÉ╛ Step : Click 'Download PDF'
    ΓÜÖ∩╕Å  DOM HEURISTICS: High confidence match (score 103689)
   Γ£à PASSED  ΓåÆ 'c87'

≡ƒº¼ 88
   ≡ƒÉ╛ Step : Click 'Share via Email'
    ΓÜÖ∩╕Å  DOM HEURISTICS: High confidence match (score 103867)
   Γ£à PASSED  ΓåÆ 'c88'

≡ƒº¼ 89
   ≡ƒÉ╛ Step : Click 'Schedule Report'
    ΓÜÖ∩╕Å  DOM HEURISTICS: High confidence match (score 103689)
   Γ£à PASSED  ΓåÆ 'c89'

≡ƒº¼ 90
   ≡ƒÉ╛ Step : Click 'Include deleted records' switch
    ΓÜÖ∩╕Å  DOM HEURISTICS: High confidence match (score 154534)
   Γ£à PASSED  ΓåÆ 'c90'

≡ƒº¼ 91
   ≡ƒÉ╛ Step : Click 'Create Workflow Rule'
    ΓÜÖ∩╕Å  DOM HEURISTICS: High confidence match (score 103867)
   Γ£à PASSED  ΓåÆ 'c91'

≡ƒº¼ 92
   ≡ƒÉ╛ Step : Fill 'Rule Name' with 'Auto-assign'
    ΓÜÖ∩╕Å  DOM HEURISTICS: High confidence match (score 163645)
   Γ£à PASSED  ΓåÆ 'c92'

≡ƒº¼ 93
   ≡ƒÉ╛ Step : Select 'On Create' from 'Trigger Event'
    ΓÜÖ∩╕Å  DOM HEURISTICS: High confidence match (score 179022)
   Γ£à PASSED  ΓåÆ 'c93'

≡ƒº¼ 94
   ≡ƒÉ╛ Step : Select 'Update Field' from 'Action'
    ΓÜÖ∩╕Å  DOM HEURISTICS: High confidence match (score 178978)
   Γ£à PASSED  ΓåÆ 'c94'

≡ƒº¼ 95
   ≡ƒÉ╛ Step : Click 'Save Workflow'
    ΓÜÖ∩╕Å  DOM HEURISTICS: High confidence match (score 103689)
   Γ£à PASSED  ΓåÆ 'c95'

≡ƒº¼ 96
   ≡ƒÉ╛ Step : Click 'Create Custom Field'
    ΓÜÖ∩╕Å  DOM HEURISTICS: High confidence match (score 103227)
   Γ£à PASSED  ΓåÆ 'c96'

≡ƒº¼ 97
   ≡ƒÉ╛ Step : Fill 'Field Label' with 'Skype ID'
    ΓÜÖ∩╕Å  DOM HEURISTICS: High confidence match (score 163645)
   Γ£à PASSED  ΓåÆ 'c97'

≡ƒº¼ 98
   ≡ƒÉ╛ Step : Select 'Text' from 'Field Type'
    ΓÜÖ∩╕Å  DOM HEURISTICS: High confidence match (score 178872)
   Γ£à PASSED  ΓåÆ 'c98'

≡ƒº¼ 99
   ≡ƒÉ╛ Step : Click 'Save Field'
    ΓÜÖ∩╕Å  DOM HEURISTICS: High confidence match (score 103049)
   Γ£à PASSED  ΓåÆ 'c99'

≡ƒº¼ 100
   ≡ƒÉ╛ Step : Click 'Unlock Admin Mode' if exists
    ΓÜÖ∩╕Å  DOM HEURISTICS: High confidence match (score 2133)
    ≡ƒû▒∩╕Å  Clicked 'Γ₧ò Create'
   Γ£à PASSED  ΓåÆ Optional handled

======================================================================
≡ƒôè SCORE: 100/100 passed

≡ƒÅå FLAWLESS VICTORY!
======================================================================

======================================================================
≡ƒÄô EDTECH & E-LEARNING HELL: 100 REAL-WORLD TRAPS
======================================================================
    Γä╣∩╕Å  No model configured ΓÇö running in heuristics-only mode (AI disabled).

≡ƒº¼ 1
   ≡ƒÉ╛ Step : Fill 'Search courses' with 'Python'
    ΓÜÖ∩╕Å  DOM HEURISTICS: High confidence match (score 25111)
   Γ£à PASSED  ΓåÆ 'l1'

≡ƒº¼ 2
   ≡ƒÉ╛ Step : Select 'Data Science' from 'Category'
    ΓÜÖ∩╕Å  DOM HEURISTICS: High confidence match (score 178978)
   Γ£à PASSED  ΓåÆ 'l2'

≡ƒº¼ 3
   ≡ƒÉ╛ Step : Click 'Enroll for Free'
    ΓÜÖ∩╕Å  DOM HEURISTICS: High confidence match (score 103867)
   Γ£à PASSED  ΓåÆ 'l3'

≡ƒº¼ 4
   ≡ƒÉ╛ Step : Click 'View Syllabus'
    ΓÜÖ∩╕Å  DOM HEURISTICS: High confidence match (score 103689)
   Γ£à PASSED  ΓåÆ 'l4'

≡ƒº¼ 5
   ≡ƒÉ╛ Step : Click 'Bookmark Course'
    ΓÜÖ∩╕Å  DOM HEURISTICS: High confidence match (score 103778)
   Γ£à PASSED  ΓåÆ 'l5'

≡ƒº¼ 6
   ≡ƒÉ╛ Step : Click radio 'Beginner'
    ΓÜÖ∩╕Å  DOM HEURISTICS: High confidence match (score 114356)
   Γ£à PASSED  ΓåÆ 'l6'

≡ƒº¼ 7
   ≡ƒÉ╛ Step : Click radio 'Advanced'
    ΓÜÖ∩╕Å  DOM HEURISTICS: High confidence match (score 114356)
   Γ£à PASSED  ΓåÆ 'l7'

≡ƒº¼ 8
   ≡ƒÉ╛ Step : Click 'Apply Filters'
    ΓÜÖ∩╕Å  DOM HEURISTICS: High confidence match (score 103689)
   Γ£à PASSED  ΓåÆ 'l8'

≡ƒº¼ 9
   ≡ƒÉ╛ Step : Click 'Clear All'
    ΓÜÖ∩╕Å  DOM HEURISTICS: High confidence match (score 103689)
   Γ£à PASSED  ΓåÆ 'l9'

≡ƒº¼ 10
   ≡ƒÉ╛ Step : Click 'Instructor Bio'
    ΓÜÖ∩╕Å  DOM HEURISTICS: High confidence match (score 4489)
   Γ£à PASSED  ΓåÆ 'l10'

≡ƒº¼ 11
   ≡ƒÉ╛ Step : Click 'Previous Lecture'
    ΓÜÖ∩╕Å  DOM HEURISTICS: High confidence match (score 103689)
   Γ£à PASSED  ΓåÆ 'l11'

≡ƒº¼ 12
   ≡ƒÉ╛ Step : Click 'Next Lecture'
    ΓÜÖ∩╕Å  DOM HEURISTICS: High confidence match (score 103689)
   Γ£à PASSED  ΓåÆ 'l12'

≡ƒº¼ 13
   ≡ƒÉ╛ Step : Click 'Auto-advance' switch
    ΓÜÖ∩╕Å  DOM HEURISTICS: High confidence match (score 154134)
   Γ£à PASSED  ΓåÆ 'l13'

≡ƒº¼ 14
   ≡ƒÉ╛ Step : Click 'Show Transcript'
    ΓÜÖ∩╕Å  DOM HEURISTICS: High confidence match (score 103689)
   Γ£à PASSED  ΓåÆ 'l14'

≡ƒº¼ 15
   ≡ƒÉ╛ Step : Click 'Take Notes'
    ΓÜÖ∩╕Å  DOM HEURISTICS: High confidence match (score 103689)
   Γ£à PASSED  ΓåÆ 'l15'

≡ƒº¼ 16
   ≡ƒÉ╛ Step : Select '2x' from 'Speed'
    ΓÜÖ∩╕Å  DOM HEURISTICS: High confidence match (score 178772)
   Γ£à PASSED  ΓåÆ 'l16'

≡ƒº¼ 17
   ≡ƒÉ╛ Step : Check 'Mark as Complete'
    ΓÜÖ∩╕Å  DOM HEURISTICS: High confidence match (score 50533)
   Γ£à PASSED  ΓåÆ 'l17'

≡ƒº¼ 18
   ≡ƒÉ╛ Step : Click 'Download Slides'
    ΓÜÖ∩╕Å  DOM HEURISTICS: High confidence match (score 103689)
   Γ£à PASSED  ΓåÆ 'l18'

≡ƒº¼ 19
   ≡ƒÉ╛ Step : Click 'Ask Question in Q&A'
    ΓÜÖ∩╕Å  DOM HEURISTICS: High confidence match (score 103689)
   Γ£à PASSED  ΓåÆ 'l19'

≡ƒº¼ 20
   ≡ƒÉ╛ Step : Click 'Report Audio Issue'
    ΓÜÖ∩╕Å  DOM HEURISTICS: High confidence match (score 103867)
   Γ£à PASSED  ΓåÆ 'l20'

≡ƒº¼ 21
   ≡ƒÉ╛ Step : Click radio 'A snake'
    ΓÜÖ∩╕Å  DOM HEURISTICS: High confidence match (score 114356)
   Γ£à PASSED  ΓåÆ 'l21'

≡ƒº¼ 22
   ≡ƒÉ╛ Step : Click radio 'A programming language'
    ΓÜÖ∩╕Å  DOM HEURISTICS: High confidence match (score 114533)
   Γ£à PASSED  ΓåÆ 'l22'

≡ƒº¼ 23
   ≡ƒÉ╛ Step : Check 'div'
    ΓÜÖ∩╕Å  DOM HEURISTICS: High confidence match (score 50356)
   Γ£à PASSED  ΓåÆ 'l23'

≡ƒº¼ 24
   ≡ƒÉ╛ Step : Check 'span'
    ΓÜÖ∩╕Å  DOM HEURISTICS: High confidence match (score 50356)
   Γ£à PASSED  ΓåÆ 'l24'

≡ƒº¼ 25
   ≡ƒÉ╛ Step : Check 'fakeTag'
    ΓÜÖ∩╕Å  DOM HEURISTICS: High confidence match (score 50356)
   Γ£à PASSED  ΓåÆ 'l25'

≡ƒº¼ 26
   ≡ƒÉ╛ Step : Click 'Clear my choices'
    ΓÜÖ∩╕Å  DOM HEURISTICS: High confidence match (score 103689)
   Γ£à PASSED  ΓåÆ 'l26'

≡ƒº¼ 27
   ≡ƒÉ╛ Step : Click 'Submit Quiz'
    ΓÜÖ∩╕Å  DOM HEURISTICS: High confidence match (score 103689)
   Γ£à PASSED  ΓåÆ 'l27'

≡ƒº¼ 28
   ≡ƒÉ╛ Step : VERIFY that 'Review Answers' is disabled
    ΓÜÖ∩╕Å  DOM HEURISTICS: Scanning for ['review answers'] [DISABLED]
    Γ£à Element disabled=True
   Γ£à PASSED  ΓåÆ VERIFY returned True

≡ƒº¼ 29
   ≡ƒÉ╛ Step : EXTRACT Quiz Score into {qs}
    ΓÜÖ∩╕Å  DOM HEURISTICS: Extracting data via JSΓÇª
    ≡ƒôª COLLECTED: 85%
   Γ£à PASSED  ΓåÆ {qs} = '85%'

≡ƒº¼ 30
   ≡ƒÉ╛ Step : Click 'Retake Quiz'
    ΓÜÖ∩╕Å  DOM HEURISTICS: High confidence match (score 103689)
   Γ£à PASSED  ΓåÆ 'l30'

≡ƒº¼ 31
   ≡ƒÉ╛ Step : Fill 'def' field with 'main'
    ΓÜÖ∩╕Å  DOM HEURISTICS: High confidence match (score 163467)
   Γ£à PASSED  ΓåÆ 'l31'

≡ƒº¼ 32
   ≡ƒÉ╛ Step : Fill 'Code Editor' with 'print(1)'
    ΓÜÖ∩╕Å  DOM HEURISTICS: High confidence match (score 164089)
   Γ£à PASSED  ΓåÆ 'l32'

≡ƒº¼ 33
   ≡ƒÉ╛ Step : Click 'Run Code'
    ΓÜÖ∩╕Å  DOM HEURISTICS: High confidence match (score 103689)
   Γ£à PASSED  ΓåÆ 'l33'

≡ƒº¼ 34
   ≡ƒÉ╛ Step : Click 'Submit Code'
    ΓÜÖ∩╕Å  DOM HEURISTICS: High confidence match (score 103689)
   Γ£à PASSED  ΓåÆ 'l34'

≡ƒº¼ 35
   ≡ƒÉ╛ Step : EXTRACT console output into {out}
    ΓÜÖ∩╕Å  DOM HEURISTICS: Extracting data via JSΓÇª
    ≡ƒôª COLLECTED: invalid syntax
   Γ£à PASSED  ΓåÆ {out} = 'invalid syntax'

≡ƒº¼ 36
   ≡ƒÉ╛ Step : Click 'Hint'
    ΓÜÖ∩╕Å  DOM HEURISTICS: High confidence match (score 4533)
   Γ£à PASSED  ΓåÆ 'l36'

≡ƒº¼ 37
   ≡ƒÉ╛ Step : Click 'View Solution'
    ΓÜÖ∩╕Å  DOM HEURISTICS: High confidence match (score 103689)
   Γ£à PASSED  ΓåÆ 'l37'

≡ƒº¼ 38
   ≡ƒÉ╛ Step : Click 'Reset Workspace'
    ΓÜÖ∩╕Å  DOM HEURISTICS: High confidence match (score 103689)
   Γ£à PASSED  ΓåÆ 'l38'

≡ƒº¼ 39
   ≡ƒÉ╛ Step : Click 'Upload Source File'
    ΓÜÖ∩╕Å  DOM HEURISTICS: High confidence match (score 101200)
   Γ£à PASSED  ΓåÆ 'l39'

≡ƒº¼ 40
   ≡ƒÉ╛ Step : Select 'Java' from 'Language'
    ΓÜÖ∩╕Å  DOM HEURISTICS: High confidence match (score 178800)
   Γ£à PASSED  ΓåÆ 'l40'

≡ƒº¼ 41
   ≡ƒÉ╛ Step : Fill 'Search discussions' with 'help'
    ΓÜÖ∩╕Å  DOM HEURISTICS: Context reuse match (score 14444)
   Γ£à PASSED  ΓåÆ 'l41'

≡ƒº¼ 42
   ≡ƒÉ╛ Step : Click 'Create New Thread'
    ΓÜÖ∩╕Å  DOM HEURISTICS: High confidence match (score 103867)
   Γ£à PASSED  ΓåÆ 'l42'

≡ƒº¼ 43
   ≡ƒÉ╛ Step : Fill 'Thread Title' with 'Bug in Lecture 2'
    ΓÜÖ∩╕Å  DOM HEURISTICS: High confidence match (score 163645)
   Γ£à PASSED  ΓåÆ 'l43'

≡ƒº¼ 44
   ≡ƒÉ╛ Step : Fill 'Type your question here' with 'Audio is missing.'
    ΓÜÖ∩╕Å  DOM HEURISTICS: Context reuse match (score 14800)
   Γ£à PASSED  ΓåÆ 'l44'

≡ƒº¼ 45
   ≡ƒÉ╛ Step : Click 'Post Thread'
    ΓÜÖ∩╕Å  DOM HEURISTICS: High confidence match (score 103689)
   Γ£à PASSED  ΓåÆ 'l45'

≡ƒº¼ 46
   ≡ƒÉ╛ Step : Click 'Upvote Post'
    ΓÜÖ∩╕Å  DOM HEURISTICS: High confidence match (score 103778)
   Γ£à PASSED  ΓåÆ 'l46'

≡ƒº¼ 47
   ≡ƒÉ╛ Step : Click 'Downvote Post'
    ΓÜÖ∩╕Å  DOM HEURISTICS: High confidence match (score 103778)
   Γ£à PASSED  ΓåÆ 'l47'

≡ƒº¼ 48
   ≡ƒÉ╛ Step : Click 'Reply to Thread'
    ΓÜÖ∩╕Å  DOM HEURISTICS: High confidence match (score 103689)
   Γ£à PASSED  ΓåÆ 'l48'

≡ƒº¼ 49
   ≡ƒÉ╛ Step : Click 'Mark as Answer'
    ΓÜÖ∩╕Å  DOM HEURISTICS: High confidence match (score 103689)
   Γ£à PASSED  ΓåÆ 'l49'

≡ƒº¼ 50
   ≡ƒÉ╛ Step : Click 'Subscribe to updates'
    ΓÜÖ∩╕Å  DOM HEURISTICS: High confidence match (score 103689)
   Γ£à PASSED  ΓåÆ 'l50'

≡ƒº¼ 51
   ≡ƒÉ╛ Step : EXTRACT Project title into {proj}
    ΓÜÖ∩╕Å  DOM HEURISTICS: Extracting data via JSΓÇª
    ≡ƒôª COLLECTED: Web Scraper
   Γ£à PASSED  ΓåÆ {proj} = 'Web Scraper'

≡ƒº¼ 52
   ≡ƒÉ╛ Step : Click 'Upload Assignment'
    ΓÜÖ∩╕Å  DOM HEURISTICS: High confidence match (score 100800)
   Γ£à PASSED  ΓåÆ 'l52'

≡ƒº¼ 53
   ≡ƒÉ╛ Step : Fill 'Google Drive Link' with 'http://link'
    ΓÜÖ∩╕Å  DOM HEURISTICS: Context reuse match (score 13172)
   Γ£à PASSED  ΓåÆ 'l53'

≡ƒº¼ 54
   ≡ƒÉ╛ Step : Fill 'Add comments for grader' with 'Done'
    ΓÜÖ∩╕Å  DOM HEURISTICS: High confidence match (score 164000)
   Γ£à PASSED  ΓåÆ 'l54'

≡ƒº¼ 55
   ≡ƒÉ╛ Step : Check 'Honor Code'
    ΓÜÖ∩╕Å  DOM HEURISTICS: High confidence match (score 1383)
   Γ£à PASSED  ΓåÆ 'l55'

≡ƒº¼ 56
   ≡ƒÉ╛ Step : Click 'Submit Assignment'
    ΓÜÖ∩╕Å  DOM HEURISTICS: High confidence match (score 103689)
   Γ£à PASSED  ΓåÆ 'l56'

≡ƒº¼ 57
   ≡ƒÉ╛ Step : Click 'Withdraw Submission'
    ΓÜÖ∩╕Å  DOM HEURISTICS: High confidence match (score 103689)
   Γ£à PASSED  ΓåÆ 'l57'

≡ƒº¼ 58
   ≡ƒÉ╛ Step : Click 'View Grading Rubric'
    ΓÜÖ∩╕Å  DOM HEURISTICS: High confidence match (score 103867)
   Γ£à PASSED  ΓåÆ 'l58'

≡ƒº¼ 59
   ≡ƒÉ╛ Step : Click 'Request Extension'
    ΓÜÖ∩╕Å  DOM HEURISTICS: High confidence match (score 103689)
   Γ£à PASSED  ΓåÆ 'l59'

≡ƒº¼ 60
   ≡ƒÉ╛ Step : VERIFY 'Status: Not Submitted' is present
    ΓÜÖ∩╕Å  DOM HEURISTICS: Scanning for ['status: not submitted']
    Γ£à Verified ΓÇö OK
   Γ£à PASSED  ΓåÆ VERIFY returned True

≡ƒº¼ 61
   ≡ƒÉ╛ Step : EXTRACT Final Grade into {fg}
    ΓÜÖ∩╕Å  DOM HEURISTICS: Extracting data via JSΓÇª
    ≡ƒôª COLLECTED: A-
   Γ£à PASSED  ΓåÆ {fg} = 'A-'

≡ƒº¼ 62
   ≡ƒÉ╛ Step : Click 'Download Transcript'
    ΓÜÖ∩╕Å  DOM HEURISTICS: High confidence match (score 103689)
   Γ£à PASSED  ΓåÆ 'l62'

≡ƒº¼ 63
   ≡ƒÉ╛ Step : EXTRACT Course Progress into {cp}
    ΓÜÖ∩╕Å  DOM HEURISTICS: Extracting data via JSΓÇª
    ≡ƒôª COLLECTED: 75%
   Γ£à PASSED  ΓåÆ {cp} = '75%'

≡ƒº¼ 64
   ≡ƒÉ╛ Step : Click 'Request Regrade'
    ΓÜÖ∩╕Å  DOM HEURISTICS: High confidence match (score 103689)
   Γ£à PASSED  ΓåÆ 'l64'

≡ƒº¼ 65
   ≡ƒÉ╛ Step : Select 'Spring 2026' from 'Semester'
    ΓÜÖ∩╕Å  DOM HEURISTICS: High confidence match (score 178978)
   Γ£à PASSED  ΓåÆ 'l65'

≡ƒº¼ 66
   ≡ƒÉ╛ Step : EXTRACT GPA into {gpa}
    ΓÜÖ∩╕Å  DOM HEURISTICS: Extracting data via JSΓÇª
    ≡ƒôª COLLECTED: 3.8
   Γ£à PASSED  ΓåÆ {gpa} = '3.8'

≡ƒº¼ 67
   ≡ƒÉ╛ Step : Click 'Share Grades'
    ΓÜÖ∩╕Å  DOM HEURISTICS: High confidence match (score 103689)
   Γ£à PASSED  ΓåÆ 'l67'

≡ƒº¼ 68
   ≡ƒÉ╛ Step : Click 'View Weighting'
    ΓÜÖ∩╕Å  DOM HEURISTICS: High confidence match (score 103689)
   Γ£à PASSED  ΓåÆ 'l68'

≡ƒº¼ 69
   ≡ƒÉ╛ Step : Fill 'Enter target grade' with '95'
    ΓÜÖ∩╕Å  DOM HEURISTICS: Context reuse match (score 14622)
   Γ£à PASSED  ΓåÆ 'l69'

≡ƒº¼ 70
   ≡ƒÉ╛ Step : Click 'Calculate'
    ΓÜÖ∩╕Å  DOM HEURISTICS: High confidence match (score 103511)
   Γ£à PASSED  ΓåÆ 'l70'

≡ƒº¼ 71
   ≡ƒÉ╛ Step : Click 'Start Reviewing'
    ΓÜÖ∩╕Å  DOM HEURISTICS: High confidence match (score 103689)
   Γ£à PASSED  ΓåÆ 'l71'

≡ƒº¼ 72
   ≡ƒÉ╛ Step : Select '10' from 'Criterion 1'
    ΓÜÖ∩╕Å  DOM HEURISTICS: High confidence match (score 81339)
   Γ£à PASSED  ΓåÆ 'l72'

≡ƒº¼ 73
   ≡ƒÉ╛ Step : Select '5' from 'Criterion 2'
    ΓÜÖ∩╕Å  DOM HEURISTICS: High confidence match (score 81339)
   Γ£à PASSED  ΓåÆ 'l73'

≡ƒº¼ 74
   ≡ƒÉ╛ Step : Fill 'Constructive Feedback' with 'Great job'
    ΓÜÖ∩╕Å  DOM HEURISTICS: High confidence match (score 163645)
   Γ£à PASSED  ΓåÆ 'l74'

≡ƒº¼ 75
   ≡ƒÉ╛ Step : Click 'Submit Review'
    ΓÜÖ∩╕Å  DOM HEURISTICS: High confidence match (score 103689)
   Γ£à PASSED  ΓåÆ 'l75'

≡ƒº¼ 76
   ≡ƒÉ╛ Step : Click 'Flag for Plagiarism'
    ΓÜÖ∩╕Å  DOM HEURISTICS: High confidence match (score 103867)
   Γ£à PASSED  ΓåÆ 'l76'

≡ƒº¼ 77
   ≡ƒÉ╛ Step : Click 'Save Draft Review'
    ΓÜÖ∩╕Å  DOM HEURISTICS: High confidence match (score 103867)
   Γ£à PASSED  ΓåÆ 'l77'

≡ƒº¼ 78
   ≡ƒÉ╛ Step : Click 'View Student Submission'
    ΓÜÖ∩╕Å  DOM HEURISTICS: High confidence match (score 103867)
   Γ£à PASSED  ΓåÆ 'l78'

≡ƒº¼ 79
   ≡ƒÉ╛ Step : Click 'Show Rubric Guidelines'
    ΓÜÖ∩╕Å  DOM HEURISTICS: High confidence match (score 103867)
   Γ£à PASSED  ΓåÆ 'l79'

≡ƒº¼ 80
   ≡ƒÉ╛ Step : VERIFY that 'Next Submission' is disabled
    ΓÜÖ∩╕Å  DOM HEURISTICS: Scanning for ['next submission'] [DISABLED]
    Γ£à Element disabled=True
   Γ£à PASSED  ΓåÆ VERIFY returned True

≡ƒº¼ 81
   ≡ƒÉ╛ Step : Click 'Create New Course'
    ΓÜÖ∩╕Å  DOM HEURISTICS: High confidence match (score 103867)
   Γ£à PASSED  ΓåÆ 'l81'

≡ƒº¼ 82
   ≡ƒÉ╛ Step : Click 'Edit Syllabus'
    ΓÜÖ∩╕Å  DOM HEURISTICS: High confidence match (score 103689)
   Γ£à PASSED  ΓåÆ 'l82'

≡ƒº¼ 83
   ≡ƒÉ╛ Step : Click 'Post Announcement'
    ΓÜÖ∩╕Å  DOM HEURISTICS: High confidence match (score 103689)
   Γ£à PASSED  ΓåÆ 'l83'

≡ƒº¼ 84
   ≡ƒÉ╛ Step : Fill 'Message to Students' with 'Welcome!'
    ΓÜÖ∩╕Å  DOM HEURISTICS: High confidence match (score 163645)
   Γ£à PASSED  ΓåÆ 'l84'

≡ƒº¼ 85
   ≡ƒÉ╛ Step : Click 'Send Message'
    ΓÜÖ∩╕Å  DOM HEURISTICS: High confidence match (score 103689)
   Γ£à PASSED  ΓåÆ 'l85'

≡ƒº¼ 86
   ≡ƒÉ╛ Step : Click 'Open Gradebook'
    ΓÜÖ∩╕Å  DOM HEURISTICS: High confidence match (score 103689)
   Γ£à PASSED  ΓåÆ 'l86'

≡ƒº¼ 87
   ≡ƒÉ╛ Step : Click 'Publish Grades'
    ΓÜÖ∩╕Å  DOM HEURISTICS: High confidence match (score 103689)
   Γ£à PASSED  ΓåÆ 'l87'

≡ƒº¼ 88
   ≡ƒÉ╛ Step : Click 'Export Analytics'
    ΓÜÖ∩╕Å  DOM HEURISTICS: High confidence match (score 103689)
   Γ£à PASSED  ΓåÆ 'l88'

≡ƒº¼ 89
   ≡ƒÉ╛ Step : Click 'Accepting Enrollments' switch
    ΓÜÖ∩╕Å  DOM HEURISTICS: High confidence match (score 154134)
   Γ£à PASSED  ΓåÆ 'l89'

≡ƒº¼ 90
   ≡ƒÉ╛ Step : Click 'Unpublish Course'
    ΓÜÖ∩╕Å  DOM HEURISTICS: High confidence match (score 103689)
   Γ£à PASSED  ΓåÆ 'l90'

≡ƒº¼ 91
   ≡ƒÉ╛ Step : Click 'Claim Daily Reward'
    ΓÜÖ∩╕Å  DOM HEURISTICS: High confidence match (score 103867)
   Γ£à PASSED  ΓåÆ 'l91'

≡ƒº¼ 92
   ≡ƒÉ╛ Step : EXTRACT Current Streak into {streak}
    ΓÜÖ∩╕Å  DOM HEURISTICS: Extracting data via JSΓÇª
    ≡ƒôª COLLECTED: 14 Days
   Γ£à PASSED  ΓåÆ {streak} = '14 Days'

≡ƒº¼ 93
   ≡ƒÉ╛ Step : Click 'View Certificate'
    ΓÜÖ∩╕Å  DOM HEURISTICS: High confidence match (score 103689)
   Γ£à PASSED  ΓåÆ 'l93'

≡ƒº¼ 94
   ≡ƒÉ╛ Step : Click 'Share to LinkedIn'
    ΓÜÖ∩╕Å  DOM HEURISTICS: High confidence match (score 103689)
   Γ£à PASSED  ΓåÆ 'l94'

≡ƒº¼ 95
   ≡ƒÉ╛ Step : Click 'Download PDF Certificate'
    ΓÜÖ∩╕Å  DOM HEURISTICS: High confidence match (score 103867)
   Γ£à PASSED  ΓåÆ 'l95'

≡ƒº¼ 96
   ≡ƒÉ╛ Step : EXTRACT Rank into {rank}
    ΓÜÖ∩╕Å  DOM HEURISTICS: Extracting data via JSΓÇª
    ≡ƒôª COLLECTED: #4 in Class
   Γ£à PASSED  ΓåÆ {rank} = '#4 in Class'

≡ƒº¼ 97
   ≡ƒÉ╛ Step : Click 'View Leaderboard'
    ΓÜÖ∩╕Å  DOM HEURISTICS: High confidence match (score 103778)
   Γ£à PASSED  ΓåÆ 'l97'

≡ƒº¼ 98
   ≡ƒÉ╛ Step : Click 'Equip Avatar Frame'
    ΓÜÖ∩╕Å  DOM HEURISTICS: High confidence match (score 103867)
   Γ£à PASSED  ΓåÆ 'l98'

≡ƒº¼ 99
   ≡ƒÉ╛ Step : Click 'Spend XP Points'
    ΓÜÖ∩╕Å  DOM HEURISTICS: High confidence match (score 103689)
   Γ£à PASSED  ΓåÆ 'l99'

≡ƒº¼ 100
   ≡ƒÉ╛ Step : Click 'Secret Dev Mode' if exists
    ΓÜÖ∩╕Å  DOM HEURISTICS: High confidence match (score 2133)
    ≡ƒû▒∩╕Å  Clicked '≡ƒöû'
   Γ£à PASSED  ΓåÆ Optional handled

======================================================================
≡ƒôè SCORE: 100/100 passed

≡ƒÅå FLAWLESS VICTORY!
======================================================================

======================================================================
≡ƒÖÇ THE UNHOLY MESS & FINAL BOSS: 100 REAL-WORLD TRAPS
======================================================================
    Γä╣∩╕Å  No model configured ΓÇö running in heuristics-only mode (AI disabled).

≡ƒº¼ 1
   ≡ƒÉ╛ Step : Click 'ACCEPT ALL COOKIES'
    ΓÜÖ∩╕Å  DOM HEURISTICS: High confidence match (score 103867)
   Γ£à PASSED  ΓåÆ 'x1'

≡ƒº¼ 2
   ≡ƒÉ╛ Step : Click 'Manage Preferences'
    ΓÜÖ∩╕Å  DOM HEURISTICS: High confidence match (score 103689)
   Γ£à PASSED  ΓåÆ 'x2'

≡ƒº¼ 3
   ≡ƒÉ╛ Step : VERIFY that 'Strictly Necessary' is present
    ΓÜÖ∩╕Å  DOM HEURISTICS: Scanning for ['strictly necessary']
    Γ£à Verified ΓÇö OK
   Γ£à PASSED  ΓåÆ VERIFY returned True

≡ƒº¼ 4
   ≡ƒÉ╛ Step : Click 'Reject All'
    ΓÜÖ∩╕Å  DOM HEURISTICS: High confidence match (score 4489)
   Γ£à PASSED  ΓåÆ 'x3'

≡ƒº¼ 5
   ≡ƒÉ╛ Step : Check 'Marketing Cookies'
    ΓÜÖ∩╕Å  DOM HEURISTICS: High confidence match (score 50533)
   Γ£à PASSED  ΓåÆ 'x5'

≡ƒº¼ 6
   ≡ƒÉ╛ Step : Check 'Analytics Cookies'
    ΓÜÖ∩╕Å  DOM HEURISTICS: High confidence match (score 50533)
   Γ£à PASSED  ΓåÆ 'x6'

≡ƒº¼ 7
   ≡ƒÉ╛ Step : Click 'Save Preferences'
    ΓÜÖ∩╕Å  DOM HEURISTICS: High confidence match (score 103689)
   Γ£à PASSED  ΓåÆ 'x7'

≡ƒº¼ 8
   ≡ƒÉ╛ Step : Click the 'Privacy Policy' link
    ΓÜÖ∩╕Å  DOM HEURISTICS: High confidence match (score 4489)
   Γ£à PASSED  ΓåÆ 'x8'

≡ƒº¼ 9
   ≡ƒÉ╛ Step : Click 'Close Cookie Banner'
    ΓÜÖ∩╕Å  DOM HEURISTICS: High confidence match (score 104000)
   Γ£à PASSED  ΓåÆ 'x9'

≡ƒº¼ 10
   ≡ƒÉ╛ Step : VERIFY 'Consent saved.' is present
    ΓÜÖ∩╕Å  DOM HEURISTICS: Scanning for ['consent saved.']
    Γ£à Verified ΓÇö OK
   Γ£à PASSED  ΓåÆ VERIFY returned True

≡ƒº¼ 11
   ≡ƒÉ╛ Step : Check 'I am human'
    ΓÜÖ∩╕Å  DOM HEURISTICS: High confidence match (score 50356)
   Γ£à PASSED  ΓåÆ 'x11'

≡ƒº¼ 12
   ≡ƒÉ╛ Step : Click 'Reload Captcha Image'
    ΓÜÖ∩╕Å  DOM HEURISTICS: High confidence match (score 104000)
   Γ£à PASSED  ΓåÆ 'x12'

≡ƒº¼ 13
   ≡ƒÉ╛ Step : Click 'Play Audio Challenge'
    ΓÜÖ∩╕Å  DOM HEURISTICS: High confidence match (score 104000)
   Γ£à PASSED  ΓåÆ 'x13'

≡ƒº¼ 14
   ≡ƒÉ╛ Step : Fill 'Type the distorted text' with 'smudge'
    ΓÜÖ∩╕Å  DOM HEURISTICS: High confidence match (score 174667)
   Γ£à PASSED  ΓåÆ 'x14'

≡ƒº¼ 15
   ≡ƒÉ╛ Step : Fill 'Do not fill this' optional
    ΓÜÖ∩╕Å  DOM HEURISTICS: High confidence match (score 3378)
    Γî¿∩╕Å  Typed 'Do not fill this' ΓåÆ 'Pre-filled data input text'
   Γ£à PASSED  ΓåÆ Optional handled

≡ƒº¼ 16
   ≡ƒÉ╛ Step : Click 'Admin bypass'
    ΓÜÖ∩╕Å  DOM HEURISTICS: High confidence match (score 103689)
   Γ£à PASSED  ΓåÆ 'x16_honeypot'

≡ƒº¼ 17
   ≡ƒÉ╛ Step : Click 'Traffic Light' image
    ΓÜÖ∩╕Å  DOM HEURISTICS: High confidence match (score 110089)
   Γ£à PASSED  ΓåÆ 'x17'

≡ƒº¼ 18
   ≡ƒÉ╛ Step : Click 'Verify Images'
    ΓÜÖ∩╕Å  DOM HEURISTICS: High confidence match (score 103689)
   Γ£à PASSED  ΓåÆ 'x18'

≡ƒº¼ 19
   ≡ƒÉ╛ Step : VERIFY 'Please try again.' is present
    ΓÜÖ∩╕Å  DOM HEURISTICS: Scanning for ['please try again.']
    Γ£à Verified ΓÇö OK
   Γ£à PASSED  ΓåÆ VERIFY returned True

≡ƒº¼ 20
   ≡ƒÉ╛ Step : Click 'Report CAPTCHA issue'
    ΓÜÖ∩╕Å  DOM HEURISTICS: High confidence match (score 103867)
   Γ£à PASSED  ΓåÆ 'x20'

≡ƒº¼ 21
   ≡ƒÉ╛ Step : Click 'Yes, upgrade me now!'
    ΓÜÖ∩╕Å  DOM HEURISTICS: High confidence match (score 103867)
   Γ£à PASSED  ΓåÆ 'x21'

≡ƒº¼ 22
   ≡ƒÉ╛ Step : Click 'I hate saving money'
    ΓÜÖ∩╕Å  DOM HEURISTICS: High confidence match (score 4667)
   Γ£à PASSED  ΓåÆ 'x22'

≡ƒº¼ 23
   ≡ƒÉ╛ Step : Uncheck 'Subscribe to spam newsletter'
    ΓÜÖ∩╕Å  DOM HEURISTICS: High confidence match (score 50533)
   Γ£à PASSED  ΓåÆ 'x23'

≡ƒº¼ 24
   ≡ƒÉ╛ Step : Uncheck 'sell your soul'
    ΓÜÖ∩╕Å  DOM HEURISTICS: High confidence match (score 1533)
   Γ£à PASSED  ΓåÆ 'x24'

≡ƒº¼ 25
   ≡ƒÉ╛ Step : Click 'Continue without upgrading'
    ΓÜÖ∩╕Å  DOM HEURISTICS: High confidence match (score 104328)
   Γ£à PASSED  ΓåÆ 'x25'

≡ƒº¼ 26
   ≡ƒÉ╛ Step : VERIFY that 'Wait, don't leave!' is NOT present
    ΓÜÖ∩╕Å  DOM HEURISTICS: Scanning for ['wait, don'] [MUST BE ABSENT]
    Γ£à Verified ABSENT ΓÇö OK
   Γ£à PASSED  ΓåÆ VERIFY returned True

≡ƒº¼ 27
   ≡ƒÉ╛ Step : Click 'Claim 50% Discount' if exists
    ΓÜÖ∩╕Å  DOM HEURISTICS: High confidence match (score 2311)
    ≡ƒû▒∩╕Å  Clicked 'Click for more info'
   Γ£à PASSED  ΓåÆ Optional handled

≡ƒº¼ 28
   ≡ƒÉ╛ Step : EXTRACT time into {t}
    ΓÜÖ∩╕Å  DOM HEURISTICS: Extracting data via JSΓÇª
    ≡ƒôª COLLECTED: Sale ends in 00:59
   Γ£à PASSED  ΓåÆ {t} = 'Sale ends in 00:59'

≡ƒº¼ 29
   ≡ƒÉ╛ Step : Click 'Read Terms'
    ΓÜÖ∩╕Å  DOM HEURISTICS: High confidence match (score 103689)
   Γ£à PASSED  ΓåÆ 'x29'

≡ƒº¼ 30
   ≡ƒÉ╛ Step : Click 'Close Upsell'
    ΓÜÖ∩╕Å  DOM HEURISTICS: High confidence match (score 103689)
   Γ£à PASSED  ΓåÆ 'x30'

≡ƒº¼ 31
   ≡ƒÉ╛ Step : Click 'Close Ad'
    ΓÜÖ∩╕Å  DOM HEURISTICS: High confidence match (score 103556)
   Γ£à PASSED  ΓåÆ 'x31'

≡ƒº¼ 32
   ≡ƒÉ╛ Step : Click 'free iPad'
    ΓÜÖ∩╕Å  DOM HEURISTICS: High confidence match (score 4667)
   Γ£à PASSED  ΓåÆ 'x32'

≡ƒº¼ 33
   ≡ƒÉ╛ Step : Click 'Chat Support'
    ΓÜÖ∩╕Å  DOM HEURISTICS: High confidence match (score 103778)
   Γ£à PASSED  ΓåÆ 'x33'

≡ƒº¼ 34
   ≡ƒÉ╛ Step : VERIFY 'How can we help?' is present
    ΓÜÖ∩╕Å  DOM HEURISTICS: Scanning for ['how can we help?']
    Γ£à Verified ΓÇö OK
   Γ£à PASSED  ΓåÆ VERIFY returned True

≡ƒº¼ 35
   ≡ƒÉ╛ Step : Fill 'Type message...' with 'Help'
    ΓÜÖ∩╕Å  DOM HEURISTICS: High confidence match (score 163822)
   Γ£à PASSED  ΓåÆ 'x35'

≡ƒº¼ 36
   ≡ƒÉ╛ Step : Click 'Send Message'
    ΓÜÖ∩╕Å  DOM HEURISTICS: High confidence match (score 103778)
   Γ£à PASSED  ΓåÆ 'x36'

≡ƒº¼ 37
   ≡ƒÉ╛ Step : Click 'Minimize Chat'
    ΓÜÖ∩╕Å  DOM HEURISTICS: High confidence match (score 103689)
   Γ£à PASSED  ΓåÆ 'x37'

≡ƒº¼ 38
   ≡ƒÉ╛ Step : Click 'End Chat Session'
    ΓÜÖ∩╕Å  DOM HEURISTICS: High confidence match (score 103867)
   Γ£à PASSED  ΓåÆ 'x38'

≡ƒº¼ 39
   ≡ƒÉ╛ Step : Click 'Sticky Header Menu'
    ΓÜÖ∩╕Å  DOM HEURISTICS: High confidence match (score 103867)
   Γ£à PASSED  ΓåÆ 'x39'

≡ƒº¼ 40
   ≡ƒÉ╛ Step : Fill 'Global Search' with 'Manul'
    ΓÜÖ∩╕Å  DOM HEURISTICS: High confidence match (score 163645)
   Γ£à PASSED  ΓåÆ 'x40'

≡ƒº¼ 41
   ≡ƒÉ╛ Step : Click 'Bold (Ctrl+B)'
    ΓÜÖ∩╕Å  DOM HEURISTICS: High confidence match (score 103778)
   Γ£à PASSED  ΓåÆ 'x41'

≡ƒº¼ 42
   ≡ƒÉ╛ Step : Click 'Italic (Ctrl+I)'
    ΓÜÖ∩╕Å  DOM HEURISTICS: High confidence match (score 103778)
   Γ£à PASSED  ΓåÆ 'x42'

≡ƒº¼ 43
   ≡ƒÉ╛ Step : Click 'Underline'
    ΓÜÖ∩╕Å  DOM HEURISTICS: High confidence match (score 5356)
   Γ£à PASSED  ΓåÆ 'x43'

≡ƒº¼ 44
   ≡ƒÉ╛ Step : Click 'Insert Link'
    ΓÜÖ∩╕Å  DOM HEURISTICS: High confidence match (score 103778)
   Γ£à PASSED  ΓåÆ 'x44'

≡ƒº¼ 45
   ≡ƒÉ╛ Step : Click 'Insert Image'
    ΓÜÖ∩╕Å  DOM HEURISTICS: High confidence match (score 103778)
   Γ£à PASSED  ΓåÆ 'x45'

≡ƒº¼ 46
   ≡ƒÉ╛ Step : Select '14pt' from 'Font Size'
    ΓÜÖ∩╕Å  DOM HEURISTICS: High confidence match (score 179172)
   Γ£à PASSED  ΓåÆ 'x46'

≡ƒº¼ 47
   ≡ƒÉ╛ Step : Click 'View Source (HTML)'
    ΓÜÖ∩╕Å  DOM HEURISTICS: High confidence match (score 103867)
   Γ£à PASSED  ΓåÆ 'x47'

≡ƒº¼ 48
   ≡ƒÉ╛ Step : Fill 'Rich Text Area' with 'Hello'
    ΓÜÖ∩╕Å  DOM HEURISTICS: High confidence match (score 105067)
   Γ£à PASSED  ΓåÆ 'x48'

≡ƒº¼ 49
   ≡ƒÉ╛ Step : Click 'Publish Post'
    ΓÜÖ∩╕Å  DOM HEURISTICS: High confidence match (score 103689)
   Γ£à PASSED  ΓåÆ 'x49'

≡ƒº¼ 50
   ≡ƒÉ╛ Step : Click 'Save as Draft'
    ΓÜÖ∩╕Å  DOM HEURISTICS: High confidence match (score 103689)
   Γ£à PASSED  ΓåÆ 'x50'

≡ƒº¼ 51
   ≡ƒÉ╛ Step : Fill 'Pick a color' with '#00ff00'
    ΓÜÖ∩╕Å  DOM HEURISTICS: High confidence match (score 25111)
   Γ£à PASSED  ΓåÆ 'x51'

≡ƒº¼ 52
   ≡ƒÉ╛ Step : Fill 'Alarm Time' with '08:00'
    ΓÜÖ∩╕Å  DOM HEURISTICS: High confidence match (score 25111)
   Γ£à PASSED  ΓåÆ 'x52'

≡ƒº¼ 53
   ≡ƒÉ╛ Step : Fill 'Expiration Month' with '2026-10'
    ΓÜÖ∩╕Å  DOM HEURISTICS: High confidence match (score 25111)
   Γ£à PASSED  ΓåÆ 'x53'

≡ƒº¼ 54
   ≡ƒÉ╛ Step : Fill 'Intensity' with '8'
    ΓÜÖ∩╕Å  DOM HEURISTICS: Context reuse match (score 14267)
   Γ£à PASSED  ΓåÆ 'x54'

≡ƒº¼ 55
   ≡ƒÉ╛ Step : Fill 'Secret Key' with 'override'
    ΓÜÖ∩╕Å  DOM HEURISTICS: High confidence match (score 5556)
    Γî¿∩╕Å  Typed 'override' ΓåÆ 'Secret Key: -> hidden_key input password'
   Γ£à PASSED  ΓåÆ execute_step succeeded

≡ƒº¼ 56
   ≡ƒÉ╛ Step : Click 'Unlock Key'
    ΓÜÖ∩╕Å  DOM HEURISTICS: High confidence match (score 103689)
   Γ£à PASSED  ΓåÆ 'x56'

≡ƒº¼ 57
   ≡ƒÉ╛ Step : Click 'Avatar Upload'
    ΓÜÖ∩╕Å  DOM HEURISTICS: High confidence match (score 100800)
   Γ£à PASSED  ΓåÆ 'x57'

≡ƒº¼ 58
   ≡ƒÉ╛ Step : Click 'Clear File'
    ΓÜÖ∩╕Å  DOM HEURISTICS: High confidence match (score 103689)
   Γ£à PASSED  ΓåÆ 'x58'

≡ƒº¼ 59
   ≡ƒÉ╛ Step : Fill 'Volume Knob' with '90'
    ΓÜÖ∩╕Å  DOM HEURISTICS: High confidence match (score 164089)
   Γ£à PASSED  ΓåÆ 'x59'

≡ƒº¼ 60
   ≡ƒÉ╛ Step : Click 'Reset Defaults'
    ΓÜÖ∩╕Å  DOM HEURISTICS: High confidence match (score 103689)
   Γ£à PASSED  ΓåÆ 'x60'

≡ƒº¼ 61
   ≡ƒÉ╛ Step : HOVER over 'Hover me'
    ΓÜÖ∩╕Å  DOM HEURISTICS: High confidence match (score 50356)
    ≡ƒÜü  Hovered 'Hover me'
   Γ£à PASSED  ΓåÆ execute_step succeeded

≡ƒº¼ 62
   ≡ƒÉ╛ Step : Click 'Submit' button
    ΓÜÖ∩╕Å  DOM HEURISTICS: High confidence match (score 104578)
   Γ£à PASSED  ΓåÆ 'x62'

≡ƒº¼ 63
   ≡ƒÉ╛ Step : Click 'Click for more info'
    ΓÜÖ∩╕Å  DOM HEURISTICS: High confidence match (score 104045)
   Γ£à PASSED  ΓåÆ 'x63'

≡ƒº¼ 64
   ≡ƒÉ╛ Step : VERIFY that 'Here is the secret info' is NOT present
    ΓÜÖ∩╕Å  DOM HEURISTICS: Scanning for ['here is the secret info'] [MUST BE ABSENT]
    Γ£à Verified ABSENT ΓÇö OK
   Γ£à PASSED  ΓåÆ VERIFY returned True

≡ƒº¼ 65
   ≡ƒÉ╛ Step : Click 'Close Popover'
    ΓÜÖ∩╕Å  DOM HEURISTICS: High confidence match (score 103689)
   Γ£à PASSED  ΓåÆ 'x65'

≡ƒº¼ 66
   ≡ƒÉ╛ Step : Click 'Help' icon
    ΓÜÖ∩╕Å  DOM HEURISTICS: High confidence match (score 53778)
   Γ£à PASSED  ΓåÆ 'x66'

≡ƒº¼ 67
   ≡ƒÉ╛ Step : Fill 'Hover to reveal' with 'Test'
    ΓÜÖ∩╕Å  DOM HEURISTICS: High confidence match (score 163645)
   Γ£à PASSED  ΓåÆ 'x67'

≡ƒº¼ 68
   ≡ƒÉ╛ Step : Click 'Ghost Action'
    ΓÜÖ∩╕Å  DOM HEURISTICS: High confidence match (score 103689)
   Γ£à PASSED  ΓåÆ 'x68'

≡ƒº¼ 69
   ≡ƒÉ╛ Step : VERIFY 'Loading...' is present
    ΓÜÖ∩╕Å  DOM HEURISTICS: Scanning for ['loading...']
    Γ£à Verified ΓÇö OK
   Γ£à PASSED  ΓåÆ VERIFY returned True

≡ƒº¼ 70
   ≡ƒÉ╛ Step : Click 'Load Data'
    ΓÜÖ∩╕Å  DOM HEURISTICS: High confidence match (score 103689)
   Γ£à PASSED  ΓåÆ 'x70'

≡ƒº¼ 71
   ≡ƒÉ╛ Step : Click 'Facebook' icon
    ΓÜÖ∩╕Å  DOM HEURISTICS: High confidence match (score 153734)
   Γ£à PASSED  ΓåÆ 'x71'

≡ƒº¼ 72
   ≡ƒÉ╛ Step : Click 'Twitter' icon
    ΓÜÖ∩╕Å  DOM HEURISTICS: High confidence match (score 153734)
   Γ£à PASSED  ΓåÆ 'x72'

≡ƒº¼ 73
   ≡ƒÉ╛ Step : Click 'LinkedIn' icon
    ΓÜÖ∩╕Å  DOM HEURISTICS: High confidence match (score 153734)
   Γ£à PASSED  ΓåÆ 'x73'

≡ƒº¼ 74
   ≡ƒÉ╛ Step : Click 'Actual Action'
    ΓÜÖ∩╕Å  DOM HEURISTICS: High confidence match (score 103778)
   Γ£à PASSED  ΓåÆ 'x74'

≡ƒº¼ 75
   ≡ƒÉ╛ Step : Click 'Looks clickable'
    ΓÜÖ∩╕Å  DOM HEURISTICS: High confidence match (score 0)
   Γ£à PASSED  ΓåÆ 'x75'

≡ƒº¼ 76
   ≡ƒÉ╛ Step : Click 'Go to Target'
    ΓÜÖ∩╕Å  DOM HEURISTICS: High confidence match (score 103511)
   Γ£à PASSED  ΓåÆ 'x76'

≡ƒº¼ 77
   ≡ƒÉ╛ Step : Fill 'Fake Input' with 'Hacked'
    ΓÜÖ∩╕Å  DOM HEURISTICS: High confidence match (score 163645)
   Γ£à PASSED  ΓåÆ 'x77'

≡ƒº¼ 78
   ≡ƒÉ╛ Step : Click 'Clear Fake Input'
    ΓÜÖ∩╕Å  DOM HEURISTICS: High confidence match (score 103227)
   Γ£à PASSED  ΓåÆ 'x78'

≡ƒº¼ 79
   ≡ƒÉ╛ Step : VERIFY 'Warning' is present
    ΓÜÖ∩╕Å  DOM HEURISTICS: Scanning for ['warning']
    Γ£à Verified ΓÇö OK
   Γ£à PASSED  ΓåÆ VERIFY returned True

≡ƒº¼ 80
   ≡ƒÉ╛ Step : Click 'Dismiss Warning'
    ΓÜÖ∩╕Å  DOM HEURISTICS: High confidence match (score 103689)
   Γ£à PASSED  ΓåÆ 'x80'

≡ƒº¼ 81
   ≡ƒÉ╛ Step : EXTRACT Name into {n}
    ΓÜÖ∩╕Å  DOM HEURISTICS: Extracting data via JSΓÇª
    ≡ƒôª COLLECTED: Manul
   Γ£à PASSED  ΓåÆ {n} = 'Manul'

≡ƒº¼ 82
   ≡ƒÉ╛ Step : EXTRACT Age into {a}
    ΓÜÖ∩╕Å  DOM HEURISTICS: Extracting data via JSΓÇª
    ≡ƒôª COLLECTED: 3 years
   Γ£à PASSED  ΓåÆ {a} = '3 years'

≡ƒº¼ 83
   ≡ƒÉ╛ Step : EXTRACT Job into {j}
    ΓÜÖ∩╕Å  DOM HEURISTICS: Extracting data via JSΓÇª
    ≡ƒôª COLLECTED: QA Automation
   Γ£à PASSED  ΓåÆ {j} = 'QA Automation'

≡ƒº¼ 84
   ≡ƒÉ╛ Step : EXTRACT Status into {s}
    ΓÜÖ∩╕Å  DOM HEURISTICS: Extracting data via JSΓÇª
    ≡ƒôª COLLECTED: Operational
   Γ£à PASSED  ΓåÆ {s} = 'Operational'

≡ƒº¼ 85
   ≡ƒÉ╛ Step : EXTRACT Ping into {p}
    ΓÜÖ∩╕Å  DOM HEURISTICS: Extracting data via JSΓÇª
    ≡ƒôª COLLECTED: 42ms
   Γ£à PASSED  ΓåÆ {p} = '42ms'

≡ƒº¼ 86
   ≡ƒÉ╛ Step : EXTRACT Deep Text into {dt}
    ΓÜÖ∩╕Å  DOM HEURISTICS: Extracting data via JSΓÇª
    ≡ƒôª COLLECTED: Deep Text
   Γ£à PASSED  ΓåÆ {dt} = 'Deep Text'

≡ƒº¼ 87
   ≡ƒÉ╛ Step : Click 'Extract Everything'
    ΓÜÖ∩╕Å  DOM HEURISTICS: High confidence match (score 103689)
   Γ£à PASSED  ΓåÆ 'x87'

≡ƒº¼ 88
   ≡ƒÉ╛ Step : Fill 'Pre-filled data' with 'New Data'
    ΓÜÖ∩╕Å  DOM HEURISTICS: High confidence match (score 114000)
   Γ£à PASSED  ΓåÆ 'x88'

≡ƒº¼ 89
   ≡ƒÉ╛ Step : Fill 'Pre-filled textarea' with 'Empty'
